 Editor

 Timestamp is 5a0732da (Sat Nov 11 12:26:50 2017)

 Preferred load address is 00400000

 Start         Length     Name                   Class
 0001:00000000 0001ee89H .textbss                DATA
 0002:00000000 00005d10H .text$di                CODE
 0002:00005d10 0003c320H .text$mn                CODE
 0002:00042030 000042a0H .text$x                 CODE
 0002:000462d0 00001106H .text$yd                CODE
 0003:00000000 00000104H .CRT$XCA                DATA
 0003:00000104 00000104H .CRT$XCAA               DATA
 0003:00000208 00000104H .CRT$XCL                DATA
 0003:0000030c 0000012cH .CRT$XCU                DATA
 0003:00000438 00000104H .CRT$XCZ                DATA
 0003:0000053c 00000104H .CRT$XIA                DATA
 0003:00000640 00000104H .CRT$XIAA               DATA
 0003:00000744 00000104H .CRT$XIAC               DATA
 0003:00000848 00000104H .CRT$XIZ                DATA
 0003:0000094c 00000104H .CRT$XPA                DATA
 0003:00000a50 00000104H .CRT$XPZ                DATA
 0003:00000b54 00000104H .CRT$XTA                DATA
 0003:00000c58 00000108H .CRT$XTZ                DATA
 0003:00000d60 00005f68H .rdata                  DATA
 0003:00006cc8 0000077cH .rdata$r                DATA
 0003:00007444 000001a8H .rdata$zzzdbg           DATA
 0003:000075ec 00000104H .rtc$IAA                DATA
 0003:000076f0 00000144H .rtc$IMZ                DATA
 0003:00007834 00000104H .rtc$IZZ                DATA
 0003:00007938 00000104H .rtc$TAA                DATA
 0003:00007a3c 00000144H .rtc$TMZ                DATA
 0003:00007b80 00000108H .rtc$TZZ                DATA
 0003:00007c88 00003424H .xdata$x                DATA
 0003:0000b0ac 00000000H .edata                  DATA
 0004:00000000 00000180H .data                   DATA
 0004:00000180 00000448H .data$r                 DATA
 0004:000005c8 00000504H .bss                    DATA
 0005:00000000 000004b4H .idata$5                DATA
 0005:000004b4 00000064H .idata$2                DATA
 0005:00000518 00000014H .idata$3                DATA
 0005:0000052c 000004b4H .idata$4                DATA
 0005:000009e0 00001c5fH .idata$6                DATA
 0006:00000000 00000104H .00cfg                  DATA
 0007:00000000 00000170H .rsrc$01                DATA
 0007:00000170 000002ccH .rsrc$02                DATA

  Address         Publics by Value              Rva+Base       Lib:Object

 0000:00000000       ___enclave_config          00000000     <absolute>
 0000:00000000       ___guard_longjmp_table     00000000     <absolute>
 0000:00000000       ___guard_fids_count        00000000     <absolute>
 0000:00000000       ___guard_iat_table         00000000     <absolute>
 0000:00000000       ___guard_longjmp_count     00000000     <absolute>
 0000:00000000       ___guard_iat_count         00000000     <absolute>
 0000:00000000       ___safe_se_handler_table   00000000     <absolute>
 0000:00000000       ___hybrid_code_map         00000000     <absolute>
 0000:00000000       ___safe_se_handler_count   00000000     <absolute>
 0000:00000000       ___hybrid_auxiliary_iat    00000000     <absolute>
 0000:00000000       ___hybrid_code_map_count   00000000     <absolute>
 0000:00000000       ___guard_fids_table        00000000     <absolute>
 0000:00000000       ___dynamic_value_reloc_table 00000000     <absolute>
 0000:00000100       ___guard_flags             00000100     <absolute>
 0000:00000000       ___ImageBase               00400000     <linker-defined>
 0001:00000000       __enc$textbss$begin        00401000     <linker-defined>
 0001:0001ee89       __enc$textbss$end          0041fe89     <linker-defined>
 0002:00005d10       ??$?0$$V@?$_Compressed_pair@V?$allocator@D@std@@V?$_String_val@U?$_Simple_types@D@std@@@2@$00@std@@QAE@U_Zero_then_variadic_args_t@1@@Z 00425d10 f i Editor.obj
 0002:00005d70       ??$?0D@?$allocator@U_Container_proxy@std@@@std@@QAE@ABV?$allocator@D@1@@Z 00425d70 f i Editor.obj
 0002:00005db0       ??$_Convert_size@I@std@@YAII@Z 00425db0 f i Editor.obj
 0002:00005df0       ??$_Deallocate_plain@V?$allocator@U_Container_proxy@std@@@std@@$0A@@std@@YAXAAV?$allocator@U_Container_proxy@std@@@0@QAU_Container_proxy@0@@Z 00425df0 f i Editor.obj
 0002:00005e50       ??$_Max_value@I@std@@YAABIABI0@Z 00425e50 f i Editor.obj
 0002:00005ec0       ??$_Min_value@I@std@@YAABIABI0@Z 00425ec0 f i Editor.obj
 0002:000060c0       ??$_Unfancy@D@std@@YAPADPAD@Z 004260c0 f i Editor.obj
 0002:00006100       ??$_Unfancy@U_Container_proxy@std@@@std@@YAPAU_Container_proxy@0@PAU10@@Z 00426100 f i Editor.obj
 0002:00006140       ??$addressof@PAD@std@@YAPAPADAAPAD@Z 00426140 f i Editor.obj
 0002:00006180       ??$addressof@V?$_String_val@U?$_Simple_types@D@std@@@std@@@std@@YAPAV?$_String_val@U?$_Simple_types@D@std@@@0@AAV10@@Z 00426180 f i Editor.obj
 0002:000061c0       ??$construct@PADABQAD@?$_Default_allocator_traits@V?$allocator@D@std@@@std@@SAXAAV?$allocator@D@1@QAPADABQAD@Z 004261c0 f i Editor.obj
 0002:00006240       ??$construct@U_Container_proxy@std@@U12@@?$_Default_allocator_traits@V?$allocator@U_Container_proxy@std@@@std@@@std@@SAXAAV?$allocator@U_Container_proxy@std@@@1@QAU_Container_proxy@1@$$QAU31@@Z 00426240 f i Editor.obj
 0002:000062c0       ??$destroy@PAD@?$_Default_allocator_traits@V?$allocator@D@std@@@std@@SAXAAV?$allocator@D@1@QAPAD@Z 004262c0 f i Editor.obj
 0002:000062f0       ??$destroy@U_Container_proxy@std@@@?$_Default_allocator_traits@V?$allocator@U_Container_proxy@std@@@std@@@std@@SAXAAV?$allocator@U_Container_proxy@std@@@1@QAU_Container_proxy@1@@Z 004262f0 f i Editor.obj
 0002:00006320       ??$forward@ABQAD@std@@YAABQADABQAD@Z 00426320 f i Editor.obj
 0002:00006360       ??$forward@U_Container_proxy@std@@@std@@YA$$QAU_Container_proxy@0@AAU10@@Z 00426360 f i Editor.obj
 0002:000063a0       ??0?$_String_alloc@U?$_String_base_types@DV?$allocator@D@std@@@std@@@std@@QAE@XZ 004263a0 f i Editor.obj
 0002:00006450       ??0?$_String_val@U?$_Simple_types@D@std@@@std@@QAE@XZ 00426450 f i Editor.obj
 0002:00006510       ??0?$allocator@D@std@@QAE@XZ 00426510 f i Editor.obj
 0002:00006550       ??0?$basic_string@DU?$char_traits@D@std@@V?$allocator@D@2@@std@@QAE@QBD@Z 00426550 f i Editor.obj
 0002:00006610       ??0Editor@@QAE@XZ          00426610 f   Editor.obj
 0002:00006690       ??0_Bxty@?$_String_val@U?$_Simple_types@D@std@@@std@@QAE@XZ 00426690 f i Editor.obj
 0002:000066d0       ??0_Container_base12@std@@QAE@XZ 004266d0 f i Editor.obj
 0002:00006720       ??0_Container_proxy@std@@QAE@XZ 00426720 f i Editor.obj
 0002:00006770       ??1?$_Compressed_pair@V?$allocator@D@std@@V?$_String_val@U?$_Simple_types@D@std@@@2@$00@std@@QAE@XZ 00426770 f i Editor.obj
 0002:000067c0       ??1?$_String_alloc@U?$_String_base_types@DV?$allocator@D@std@@@std@@@std@@QAE@XZ 004267c0 f i Editor.obj
 0002:00006850       ??1?$_String_val@U?$_Simple_types@D@std@@@std@@QAE@XZ 00426850 f i Editor.obj
 0002:000068b0       ??1?$basic_string@DU?$char_traits@D@std@@V?$allocator@D@2@@std@@QAE@XZ 004268b0 f i Editor.obj
 0002:00006940       ??1Editor@@UAE@XZ          00426940 f   Editor.obj
 0002:000069e0       ??1_Bxty@?$_String_val@U?$_Simple_types@D@std@@@std@@QAE@XZ 004269e0 f i Editor.obj
 0002:00006a20       ??1_Container_base12@std@@QAE@XZ 00426a20 f i Editor.obj
 0002:00006a70       ??2@YAPAXIPAX@Z            00426a70 f i Editor.obj
 0002:00006b40       ??_GEditor@@UAEPAXI@Z      00426b40 f i Editor.obj
 0002:00006b40       ??_EEditor@@UAEPAXI@Z      00426b40 f i Editor.obj
 0002:00006bd0       ??_GGrid@@QAEPAXI@Z        00426bd0 f i Editor.obj
 0002:00006c60       ??_GGridVisualizer@@QAEPAXI@Z 00426c60 f i Editor.obj
 0002:00006cf0       ?_Alloc_proxy@?$_String_alloc@U?$_String_base_types@DV?$allocator@D@std@@@std@@@std@@QAEXXZ 00426cf0 f i Editor.obj
 0002:00006e10       ?_Allocate@std@@YAPAXII_N@Z 00426e10 f i Editor.obj
 0002:00007060       ?_Calculate_growth@?$basic_string@DU?$char_traits@D@std@@V?$allocator@D@2@@std@@QBEII@Z 00427060 f i Editor.obj
 0002:00007170       ?_Deallocate@std@@YAXPAXII@Z 00427170 f i Editor.obj
 0002:000072b0       ?_Free_proxy@?$_String_alloc@U?$_String_base_types@DV?$allocator@D@std@@@std@@@std@@QAEXXZ 004272b0 f i Editor.obj
 0002:000073b0       ?_Get_data@?$_String_alloc@U?$_String_base_types@DV?$allocator@D@std@@@std@@@std@@QAEAAV?$_String_val@U?$_Simple_types@D@std@@@2@XZ 004273b0 f i Editor.obj
 0002:00007400       ?_Get_data@?$_String_alloc@U?$_String_base_types@DV?$allocator@D@std@@@std@@@std@@QBEABV?$_String_val@U?$_Simple_types@D@std@@@2@XZ 00427400 f i Editor.obj
 0002:00007450       ?_Get_first@?$_Compressed_pair@V?$allocator@D@std@@V?$_String_val@U?$_Simple_types@D@std@@@2@$00@std@@QAEAAV?$allocator@D@2@XZ 00427450 f i Editor.obj
 0002:00007490       ?_Get_first@?$_Compressed_pair@V?$allocator@D@std@@V?$_String_val@U?$_Simple_types@D@std@@@2@$00@std@@QBEABV?$allocator@D@2@XZ 00427490 f i Editor.obj
 0002:000074d0       ?_Get_second@?$_Compressed_pair@V?$allocator@D@std@@V?$_String_val@U?$_Simple_types@D@std@@@2@$00@std@@QAEAAV?$_String_val@U?$_Simple_types@D@std@@@2@XZ 004274d0 f i Editor.obj
 0002:00007510       ?_Get_second@?$_Compressed_pair@V?$allocator@D@std@@V?$_String_val@U?$_Simple_types@D@std@@@2@$00@std@@QBEABV?$_String_val@U?$_Simple_types@D@std@@@2@XZ 00427510 f i Editor.obj
 0002:00007550       ?_Getal@?$_String_alloc@U?$_String_base_types@DV?$allocator@D@std@@@std@@@std@@QAEAAV?$allocator@D@2@XZ 00427550 f i Editor.obj
 0002:000075a0       ?_Getal@?$_String_alloc@U?$_String_base_types@DV?$allocator@D@std@@@std@@@std@@QBEABV?$allocator@D@2@XZ 004275a0 f i Editor.obj
 0002:000075f0       ?_Large_string_engaged@?$_String_val@U?$_Simple_types@D@std@@@std@@QBE_NXZ 004275f0 f i Editor.obj
 0002:00007660       ?_Myproxy@?$_String_alloc@U?$_String_base_types@DV?$allocator@D@std@@@std@@@std@@QAEAAPAU_Container_proxy@2@XZ 00427660 f i Editor.obj
 0002:000076b0       ?_Myptr@?$_String_val@U?$_Simple_types@D@std@@@std@@QAEPADXZ 004276b0 f i Editor.obj
 0002:00007730       ?_Orphan_all@?$_String_alloc@U?$_String_base_types@DV?$allocator@D@std@@@std@@@std@@QAEXXZ 00427730 f i Editor.obj
 0002:00007790       ?_Orphan_all@_Container_base12@std@@QAEXXZ 00427790 f i Editor.obj
 0002:000078d0       ?_Tidy_deallocate@?$basic_string@DU?$char_traits@D@std@@V?$allocator@D@2@@std@@QAEXXZ 004278d0 f i Editor.obj
 0002:000079e0       ?_Tidy_init@?$basic_string@DU?$char_traits@D@std@@V?$allocator@D@2@@std@@QAEXXZ 004279e0 f i Editor.obj
 0002:00007a80       ?_Xlen@?$basic_string@DU?$char_traits@D@std@@V?$allocator@D@2@@std@@SAXXZ 00427a80 f i Editor.obj
 0002:00007ad0       ?__empty_global_delete@@YAXPAX@Z 00427ad0 f i Editor.obj
 0002:00007b00       ?__global_delete@@YAXPAXI@Z 00427b00 f i Editor.obj
 0002:00007b00       ?__empty_global_delete@@YAXPAXI@Z 00427b00 f i Editor.obj
 0002:00007b30       ?allocate@?$allocator@D@std@@QAEPADI@Z 00427b30 f i Editor.obj
 0002:00007b90       ?allocate@?$allocator@U_Container_proxy@std@@@std@@QAEPAU_Container_proxy@2@I@Z 00427b90 f i Editor.obj
 0002:00007bf0       ?assign@?$basic_string@DU?$char_traits@D@std@@V?$allocator@D@2@@std@@QAEAAV12@QBD@Z 00427bf0 f i Editor.obj
 0002:00007c70       ?assign@?$basic_string@DU?$char_traits@D@std@@V?$allocator@D@2@@std@@QAEAAV12@QBDI@Z 00427c70 f i Editor.obj
 0002:00007d60       ?assign@?$char_traits@D@std@@SAXAADABD@Z 00427d60 f i Editor.obj
 0002:00007da0       ?beginLoop@Editor@@UAEXXZ  00427da0 f   Editor.obj
 0002:00007df0       ?cleanup@Editor@@UAEXXZ    00427df0 f   Editor.obj
 0002:00007ef0       ?copy@?$char_traits@D@std@@SAPADQADQBDI@Z 00427ef0 f i Editor.obj
 0002:00007f50       ?deallocate@?$_Default_allocator_traits@V?$allocator@U_Container_proxy@std@@@std@@@std@@SAXAAV?$allocator@U_Container_proxy@std@@@2@QAU_Container_proxy@2@I@Z 00427f50 f i Editor.obj
 0002:00007fb0       ?deallocate@?$allocator@D@std@@QAEXQADI@Z 00427fb0 f i Editor.obj
 0002:00008010       ?endLoop@Editor@@UAE_NXZ   00428010 f   Editor.obj
 0002:00008060       ?getBackBuffer@GraphicsSystem@@QAEPAVGraphicsBuffer@@XZ 00428060 f i Editor.obj
 0002:000080a0       ?getHeight@GraphicsBuffer@@QBEHXZ 004280a0 f i Editor.obj
 0002:00008110       ?getHeight@GraphicsSystem@@QBEHXZ 00428110 f i Editor.obj
 0002:00008150       ?getWidth@GraphicsBuffer@@QBEHXZ 00428150 f i Editor.obj
 0002:000081c0       ?getWidth@GraphicsSystem@@QBEHXZ 004281c0 f i Editor.obj
 0002:00008200       ?init@Editor@@UAE_NXZ      00428200 f   Editor.obj
 0002:000084a0       ?length@?$char_traits@D@std@@SAIQBD@Z 004284a0 f i Editor.obj
 0002:000084f0       ?loadGrid@Editor@@QAEXAAV?$basic_ifstream@DU?$char_traits@D@std@@@std@@@Z 004284f0 f   Editor.obj
 0002:00008550       ?max@?$numeric_limits@H@std@@SAHXZ 00428550 f i Editor.obj
 0002:00008590       ?max_size@?$_Default_allocator_traits@V?$allocator@D@std@@@std@@SAIABV?$allocator@D@2@@Z 00428590 f i Editor.obj
 0002:000085d0       ?max_size@?$basic_string@DU?$char_traits@D@std@@V?$allocator@D@2@@std@@QBEIXZ 004285d0 f i Editor.obj
 0002:000086e0       ?move@?$char_traits@D@std@@SAPADQADQBDI@Z 004286e0 f i Editor.obj
 0002:00008740       ?processLoop@Editor@@UAEXXZ 00428740 f   Editor.obj
 0002:000088c0       ?saveGrid@Editor@@QAEXAAV?$basic_ofstream@DU?$char_traits@D@std@@@std@@@Z 004288c0 f   Editor.obj
 0002:00008920       ?setModified@GridVisualizer@@QAEXXZ 00428920 f i Editor.obj
 0002:00008960       ??$?6U?$char_traits@D@std@@@std@@YAAAV?$basic_ostream@DU?$char_traits@D@std@@@0@AAV10@PBD@Z 00428960 f i main.obj
 0002:00008f20       ??$_Fgetc@D@std@@YA_NAADPAU_iobuf@@@Z 00428f20 f i main.obj
 0002:00008fa0       ??$_Fputc@D@std@@YA_NDPAU_iobuf@@@Z 00428fa0 f i main.obj
 0002:00009540       ??$_Refancy@PAD$0A@@std@@YAPADPAD@Z 00429540 f i main.obj
 0002:00009580       ??$_Unfancy@$$CBD@std@@YAPBDPBD@Z 00429580 f i main.obj
 0002:000095c0       ??$_Ungetc@D@std@@YA_NABDPAU_iobuf@@@Z 004295c0 f i main.obj
 0002:00009650       ??$use_facet@V?$codecvt@DDU_Mbstatet@@@std@@@std@@YAABV?$codecvt@DDU_Mbstatet@@@0@ABVlocale@0@@Z 00429650 f i main.obj
 0002:00009850       ??0?$_String_const_iterator@V?$_String_val@U?$_Simple_types@D@std@@@std@@@std@@QAE@PBDPBU_Container_base12@1@@Z 00429850 f i main.obj
 0002:000098c0       ??0?$_String_iterator@V?$_String_val@U?$_Simple_types@D@std@@@std@@@std@@QAE@PADPBU_Container_base12@1@@Z 004298c0 f i main.obj
 0002:00009920       ??0?$basic_filebuf@DU?$char_traits@D@std@@@std@@QAE@PAU_iobuf@@@Z 00429920 f i main.obj
 0002:000099f0       ??0?$basic_ifstream@DU?$char_traits@D@std@@@std@@QAE@ABV?$basic_string@DU?$char_traits@D@std@@V?$allocator@D@2@@1@HH@Z 004299f0 f i main.obj
 0002:00009aa0       ??0?$basic_ifstream@DU?$char_traits@D@std@@@std@@QAE@PBDHH@Z 00429aa0 f i main.obj
 0002:00009c50       ??0?$basic_ofstream@DU?$char_traits@D@std@@@std@@QAE@ABV?$basic_string@DU?$char_traits@D@std@@V?$allocator@D@2@@1@HH@Z 00429c50 f i main.obj
 0002:00009d00       ??0?$basic_ofstream@DU?$char_traits@D@std@@@std@@QAE@PBDHH@Z 00429d00 f i main.obj
 0002:00009eb0       ??0?$basic_string@DU?$char_traits@D@std@@V?$allocator@D@2@@std@@QAE@ID@Z 00429eb0 f i main.obj
 0002:00009f70       ??0?$basic_string@DU?$char_traits@D@std@@V?$allocator@D@2@@std@@QAE@XZ 00429f70 f i main.obj
 0002:0000a010       ??0?$fpos@U_Mbstatet@@@std@@QAE@U_Mbstatet@@_J@Z 0042a010 f i main.obj
 0002:0000a090       ??0?$fpos@U_Mbstatet@@@std@@QAE@_J@Z 0042a090 f i main.obj
 0002:0000a110       ??0_Iterator_base12@std@@QAE@XZ 0042a110 f i main.obj
 0002:0000a160       ??0_Sentry_base@?$basic_ostream@DU?$char_traits@D@std@@@std@@QAE@AAV12@@Z 0042a160 f i main.obj
 0002:0000a250       ??0bad_cast@std@@QAE@ABV01@@Z 0042a250 f i main.obj
 0002:0000a2c0       ??0bad_cast@std@@QAE@XZ    0042a2c0 f i main.obj
 0002:0000a330       ??0exception@std@@QAE@ABV01@@Z 0042a330 f i main.obj
 0002:0000a3c0       ??0exception@std@@QAE@QBDH@Z 0042a3c0 f i main.obj
 0002:0000a430       ??0sentry@?$basic_ostream@DU?$char_traits@D@std@@@std@@QAE@AAV12@@Z 0042a430 f i main.obj
 0002:0000a5b0       ??1?$_String_const_iterator@V?$_String_val@U?$_Simple_types@D@std@@@std@@@std@@QAE@XZ 0042a5b0 f i main.obj
 0002:0000a600       ??1?$_String_iterator@V?$_String_val@U?$_Simple_types@D@std@@@std@@@std@@QAE@XZ 0042a600 f i main.obj
 0002:0000a650       ??1?$basic_filebuf@DU?$char_traits@D@std@@@std@@UAE@XZ 0042a650 f i main.obj
 0002:0000a720       ??1?$basic_ifstream@DU?$char_traits@D@std@@@std@@UAE@XZ 0042a720 f i main.obj
 0002:0000a7d0       ??1?$basic_ofstream@DU?$char_traits@D@std@@@std@@UAE@XZ 0042a7d0 f i main.obj
 0002:0000a880       ??1_Iterator_base12@std@@QAE@XZ 0042a880 f i main.obj
 0002:0000a970       ??1_Sentry_base@?$basic_ostream@DU?$char_traits@D@std@@@std@@QAE@XZ 0042a970 f i main.obj
 0002:0000aa90       ??1bad_cast@std@@UAE@XZ    0042aa90 f i main.obj
 0002:0000aae0       ??1exception@std@@UAE@XZ   0042aae0 f i main.obj
 0002:0000ab50       ??1locale@std@@QAE@XZ      0042ab50 f i main.obj
 0002:0000ac60       ??1sentry@?$basic_ostream@DU?$char_traits@D@std@@@std@@QAE@XZ 0042ac60 f i main.obj
 0002:0000ad10       ??B?$fpos@U_Mbstatet@@@std@@QBE_JXZ 0042ad10 f i main.obj
 0002:0000ad60       ??Bsentry@?$basic_ostream@DU?$char_traits@D@std@@@std@@QBE_NXZ 0042ad60 f i main.obj
 0002:0000ada0       ??D?$_String_const_iterator@V?$_String_val@U?$_Simple_types@D@std@@@std@@@std@@QBEABDXZ 0042ada0 f i main.obj
 0002:0000af40       ??D?$_String_iterator@V?$_String_val@U?$_Simple_types@D@std@@@std@@@std@@QBEAADXZ 0042af40 f i main.obj
 0002:0000b160       ??_D?$basic_ifstream@DU?$char_traits@D@std@@@std@@QAEXXZ 0042b160 f i main.obj
 0002:0000b1d0       ??_D?$basic_ofstream@DU?$char_traits@D@std@@@std@@QAEXXZ 0042b1d0 f i main.obj
 0002:0000b23c       ??_E?$basic_ifstream@DU?$char_traits@D@std@@@std@@$4PPPPPPPM@A@AEPAXI@Z 0042b23c f i main.obj
 0002:0000b246       ??_E?$basic_ofstream@DU?$char_traits@D@std@@@std@@$4PPPPPPPM@A@AEPAXI@Z 0042b246 f i main.obj
 0002:0000b250       ??_G?$basic_filebuf@DU?$char_traits@D@std@@@std@@UAEPAXI@Z 0042b250 f i main.obj
 0002:0000b250       ??_E?$basic_filebuf@DU?$char_traits@D@std@@@std@@UAEPAXI@Z 0042b250 f i main.obj
 0002:0000b2c0       ??_E?$basic_ifstream@DU?$char_traits@D@std@@@std@@UAEPAXI@Z 0042b2c0 f i main.obj
 0002:0000b2c0       ??_G?$basic_ifstream@DU?$char_traits@D@std@@@std@@UAEPAXI@Z 0042b2c0 f i main.obj
 0002:0000b340       ??_G?$basic_ofstream@DU?$char_traits@D@std@@@std@@UAEPAXI@Z 0042b340 f i main.obj
 0002:0000b340       ??_E?$basic_ofstream@DU?$char_traits@D@std@@@std@@UAEPAXI@Z 0042b340 f i main.obj
 0002:0000b3c0       ??_Gbad_cast@std@@UAEPAXI@Z 0042b3c0 f i main.obj
 0002:0000b3c0       ??_Ebad_cast@std@@UAEPAXI@Z 0042b3c0 f i main.obj
 0002:0000b430       ??_Gexception@std@@UAEPAXI@Z 0042b430 f i main.obj
 0002:0000b430       ??_Eexception@std@@UAEPAXI@Z 0042b430 f i main.obj
 0002:0000b4a0       ?_Adopt@_Iterator_base12@std@@QAEXPBU_Container_base12@2@@Z 0042b4a0 f i main.obj
 0002:0000b630       ?_Check_offset@?$_String_val@U?$_Simple_types@D@std@@@std@@QBEXI@Z 0042b630 f i main.obj
 0002:0000b690       ?_Clamp_suffix_size@?$_String_val@U?$_Simple_types@D@std@@@std@@QBEIII@Z 0042b690 f i main.obj
 0002:0000b710       ?_Endwrite@?$basic_filebuf@DU?$char_traits@D@std@@@std@@IAE_NXZ 0042b710 f i main.obj
 0002:0000bbf0       ?_Getcont@_Iterator_base12@std@@QBEPBU_Container_base12@2@XZ 0042bbf0 f i main.obj
 0002:0000bc60       ?_Getfacet@locale@std@@QBEPBVfacet@12@I@Z 0042bc60 f i main.obj
 0002:0000bd60       ?_Init@?$basic_filebuf@DU?$char_traits@D@std@@@std@@IAEXPAU_iobuf@@W4_Initfl@12@@Z 0042bd60 f i main.obj
 0002:0000bf20       ?_Initcvt@?$basic_filebuf@DU?$char_traits@D@std@@@std@@IAEXPBV?$codecvt@DDU_Mbstatet@@@2@@Z 0042bf20 f i main.obj
 0002:0000bfc0       ?_Lock@?$basic_filebuf@DU?$char_traits@D@std@@@std@@UAEXXZ 0042bfc0 f i main.obj
 0002:0000c030       ?_Myptr@?$_String_val@U?$_Simple_types@D@std@@@std@@QBEPBDXZ 0042c030 f i main.obj
 0002:0000c0b0       ?_Orphan_me@_Iterator_base12@std@@QAEXXZ 0042c0b0 f i main.obj
 0002:0000c1e0       ?_Reset_back@?$basic_filebuf@DU?$char_traits@D@std@@@std@@AAEXXZ 0042c1e0 f i main.obj
 0002:0000c280       ?_Set_back@?$basic_filebuf@DU?$char_traits@D@std@@@std@@AAEXXZ 0042c280 f i main.obj
 0002:0000c360       ?_Unlock@?$basic_filebuf@DU?$char_traits@D@std@@@std@@UAEXXZ 0042c360 f i main.obj
 0002:0000c3d0       ?_Xran@?$_String_val@U?$_Simple_types@D@std@@@std@@SAXXZ 0042c3d0 f i main.obj
 0002:0000c420       ?append@?$basic_string@DU?$char_traits@D@std@@V?$allocator@D@2@@std@@QAEAAV12@ID@Z 0042c420 f i main.obj
 0002:0000c530       ?assign@?$basic_string@DU?$char_traits@D@std@@V?$allocator@D@2@@std@@QAEAAV12@ID@Z 0042c530 f i main.obj
 0002:0000c620       ?assign@?$char_traits@D@std@@SAPADQADID@Z 0042c620 f i main.obj
 0002:0000c680       ?begin@?$basic_string@DU?$char_traits@D@std@@V?$allocator@D@2@@std@@QAE?AV?$_String_iterator@V?$_String_val@U?$_Simple_types@D@std@@@std@@@2@XZ 0042c680 f i main.obj
 0002:0000c740       ?c_str@?$basic_string@DU?$char_traits@D@std@@V?$allocator@D@2@@std@@QBEPBDXZ 0042c740 f i main.obj
 0002:0000c7d0       ?close@?$basic_filebuf@DU?$char_traits@D@std@@@std@@QAEPAV12@XZ 0042c7d0 f i main.obj
 0002:0000c890       ?close@?$basic_ifstream@DU?$char_traits@D@std@@@std@@QAEXXZ 0042c890 f i main.obj
 0002:0000c910       ?close@?$basic_ofstream@DU?$char_traits@D@std@@@std@@QAEXXZ 0042c910 f i main.obj
 0002:0000c990       ?eof@?$char_traits@D@std@@SAHXZ 0042c990 f i main.obj
 0002:0000c9d0       ?eq_int_type@?$char_traits@D@std@@SA_NABH0@Z 0042c9d0 f i main.obj
 0002:0000ca30       ?erase@?$basic_string@DU?$char_traits@D@std@@V?$allocator@D@2@@std@@QAEAAV12@II@Z 0042ca30 f i main.obj
 0002:0000cb10       ?getGridVisualizer@Editor@@QAEPAVGridVisualizer@@XZ 0042cb10 f i main.obj
 0002:0000cb50       ?imbue@?$basic_filebuf@DU?$char_traits@D@std@@@std@@MAEXABVlocale@2@@Z 0042cb50 f i main.obj
 0002:0000cbc0       ?markForExit@Game@@QAEXXZ  0042cbc0 f i main.obj
 0002:0000cc00       ?not_eof@?$char_traits@D@std@@SAHABH@Z 0042cc00 f i main.obj
 0002:0000cca0       ?open@?$basic_filebuf@DU?$char_traits@D@std@@@std@@QAEPAV12@PBDHH@Z 0042cca0 f i main.obj
 0002:0000cde0       ?overflow@?$basic_filebuf@DU?$char_traits@D@std@@@std@@MAEHH@Z 0042cde0 f i main.obj
 0002:0000d470       ?pbackfail@?$basic_filebuf@DU?$char_traits@D@std@@@std@@MAEHH@Z 0042d470 f i main.obj
 0002:0000d6c0       ?seekoff@?$basic_filebuf@DU?$char_traits@D@std@@@std@@MAE?AV?$fpos@U_Mbstatet@@@2@_JHH@Z 0042d6c0 f i main.obj
 0002:0000d870       ?seekpos@?$basic_filebuf@DU?$char_traits@D@std@@@std@@MAE?AV?$fpos@U_Mbstatet@@@2@V32@H@Z 0042d870 f i main.obj
 0002:0000da50       ?seekpos@?$fpos@U_Mbstatet@@@std@@QBE_JXZ 0042da50 f i main.obj
 0002:0000da90       ?setbuf@?$basic_filebuf@DU?$char_traits@D@std@@@std@@MAEPAV?$basic_streambuf@DU?$char_traits@D@std@@@2@PAD_J@Z 0042da90 f i main.obj
 0002:0000db70       ?size@?$basic_string@DU?$char_traits@D@std@@V?$allocator@D@2@@std@@QBEIXZ 0042db70 f i main.obj
 0002:0000dbd0       ?state@?$fpos@U_Mbstatet@@@std@@QBE?AU_Mbstatet@@XZ 0042dbd0 f i main.obj
 0002:0000dc20       ?sync@?$basic_filebuf@DU?$char_traits@D@std@@@std@@MAEHXZ 0042dc20 f i main.obj
 0002:0000dd20       ?to_char_type@?$char_traits@D@std@@SADABH@Z 0042dd20 f i main.obj
 0002:0000dd60       ?to_int_type@?$char_traits@D@std@@SAHABD@Z 0042dd60 f i main.obj
 0002:0000dda0       ?uflow@?$basic_filebuf@DU?$char_traits@D@std@@@std@@MAEHXZ 0042dda0 f i main.obj
 0002:0000e3c0       ?underflow@?$basic_filebuf@DU?$char_traits@D@std@@@std@@MAEHXZ 0042e3c0 f i main.obj
 0002:0000e530       ?what@exception@std@@UBEPBDXZ 0042e530 f i main.obj
 0002:0000e5a0       _main                      0042e5a0 f   main.obj
 0002:0000ecb0       ??$__vcrt_va_start_verify_argument_type@QBD@@YAXXZ 0042ecb0 f i CommonPathfindingLib:Game.obj
 0002:0000ece0       ??0Game@@QAE@XZ            0042ece0 f   CommonPathfindingLib:Game.obj
 0002:0000ed90       ??1Game@@UAE@XZ            0042ed90 f   CommonPathfindingLib:Game.obj
 0002:0000ee20       ??_EGame@@UAEPAXI@Z        0042ee20 f i CommonPathfindingLib:Game.obj
 0002:0000ee20       ??_GGame@@UAEPAXI@Z        0042ee20 f i CommonPathfindingLib:Game.obj
 0002:0000eeb0       ??_GGraphicsBufferManager@@QAEPAXI@Z 0042eeb0 f i CommonPathfindingLib:Game.obj
 0002:0000ef40       ??_GGraphicsSystem@@QAEPAXI@Z 0042ef40 f i CommonPathfindingLib:Game.obj
 0002:0000efd0       ??_GSpriteManager@@QAEPAXI@Z 0042efd0 f i CommonPathfindingLib:Game.obj
 0002:0000f060       ??_GTimer@@QAEPAXI@Z       0042f060 f i CommonPathfindingLib:Game.obj
 0002:0000f0f0       ?beginLoop@Game@@UAEXXZ    0042f0f0 f   CommonPathfindingLib:Game.obj
 0002:0000f1a0       ?cleanup@Game@@UAEXXZ      0042f1a0 f   CommonPathfindingLib:Game.obj
 0002:0000f470       ?endLoop@Game@@UAE_NXZ     0042f470 f   CommonPathfindingLib:Game.obj
 0002:0000f4e0       ?genRandomBinomial@@YAMXZ  0042f4e0 f   CommonPathfindingLib:Game.obj
 0002:0000f580       ?genRandomFloat@@YAMXZ     0042f580 f   CommonPathfindingLib:Game.obj
 0002:0000f5f0       ?init@Game@@UAE_NXZ        0042f5f0 f   CommonPathfindingLib:Game.obj
 0002:0000fc00       ?lerp@@YAMHHH@Z            0042fc00 f   CommonPathfindingLib:Game.obj
 0002:0000fcc0       ?mapRotationToRange@@YAMMMM@Z 0042fcc0 f   CommonPathfindingLib:Game.obj
 0002:0000fd70       ?processLoop@Game@@UAEXXZ  0042fd70 f   CommonPathfindingLib:Game.obj
 0002:0000fdd0       ___local_stdio_printf_options 0042fdd0 f i CommonPathfindingLib:Game.obj
 0002:0000fe10       __vfprintf_l               0042fe10 f i CommonPathfindingLib:Game.obj
 0002:0000fe90       _fprintf                   0042fe90 f i CommonPathfindingLib:Game.obj
 0002:0000ff10       _printf                    0042ff10 f i CommonPathfindingLib:Game.obj
 0002:00010000       ??$?0$$V@?$_Compressed_pair@V?$allocator@U?$_Tree_node@U?$pair@$$CBHPAVGraphicsBuffer@@@std@@PAX@std@@@std@@V?$_Tree_val@U?$_Tree_simple_types@U?$pair@$$CBHPAVGraphicsBuffer@@@std@@@std@@@2@$00@std@@QAE@U_Zero_then_variadic_args_t@1@@Z 00430000 f i CommonPathfindingLib:GraphicsBufferManager.obj
 0002:00010060       ??$?0$$V@?$_Compressed_pair@V?$allocator@U?$_Tree_node@U?$pair@$$CBV?$basic_string@DU?$char_traits@D@std@@V?$allocator@D@2@@std@@H@std@@PAX@std@@@std@@V?$_Tree_val@U?$_Tree_simple_types@U?$pair@$$CBV?$basic_string@DU?$char_traits@D@std@@V?$allocator@D@2@@std@@H@std@@@std@@@2@$00@std@@QAE@U_Zero_then_variadic_args_t@1@@Z 00430060 f i CommonPathfindingLib:GraphicsBufferManager.obj
 0002:000100c0       ??$?0AAV?$_Tree_iterator@V?$_Tree_val@U?$_Tree_simple_types@U?$pair@$$CBHPAVGraphicsBuffer@@@std@@@std@@@std@@@std@@_NX$0A@@?$pair@V?$_Tree_iterator@V?$_Tree_val@U?$_Tree_simple_types@U?$pair@$$CBHPAVGraphicsBuffer@@@std@@@std@@@std@@@std@@_N@std@@QAE@AAV?$_Tree_iterator@V?$_Tree_val@U?$_Tree_simple_types@U?$pair@$$CBHPAVGraphicsBuffer@@@std@@@std@@@std@@@1@$$QA_N@Z 004300c0 f i CommonPathfindingLib:GraphicsBufferManager.obj
 0002:00010140       ??$?0AAV?$_Tree_iterator@V?$_Tree_val@U?$_Tree_simple_types@U?$pair@$$CBV?$basic_string@DU?$char_traits@D@std@@V?$allocator@D@2@@std@@H@std@@@std@@@std@@@std@@_NX$0A@@?$pair@V?$_Tree_iterator@V?$_Tree_val@U?$_Tree_simple_types@U?$pair@$$CBV?$basic_string@DU?$char_traits@D@std@@V?$allocator@D@2@@std@@H@std@@@std@@@std@@@std@@_N@std@@QAE@AAV?$_Tree_iterator@V?$_Tree_val@U?$_Tree_simple_types@U?$pair@$$CBV?$basic_string@DU?$char_traits@D@std@@V?$allocator@D@2@@std@@H@std@@@std@@@std@@@1@$$QA_N@Z 00430140 f i CommonPathfindingLib:GraphicsBufferManager.obj
 0002:000101c0       ??$?0ABH$$Z$$V@?$pair@$$CBHPAVGraphicsBuffer@@@std@@QAE@Upiecewise_construct_t@1@V?$tuple@ABH@1@V?$tuple@$$V@1@@Z 004301c0 f i CommonPathfindingLib:GraphicsBufferManager.obj
 0002:00010240       ??$?0ABH$0A@@?$tuple@ABH@std@@QAE@ABH@Z 00430240 f i CommonPathfindingLib:GraphicsBufferManager.obj
 0002:000102b0       ??$?0ABH@?$_Tuple_val@ABH@std@@QAE@ABH@Z 004302b0 f i CommonPathfindingLib:GraphicsBufferManager.obj
 0002:00010310       ??$?0ABU?$less@H@std@@U_Zero_then_variadic_args_t@1@@?$_Compressed_pair@U?$less@H@std@@V?$_Compressed_pair@V?$allocator@U?$_Tree_node@U?$pair@$$CBHPAVGraphicsBuffer@@@std@@PAX@std@@@std@@V?$_Tree_val@U?$_Tree_simple_types@U?$pair@$$CBHPAVGraphicsBuffer@@@std@@@std@@@2@$00@2@$00@std@@QAE@U_One_then_variadic_args_t@1@ABU?$less@H@1@$$QAU_Zero_then_variadic_args_t@1@@Z 00430310 f i CommonPathfindingLib:GraphicsBufferManager.obj
 0002:00010390       ??$?0ABU?$less@V?$basic_string@DU?$char_traits@D@std@@V?$allocator@D@2@@std@@@std@@U_Zero_then_variadic_args_t@1@@?$_Compressed_pair@U?$less@V?$basic_string@DU?$char_traits@D@std@@V?$allocator@D@2@@std@@@std@@V?$_Compressed_pair@V?$allocator@U?$_Tree_node@U?$pair@$$CBV?$basic_string@DU?$char_traits@D@std@@V?$allocator@D@2@@std@@H@std@@PAX@std@@@std@@V?$_Tree_val@U?$_Tree_simple_types@U?$pair@$$CBV?$basic_string@DU?$char_traits@D@std@@V?$allocator@D@2@@std@@H@std@@@std@@@2@$00@2@$00@std@@QAE@U_One_then_variadic_args_t@1@ABU?$less@V?$basic_string@DU?$char_traits@D@std@@V?$allocator@D@2@@std@@@1@$$QAU_Zero_then_variadic_args_t@1@@Z 00430390 f i CommonPathfindingLib:GraphicsBufferManager.obj
 0002:00010410       ??$?0ABV?$basic_string@DU?$char_traits@D@std@@V?$allocator@D@2@@std@@$$Z$$V@?$pair@$$CBV?$basic_string@DU?$char_traits@D@std@@V?$allocator@D@2@@std@@H@std@@QAE@Upiecewise_construct_t@1@V?$tuple@ABV?$basic_string@DU?$char_traits@D@std@@V?$allocator@D@2@@std@@@1@V?$tuple@$$V@1@@Z 00430410 f i CommonPathfindingLib:GraphicsBufferManager.obj
 0002:00010490       ??$?0ABV?$basic_string@DU?$char_traits@D@std@@V?$allocator@D@2@@std@@$0A@@?$tuple@ABV?$basic_string@DU?$char_traits@D@std@@V?$allocator@D@2@@std@@@std@@QAE@ABV?$basic_string@DU?$char_traits@D@std@@V?$allocator@D@2@@1@@Z 00430490 f i CommonPathfindingLib:GraphicsBufferManager.obj
 0002:00010500       ??$?0ABV?$basic_string@DU?$char_traits@D@std@@V?$allocator@D@2@@std@@@?$_Tuple_val@ABV?$basic_string@DU?$char_traits@D@std@@V?$allocator@D@2@@std@@@std@@QAE@ABV?$basic_string@DU?$char_traits@D@std@@V?$allocator@D@2@@1@@Z 00430500 f i CommonPathfindingLib:GraphicsBufferManager.obj
 0002:00010560       ??$?0U?$_Tree_node@U?$pair@$$CBHPAVGraphicsBuffer@@@std@@PAX@std@@@?$allocator@U_Container_proxy@std@@@std@@QAE@ABV?$allocator@U?$_Tree_node@U?$pair@$$CBHPAVGraphicsBuffer@@@std@@PAX@std@@@1@@Z 00430560 f i CommonPathfindingLib:GraphicsBufferManager.obj
 0002:000105a0       ??$?0U?$_Tree_node@U?$pair@$$CBV?$basic_string@DU?$char_traits@D@std@@V?$allocator@D@2@@std@@H@std@@PAX@std@@@?$allocator@U_Container_proxy@std@@@std@@QAE@ABV?$allocator@U?$_Tree_node@U?$pair@$$CBV?$basic_string@DU?$char_traits@D@std@@V?$allocator@D@2@@std@@H@std@@PAX@std@@@1@@Z 004305a0 f i CommonPathfindingLib:GraphicsBufferManager.obj
 0002:000105e0       ??$?0U_Exact_args_t@std@@$0A@@?$tuple@$$V@std@@QAE@U_Exact_args_t@1@@Z 004305e0 f i CommonPathfindingLib:GraphicsBufferManager.obj
 0002:00010620       ??$?0U_Exact_args_t@std@@ABH$$V$0A@@?$tuple@ABH@std@@QAE@U_Exact_args_t@1@ABH@Z 00430620 f i CommonPathfindingLib:GraphicsBufferManager.obj
 0002:000106b0       ??$?0U_Exact_args_t@std@@ABV?$basic_string@DU?$char_traits@D@std@@V?$allocator@D@2@@1@$$V$0A@@?$tuple@ABV?$basic_string@DU?$char_traits@D@std@@V?$allocator@D@2@@std@@@std@@QAE@U_Exact_args_t@1@ABV?$basic_string@DU?$char_traits@D@std@@V?$allocator@D@2@@1@@Z 004306b0 f i CommonPathfindingLib:GraphicsBufferManager.obj
 0002:00010740       ??$?0V?$_Tree_iterator@V?$_Tree_val@U?$_Tree_simple_types@U?$pair@$$CBHPAVGraphicsBuffer@@@std@@@std@@@std@@@std@@_NX$0A@@?$pair@V?$_Tree_iterator@V?$_Tree_val@U?$_Tree_simple_types@U?$pair@$$CBHPAVGraphicsBuffer@@@std@@@std@@@std@@@std@@_N@std@@QAE@$$QAV?$_Tree_iterator@V?$_Tree_val@U?$_Tree_simple_types@U?$pair@$$CBHPAVGraphicsBuffer@@@std@@@std@@@std@@@1@$$QA_N@Z 00430740 f i CommonPathfindingLib:GraphicsBufferManager.obj
 0002:000107c0       ??$?0V?$_Tree_iterator@V?$_Tree_val@U?$_Tree_simple_types@U?$pair@$$CBV?$basic_string@DU?$char_traits@D@std@@V?$allocator@D@2@@std@@H@std@@@std@@@std@@@std@@_NX$0A@@?$pair@V?$_Tree_iterator@V?$_Tree_val@U?$_Tree_simple_types@U?$pair@$$CBV?$basic_string@DU?$char_traits@D@std@@V?$allocator@D@2@@std@@H@std@@@std@@@std@@@std@@_N@std@@QAE@$$QAV?$_Tree_iterator@V?$_Tree_val@U?$_Tree_simple_types@U?$pair@$$CBV?$basic_string@DU?$char_traits@D@std@@V?$allocator@D@2@@std@@H@std@@@std@@@std@@@1@$$QA_N@Z 004307c0 f i CommonPathfindingLib:GraphicsBufferManager.obj
 0002:00010840       ??$?0V?$allocator@D@std@@$$V@?$_Compressed_pair@V?$allocator@D@std@@V?$_String_val@U?$_Simple_types@D@std@@@2@$00@std@@QAE@U_One_then_variadic_args_t@1@$$QAV?$allocator@D@1@@Z 00430840 f i CommonPathfindingLib:GraphicsBufferManager.obj
 0002:000108b0       ??$?0V?$allocator@D@std@@X@?$_String_alloc@U?$_String_base_types@DV?$allocator@D@std@@@std@@@std@@QAE@$$QAV?$allocator@D@1@@Z 004308b0 f i CommonPathfindingLib:GraphicsBufferManager.obj
 0002:00010970       ??$?0V?$tuple@ABH@std@@V?$tuple@$$V@1@$0A@$$Z$S@?$pair@$$CBHPAVGraphicsBuffer@@@std@@QAE@AAV?$tuple@ABH@1@AAV?$tuple@$$V@1@U?$integer_sequence@I$0A@@1@U?$integer_sequence@I$S@1@@Z 00430970 f i CommonPathfindingLib:GraphicsBufferManager.obj
 0002:000109f0       ??$?0V?$tuple@ABV?$basic_string@DU?$char_traits@D@std@@V?$allocator@D@2@@std@@@std@@V?$tuple@$$V@1@$0A@$$Z$S@?$pair@$$CBV?$basic_string@DU?$char_traits@D@std@@V?$allocator@D@2@@std@@H@std@@QAE@AAV?$tuple@ABV?$basic_string@DU?$char_traits@D@std@@V?$allocator@D@2@@std@@@1@AAV?$tuple@$$V@1@U?$integer_sequence@I$0A@@1@U?$integer_sequence@I$S@1@@Z 004309f0 f i CommonPathfindingLib:GraphicsBufferManager.obj
 0002:00010a70       ??$?MDU?$char_traits@D@std@@V?$allocator@D@1@@std@@YA_NABV?$basic_string@DU?$char_traits@D@std@@V?$allocator@D@2@@0@0@Z 00430a70 f i CommonPathfindingLib:GraphicsBufferManager.obj
 0002:00010af0       ??$_Buynode@ABUpiecewise_construct_t@std@@V?$tuple@ABH@2@V?$tuple@$$V@2@@?$_Tree_comp_alloc@V?$_Tmap_traits@HPAVGraphicsBuffer@@U?$less@H@std@@V?$allocator@U?$pair@$$CBHPAVGraphicsBuffer@@@std@@@3@$0A@@std@@@std@@QAEPAU?$_Tree_node@U?$pair@$$CBHPAVGraphicsBuffer@@@std@@PAX@1@ABUpiecewise_construct_t@1@$$QAV?$tuple@ABH@1@$$QAV?$tuple@$$V@1@@Z 00430af0 f i CommonPathfindingLib:GraphicsBufferManager.obj
 0002:00010c30       ??$_Buynode@ABUpiecewise_construct_t@std@@V?$tuple@ABV?$basic_string@DU?$char_traits@D@std@@V?$allocator@D@2@@std@@@2@V?$tuple@$$V@2@@?$_Tree_comp_alloc@V?$_Tmap_traits@V?$basic_string@DU?$char_traits@D@std@@V?$allocator@D@2@@std@@HU?$less@V?$basic_string@DU?$char_traits@D@std@@V?$allocator@D@2@@std@@@2@V?$allocator@U?$pair@$$CBV?$basic_string@DU?$char_traits@D@std@@V?$allocator@D@2@@std@@H@std@@@2@$0A@@std@@@std@@QAEPAU?$_Tree_node@U?$pair@$$CBV?$basic_string@DU?$char_traits@D@std@@V?$allocator@D@2@@std@@H@std@@PAX@1@ABUpiecewise_construct_t@1@$$QAV?$tuple@ABV?$basic_string@DU?$char_traits@D@std@@V?$allocator@D@2@@std@@@1@$$QAV?$tuple@$$V@1@@Z 00430c30 f i CommonPathfindingLib:GraphicsBufferManager.obj
 0002:00010d70       ??$_Buynode_if_nil@AAU?$pair@$$CBHPAVGraphicsBuffer@@@std@@@?$_Tree@V?$_Tmap_traits@HPAVGraphicsBuffer@@U?$less@H@std@@V?$allocator@U?$pair@$$CBHPAVGraphicsBuffer@@@std@@@3@$0A@@std@@@std@@IAEPAU?$_Tree_node@U?$pair@$$CBHPAVGraphicsBuffer@@@std@@PAX@1@PAU21@AAU?$pair@$$CBHPAVGraphicsBuffer@@@1@@Z 00430d70 f i CommonPathfindingLib:GraphicsBufferManager.obj
 0002:00010db0       ??$_Buynode_if_nil@AAU?$pair@$$CBV?$basic_string@DU?$char_traits@D@std@@V?$allocator@D@2@@std@@H@std@@@?$_Tree@V?$_Tmap_traits@V?$basic_string@DU?$char_traits@D@std@@V?$allocator@D@2@@std@@HU?$less@V?$basic_string@DU?$char_traits@D@std@@V?$allocator@D@2@@std@@@2@V?$allocator@U?$pair@$$CBV?$basic_string@DU?$char_traits@D@std@@V?$allocator@D@2@@std@@H@std@@@2@$0A@@std@@@std@@IAEPAU?$_Tree_node@U?$pair@$$CBV?$basic_string@DU?$char_traits@D@std@@V?$allocator@D@2@@std@@H@std@@PAX@1@PAU21@AAU?$pair@$$CBV?$basic_string@DU?$char_traits@D@std@@V?$allocator@D@2@@std@@H@1@@Z 00430db0 f i CommonPathfindingLib:GraphicsBufferManager.obj
 0002:00010df0       ??$_Debug_lt_pred@AAU?$less@H@std@@ABHABH@std@@YA_NAAU?$less@H@0@ABH1PB_WI@Z 00430df0 f i CommonPathfindingLib:GraphicsBufferManager.obj
 0002:00010ef0       ??$_Debug_lt_pred@AAU?$less@V?$basic_string@DU?$char_traits@D@std@@V?$allocator@D@2@@std@@@std@@ABV?$basic_string@DU?$char_traits@D@std@@V?$allocator@D@2@@2@ABV32@@std@@YA_NAAU?$less@V?$basic_string@DU?$char_traits@D@std@@V?$allocator@D@2@@std@@@0@ABV?$basic_string@DU?$char_traits@D@std@@V?$allocator@D@2@@0@1PB_WI@Z 00430ef0 f i CommonPathfindingLib:GraphicsBufferManager.obj
 0002:00010ff0       ??$_Debug_lt_pred@ABU?$less@H@std@@ABHABH@std@@YA_NABU?$less@H@0@ABH1PB_WI@Z 00430ff0 f i CommonPathfindingLib:GraphicsBufferManager.obj
 0002:000110f0       ??$_Debug_lt_pred@ABU?$less@V?$basic_string@DU?$char_traits@D@std@@V?$allocator@D@2@@std@@@std@@ABV?$basic_string@DU?$char_traits@D@std@@V?$allocator@D@2@@2@ABV32@@std@@YA_NABU?$less@V?$basic_string@DU?$char_traits@D@std@@V?$allocator@D@2@@std@@@0@ABV?$basic_string@DU?$char_traits@D@std@@V?$allocator@D@2@@0@1PB_WI@Z 004310f0 f i CommonPathfindingLib:GraphicsBufferManager.obj
 0002:000111f0       ??$_Insert_at@AAU?$pair@$$CBHPAVGraphicsBuffer@@@std@@PAU?$_Tree_node@U?$pair@$$CBHPAVGraphicsBuffer@@@std@@PAX@2@@?$_Tree@V?$_Tmap_traits@HPAVGraphicsBuffer@@U?$less@H@std@@V?$allocator@U?$pair@$$CBHPAVGraphicsBuffer@@@std@@@3@$0A@@std@@@std@@IAE?AV?$_Tree_iterator@V?$_Tree_val@U?$_Tree_simple_types@U?$pair@$$CBHPAVGraphicsBuffer@@@std@@@std@@@std@@@1@_NPAU?$_Tree_node@U?$pair@$$CBHPAVGraphicsBuffer@@@std@@PAX@1@AAU?$pair@$$CBHPAVGraphicsBuffer@@@1@1@Z 004311f0 f i CommonPathfindingLib:GraphicsBufferManager.obj
 0002:00011590       ??$_Insert_at@AAU?$pair@$$CBV?$basic_string@DU?$char_traits@D@std@@V?$allocator@D@2@@std@@H@std@@PAU?$_Tree_node@U?$pair@$$CBV?$basic_string@DU?$char_traits@D@std@@V?$allocator@D@2@@std@@H@std@@PAX@2@@?$_Tree@V?$_Tmap_traits@V?$basic_string@DU?$char_traits@D@std@@V?$allocator@D@2@@std@@HU?$less@V?$basic_string@DU?$char_traits@D@std@@V?$allocator@D@2@@std@@@2@V?$allocator@U?$pair@$$CBV?$basic_string@DU?$char_traits@D@std@@V?$allocator@D@2@@std@@H@std@@@2@$0A@@std@@@std@@IAE?AV?$_Tree_iterator@V?$_Tree_val@U?$_Tree_simple_types@U?$pair@$$CBV?$basic_string@DU?$char_traits@D@std@@V?$allocator@D@2@@std@@H@std@@@std@@@std@@@1@_NPAU?$_Tree_node@U?$pair@$$CBV?$basic_string@DU?$char_traits@D@std@@V?$allocator@D@2@@std@@H@std@@PAX@1@AAU?$pair@$$CBV?$basic_string@DU?$char_traits@D@std@@V?$allocator@D@2@@std@@H@1@1@Z 00431590 f i CommonPathfindingLib:GraphicsBufferManager.obj
 0002:00011930       ??$_Insert_hint@AAU?$pair@$$CBHPAVGraphicsBuffer@@@std@@PAU?$_Tree_node@U?$pair@$$CBHPAVGraphicsBuffer@@@std@@PAX@2@@?$_Tree@V?$_Tmap_traits@HPAVGraphicsBuffer@@U?$less@H@std@@V?$allocator@U?$pair@$$CBHPAVGraphicsBuffer@@@std@@@3@$0A@@std@@@std@@IAE?AV?$_Tree_iterator@V?$_Tree_val@U?$_Tree_simple_types@U?$pair@$$CBHPAVGraphicsBuffer@@@std@@@std@@@std@@@1@V?$_Tree_const_iterator@V?$_Tree_val@U?$_Tree_simple_types@U?$pair@$$CBHPAVGraphicsBuffer@@@std@@@std@@@std@@@1@AAU?$pair@$$CBHPAVGraphicsBuffer@@@1@PAU?$_Tree_node@U?$pair@$$CBHPAVGraphicsBuffer@@@std@@PAX@1@@Z 00431930 f i CommonPathfindingLib:GraphicsBufferManager.obj
 0002:00012d90       ??$_Insert_hint@AAU?$pair@$$CBV?$basic_string@DU?$char_traits@D@std@@V?$allocator@D@2@@std@@H@std@@PAU?$_Tree_node@U?$pair@$$CBV?$basic_string@DU?$char_traits@D@std@@V?$allocator@D@2@@std@@H@std@@PAX@2@@?$_Tree@V?$_Tmap_traits@V?$basic_string@DU?$char_traits@D@std@@V?$allocator@D@2@@std@@HU?$less@V?$basic_string@DU?$char_traits@D@std@@V?$allocator@D@2@@std@@@2@V?$allocator@U?$pair@$$CBV?$basic_string@DU?$char_traits@D@std@@V?$allocator@D@2@@std@@H@std@@@2@$0A@@std@@@std@@IAE?AV?$_Tree_iterator@V?$_Tree_val@U?$_Tree_simple_types@U?$pair@$$CBV?$basic_string@DU?$char_traits@D@std@@V?$allocator@D@2@@std@@H@std@@@std@@@std@@@1@V?$_Tree_const_iterator@V?$_Tree_val@U?$_Tree_simple_types@U?$pair@$$CBV?$basic_string@DU?$char_traits@D@std@@V?$allocator@D@2@@std@@H@std@@@std@@@std@@@1@AAU?$pair@$$CBV?$basic_string@DU?$char_traits@D@std@@V?$allocator@D@2@@std@@H@1@PAU?$_Tree_node@U?$pair@$$CBV?$basic_string@DU?$char_traits@D@std@@V?$allocator@D@2@@std@@H@std@@PAX@1@@Z 00432d90 f i CommonPathfindingLib:GraphicsBufferManager.obj
 0002:000141f0       ??$_Insert_nohint@AAU?$pair@$$CBHPAVGraphicsBuffer@@@std@@PAU?$_Tree_node@U?$pair@$$CBHPAVGraphicsBuffer@@@std@@PAX@2@@?$_Tree@V?$_Tmap_traits@HPAVGraphicsBuffer@@U?$less@H@std@@V?$allocator@U?$pair@$$CBHPAVGraphicsBuffer@@@std@@@3@$0A@@std@@@std@@IAE?AU?$pair@V?$_Tree_iterator@V?$_Tree_val@U?$_Tree_simple_types@U?$pair@$$CBHPAVGraphicsBuffer@@@std@@@std@@@std@@@std@@_N@1@_NAAU?$pair@$$CBHPAVGraphicsBuffer@@@1@PAU?$_Tree_node@U?$pair@$$CBHPAVGraphicsBuffer@@@std@@PAX@1@@Z 004341f0 f i CommonPathfindingLib:GraphicsBufferManager.obj
 0002:00014820       ??$_Insert_nohint@AAU?$pair@$$CBV?$basic_string@DU?$char_traits@D@std@@V?$allocator@D@2@@std@@H@std@@PAU?$_Tree_node@U?$pair@$$CBV?$basic_string@DU?$char_traits@D@std@@V?$allocator@D@2@@std@@H@std@@PAX@2@@?$_Tree@V?$_Tmap_traits@V?$basic_string@DU?$char_traits@D@std@@V?$allocator@D@2@@std@@HU?$less@V?$basic_string@DU?$char_traits@D@std@@V?$allocator@D@2@@std@@@2@V?$allocator@U?$pair@$$CBV?$basic_string@DU?$char_traits@D@std@@V?$allocator@D@2@@std@@H@std@@@2@$0A@@std@@@std@@IAE?AU?$pair@V?$_Tree_iterator@V?$_Tree_val@U?$_Tree_simple_types@U?$pair@$$CBV?$basic_string@DU?$char_traits@D@std@@V?$allocator@D@2@@std@@H@std@@@std@@@std@@@std@@_N@1@_NAAU?$pair@$$CBV?$basic_string@DU?$char_traits@D@std@@V?$allocator@D@2@@std@@H@1@PAU?$_Tree_node@U?$pair@$$CBV?$basic_string@DU?$char_traits@D@std@@V?$allocator@D@2@@std@@H@std@@PAX@1@@Z 00434820 f i CommonPathfindingLib:GraphicsBufferManager.obj
 0002:00014e50       ??$_Kfn@$$CBHPAVGraphicsBuffer@@@?$_Tmap_traits@HPAVGraphicsBuffer@@U?$less@H@std@@V?$allocator@U?$pair@$$CBHPAVGraphicsBuffer@@@std@@@3@$0A@@std@@SAABHABU?$pair@$$CBHPAVGraphicsBuffer@@@1@@Z 00434e50 f i CommonPathfindingLib:GraphicsBufferManager.obj
 0002:00014e90       ??$_Kfn@$$CBV?$basic_string@DU?$char_traits@D@std@@V?$allocator@D@2@@std@@H@?$_Tmap_traits@V?$basic_string@DU?$char_traits@D@std@@V?$allocator@D@2@@std@@HU?$less@V?$basic_string@DU?$char_traits@D@std@@V?$allocator@D@2@@std@@@2@V?$allocator@U?$pair@$$CBV?$basic_string@DU?$char_traits@D@std@@V?$allocator@D@2@@std@@H@std@@@2@$0A@@std@@SAABV?$basic_string@DU?$char_traits@D@std@@V?$allocator@D@2@@1@ABU?$pair@$$CBV?$basic_string@DU?$char_traits@D@std@@V?$allocator@D@2@@std@@H@1@@Z 00434e90 f i CommonPathfindingLib:GraphicsBufferManager.obj
 0002:00014ed0       ??$_Lbound@H@?$_Tree@V?$_Tmap_traits@HPAVGraphicsBuffer@@U?$less@H@std@@V?$allocator@U?$pair@$$CBHPAVGraphicsBuffer@@@std@@@3@$0A@@std@@@std@@IBEPAU?$_Tree_node@U?$pair@$$CBHPAVGraphicsBuffer@@@std@@PAX@1@ABH@Z 00434ed0 f i CommonPathfindingLib:GraphicsBufferManager.obj
 0002:00014fa0       ??$_Lbound@V?$basic_string@DU?$char_traits@D@std@@V?$allocator@D@2@@std@@@?$_Tree@V?$_Tmap_traits@V?$basic_string@DU?$char_traits@D@std@@V?$allocator@D@2@@std@@HU?$less@V?$basic_string@DU?$char_traits@D@std@@V?$allocator@D@2@@std@@@2@V?$allocator@U?$pair@$$CBV?$basic_string@DU?$char_traits@D@std@@V?$allocator@D@2@@std@@H@std@@@2@$0A@@std@@@std@@IBEPAU?$_Tree_node@U?$pair@$$CBV?$basic_string@DU?$char_traits@D@std@@V?$allocator@D@2@@std@@H@std@@PAX@1@ABV?$basic_string@DU?$char_traits@D@std@@V?$allocator@D@2@@1@@Z 00434fa0 f i CommonPathfindingLib:GraphicsBufferManager.obj
 0002:00015070       ??$_Traits_compare@U?$char_traits@D@std@@@std@@YAHQBDI0I@Z 00435070 f i CommonPathfindingLib:GraphicsBufferManager.obj
 0002:00015120       ??$_Try_emplace@ABH$$V@?$map@HPAVGraphicsBuffer@@U?$less@H@std@@V?$allocator@U?$pair@$$CBHPAVGraphicsBuffer@@@std@@@3@@std@@QAE?AU?$pair@V?$_Tree_iterator@V?$_Tree_val@U?$_Tree_simple_types@U?$pair@$$CBHPAVGraphicsBuffer@@@std@@@std@@@std@@@std@@_N@1@ABH@Z 00435120 f i CommonPathfindingLib:GraphicsBufferManager.obj
 0002:00015460       ??$_Try_emplace@ABV?$basic_string@DU?$char_traits@D@std@@V?$allocator@D@2@@std@@$$V@?$map@V?$basic_string@DU?$char_traits@D@std@@V?$allocator@D@2@@std@@HU?$less@V?$basic_string@DU?$char_traits@D@std@@V?$allocator@D@2@@std@@@2@V?$allocator@U?$pair@$$CBV?$basic_string@DU?$char_traits@D@std@@V?$allocator@D@2@@std@@H@std@@@2@@std@@QAE?AU?$pair@V?$_Tree_iterator@V?$_Tree_val@U?$_Tree_simple_types@U?$pair@$$CBV?$basic_string@DU?$char_traits@D@std@@V?$allocator@D@2@@std@@H@std@@@std@@@std@@@std@@_N@1@ABV?$basic_string@DU?$char_traits@D@std@@V?$allocator@D@2@@1@@Z 00435460 f i CommonPathfindingLib:GraphicsBufferManager.obj
 0002:000157a0       ??$addressof@PAU?$_Tree_node@U?$pair@$$CBHPAVGraphicsBuffer@@@std@@PAX@std@@@std@@YAPAPAU?$_Tree_node@U?$pair@$$CBHPAVGraphicsBuffer@@@std@@PAX@0@AAPAU10@@Z 004357a0 f i CommonPathfindingLib:GraphicsBufferManager.obj
 0002:000157e0       ??$addressof@PAU?$_Tree_node@U?$pair@$$CBV?$basic_string@DU?$char_traits@D@std@@V?$allocator@D@2@@std@@H@std@@PAX@std@@@std@@YAPAPAU?$_Tree_node@U?$pair@$$CBV?$basic_string@DU?$char_traits@D@std@@V?$allocator@D@2@@std@@H@std@@PAX@0@AAPAU10@@Z 004357e0 f i CommonPathfindingLib:GraphicsBufferManager.obj
 0002:00015820       ??$addressof@U?$pair@$$CBHPAVGraphicsBuffer@@@std@@@std@@YAPAU?$pair@$$CBHPAVGraphicsBuffer@@@0@AAU10@@Z 00435820 f i CommonPathfindingLib:GraphicsBufferManager.obj
 0002:00015860       ??$addressof@U?$pair@$$CBV?$basic_string@DU?$char_traits@D@std@@V?$allocator@D@2@@std@@H@std@@@std@@YAPAU?$pair@$$CBV?$basic_string@DU?$char_traits@D@std@@V?$allocator@D@2@@std@@H@0@AAU10@@Z 00435860 f i CommonPathfindingLib:GraphicsBufferManager.obj
 0002:000158a0       ??$addressof@V?$_Tree_val@U?$_Tree_simple_types@U?$pair@$$CBHPAVGraphicsBuffer@@@std@@@std@@@std@@@std@@YAPAV?$_Tree_val@U?$_Tree_simple_types@U?$pair@$$CBHPAVGraphicsBuffer@@@std@@@std@@@0@AAV10@@Z 004358a0 f i CommonPathfindingLib:GraphicsBufferManager.obj
 0002:000158e0       ??$addressof@V?$_Tree_val@U?$_Tree_simple_types@U?$pair@$$CBV?$basic_string@DU?$char_traits@D@std@@V?$allocator@D@2@@std@@H@std@@@std@@@std@@@std@@YAPAV?$_Tree_val@U?$_Tree_simple_types@U?$pair@$$CBV?$basic_string@DU?$char_traits@D@std@@V?$allocator@D@2@@std@@H@std@@@std@@@0@AAV10@@Z 004358e0 f i CommonPathfindingLib:GraphicsBufferManager.obj
 0002:00015920       ??$construct@PAU?$_Tree_node@U?$pair@$$CBHPAVGraphicsBuffer@@@std@@PAX@std@@AAPAU12@@?$_Default_allocator_traits@V?$allocator@U?$_Tree_node@U?$pair@$$CBHPAVGraphicsBuffer@@@std@@PAX@std@@@std@@@std@@SAXAAV?$allocator@U?$_Tree_node@U?$pair@$$CBHPAVGraphicsBuffer@@@std@@PAX@std@@@1@QAPAU?$_Tree_node@U?$pair@$$CBHPAVGraphicsBuffer@@@std@@PAX@1@AAPAU31@@Z 00435920 f i CommonPathfindingLib:GraphicsBufferManager.obj
 0002:000159a0       ??$construct@PAU?$_Tree_node@U?$pair@$$CBV?$basic_string@DU?$char_traits@D@std@@V?$allocator@D@2@@std@@H@std@@PAX@std@@AAPAU12@@?$_Default_allocator_traits@V?$allocator@U?$_Tree_node@U?$pair@$$CBV?$basic_string@DU?$char_traits@D@std@@V?$allocator@D@2@@std@@H@std@@PAX@std@@@std@@@std@@SAXAAV?$allocator@U?$_Tree_node@U?$pair@$$CBV?$basic_string@DU?$char_traits@D@std@@V?$allocator@D@2@@std@@H@std@@PAX@std@@@1@QAPAU?$_Tree_node@U?$pair@$$CBV?$basic_string@DU?$char_traits@D@std@@V?$allocator@D@2@@std@@H@std@@PAX@1@AAPAU31@@Z 004359a0 f i CommonPathfindingLib:GraphicsBufferManager.obj
 0002:00015a20       ??$construct@U?$pair@$$CBHPAVGraphicsBuffer@@@std@@ABUpiecewise_construct_t@2@V?$tuple@ABH@2@V?$tuple@$$V@2@@?$_Default_allocator_traits@V?$allocator@U?$_Tree_node@U?$pair@$$CBHPAVGraphicsBuffer@@@std@@PAX@std@@@std@@@std@@SAXAAV?$allocator@U?$_Tree_node@U?$pair@$$CBHPAVGraphicsBuffer@@@std@@PAX@std@@@1@QAU?$pair@$$CBHPAVGraphicsBuffer@@@1@ABUpiecewise_construct_t@1@$$QAV?$tuple@ABH@1@$$QAV?$tuple@$$V@1@@Z 00435a20 f i CommonPathfindingLib:GraphicsBufferManager.obj
 0002:00015b40       ??$construct@U?$pair@$$CBV?$basic_string@DU?$char_traits@D@std@@V?$allocator@D@2@@std@@H@std@@ABUpiecewise_construct_t@2@V?$tuple@ABV?$basic_string@DU?$char_traits@D@std@@V?$allocator@D@2@@std@@@2@V?$tuple@$$V@2@@?$_Default_allocator_traits@V?$allocator@U?$_Tree_node@U?$pair@$$CBV?$basic_string@DU?$char_traits@D@std@@V?$allocator@D@2@@std@@H@std@@PAX@std@@@std@@@std@@SAXAAV?$allocator@U?$_Tree_node@U?$pair@$$CBV?$basic_string@DU?$char_traits@D@std@@V?$allocator@D@2@@std@@H@std@@PAX@std@@@1@QAU?$pair@$$CBV?$basic_string@DU?$char_traits@D@std@@V?$allocator@D@2@@std@@H@1@ABUpiecewise_construct_t@1@$$QAV?$tuple@ABV?$basic_string@DU?$char_traits@D@std@@V?$allocator@D@2@@std@@@1@$$QAV?$tuple@$$V@1@@Z 00435b40 f i CommonPathfindingLib:GraphicsBufferManager.obj
 0002:00015c60       ??$destroy@PAU?$_Tree_node@U?$pair@$$CBHPAVGraphicsBuffer@@@std@@PAX@std@@@?$_Default_allocator_traits@V?$allocator@U?$_Tree_node@U?$pair@$$CBHPAVGraphicsBuffer@@@std@@PAX@std@@@std@@@std@@SAXAAV?$allocator@U?$_Tree_node@U?$pair@$$CBHPAVGraphicsBuffer@@@std@@PAX@std@@@1@QAPAU?$_Tree_node@U?$pair@$$CBHPAVGraphicsBuffer@@@std@@PAX@1@@Z 00435c60 f i CommonPathfindingLib:GraphicsBufferManager.obj
 0002:00015c90       ??$destroy@PAU?$_Tree_node@U?$pair@$$CBV?$basic_string@DU?$char_traits@D@std@@V?$allocator@D@2@@std@@H@std@@PAX@std@@@?$_Default_allocator_traits@V?$allocator@U?$_Tree_node@U?$pair@$$CBV?$basic_string@DU?$char_traits@D@std@@V?$allocator@D@2@@std@@H@std@@PAX@std@@@std@@@std@@SAXAAV?$allocator@U?$_Tree_node@U?$pair@$$CBV?$basic_string@DU?$char_traits@D@std@@V?$allocator@D@2@@std@@H@std@@PAX@std@@@1@QAPAU?$_Tree_node@U?$pair@$$CBV?$basic_string@DU?$char_traits@D@std@@V?$allocator@D@2@@std@@H@std@@PAX@1@@Z 00435c90 f i CommonPathfindingLib:GraphicsBufferManager.obj
 0002:00015cc0       ??$destroy@U?$pair@$$CBHPAVGraphicsBuffer@@@std@@@?$_Default_allocator_traits@V?$allocator@U?$_Tree_node@U?$pair@$$CBHPAVGraphicsBuffer@@@std@@PAX@std@@@std@@@std@@SAXAAV?$allocator@U?$_Tree_node@U?$pair@$$CBHPAVGraphicsBuffer@@@std@@PAX@std@@@1@QAU?$pair@$$CBHPAVGraphicsBuffer@@@1@@Z 00435cc0 f i CommonPathfindingLib:GraphicsBufferManager.obj
 0002:00015cf0       ??$destroy@U?$pair@$$CBV?$basic_string@DU?$char_traits@D@std@@V?$allocator@D@2@@std@@H@std@@@?$_Default_allocator_traits@V?$allocator@U?$_Tree_node@U?$pair@$$CBV?$basic_string@DU?$char_traits@D@std@@V?$allocator@D@2@@std@@H@std@@PAX@std@@@std@@@std@@SAXAAV?$allocator@U?$_Tree_node@U?$pair@$$CBV?$basic_string@DU?$char_traits@D@std@@V?$allocator@D@2@@std@@H@std@@PAX@std@@@1@QAU?$pair@$$CBV?$basic_string@DU?$char_traits@D@std@@V?$allocator@D@2@@std@@H@1@@Z 00435cf0 f i CommonPathfindingLib:GraphicsBufferManager.obj
 0002:00015d40       ??$emplace_hint@ABUpiecewise_construct_t@std@@V?$tuple@ABH@2@V?$tuple@$$V@2@@?$_Tree@V?$_Tmap_traits@HPAVGraphicsBuffer@@U?$less@H@std@@V?$allocator@U?$pair@$$CBHPAVGraphicsBuffer@@@std@@@3@$0A@@std@@@std@@QAE?AV?$_Tree_iterator@V?$_Tree_val@U?$_Tree_simple_types@U?$pair@$$CBHPAVGraphicsBuffer@@@std@@@std@@@std@@@1@V?$_Tree_const_iterator@V?$_Tree_val@U?$_Tree_simple_types@U?$pair@$$CBHPAVGraphicsBuffer@@@std@@@std@@@std@@@1@ABUpiecewise_construct_t@1@$$QAV?$tuple@ABH@1@$$QAV?$tuple@$$V@1@@Z 00435d40 f i CommonPathfindingLib:GraphicsBufferManager.obj
 0002:00015e80       ??$emplace_hint@ABUpiecewise_construct_t@std@@V?$tuple@ABV?$basic_string@DU?$char_traits@D@std@@V?$allocator@D@2@@std@@@2@V?$tuple@$$V@2@@?$_Tree@V?$_Tmap_traits@V?$basic_string@DU?$char_traits@D@std@@V?$allocator@D@2@@std@@HU?$less@V?$basic_string@DU?$char_traits@D@std@@V?$allocator@D@2@@std@@@2@V?$allocator@U?$pair@$$CBV?$basic_string@DU?$char_traits@D@std@@V?$allocator@D@2@@std@@H@std@@@2@$0A@@std@@@std@@QAE?AV?$_Tree_iterator@V?$_Tree_val@U?$_Tree_simple_types@U?$pair@$$CBV?$basic_string@DU?$char_traits@D@std@@V?$allocator@D@2@@std@@H@std@@@std@@@std@@@1@V?$_Tree_const_iterator@V?$_Tree_val@U?$_Tree_simple_types@U?$pair@$$CBV?$basic_string@DU?$char_traits@D@std@@V?$allocator@D@2@@std@@H@std@@@std@@@std@@@1@ABUpiecewise_construct_t@1@$$QAV?$tuple@ABV?$basic_string@DU?$char_traits@D@std@@V?$allocator@D@2@@std@@@1@$$QAV?$tuple@$$V@1@@Z 00435e80 f i CommonPathfindingLib:GraphicsBufferManager.obj
 0002:00015fc0       ??$erase@V?$_Tree_iterator@V?$_Tree_val@U?$_Tree_simple_types@U?$pair@$$CBHPAVGraphicsBuffer@@@std@@@std@@@std@@@std@@X@?$_Tree@V?$_Tmap_traits@HPAVGraphicsBuffer@@U?$less@H@std@@V?$allocator@U?$pair@$$CBHPAVGraphicsBuffer@@@std@@@3@$0A@@std@@@std@@QAE?AV?$_Tree_iterator@V?$_Tree_val@U?$_Tree_simple_types@U?$pair@$$CBHPAVGraphicsBuffer@@@std@@@std@@@std@@@1@V21@@Z 00435fc0 f i CommonPathfindingLib:GraphicsBufferManager.obj
 0002:000160b0       ??$erase@V?$_Tree_iterator@V?$_Tree_val@U?$_Tree_simple_types@U?$pair@$$CBV?$basic_string@DU?$char_traits@D@std@@V?$allocator@D@2@@std@@H@std@@@std@@@std@@@std@@X@?$_Tree@V?$_Tmap_traits@V?$basic_string@DU?$char_traits@D@std@@V?$allocator@D@2@@std@@HU?$less@V?$basic_string@DU?$char_traits@D@std@@V?$allocator@D@2@@std@@@2@V?$allocator@U?$pair@$$CBV?$basic_string@DU?$char_traits@D@std@@V?$allocator@D@2@@std@@H@std@@@2@$0A@@std@@@std@@QAE?AV?$_Tree_iterator@V?$_Tree_val@U?$_Tree_simple_types@U?$pair@$$CBV?$basic_string@DU?$char_traits@D@std@@V?$allocator@D@2@@std@@H@std@@@std@@@std@@@1@V21@@Z 004360b0 f i CommonPathfindingLib:GraphicsBufferManager.obj
 0002:000161a0       ??$forward@AAPAU?$_Tree_node@U?$pair@$$CBHPAVGraphicsBuffer@@@std@@PAX@std@@@std@@YAAAPAU?$_Tree_node@U?$pair@$$CBHPAVGraphicsBuffer@@@std@@PAX@0@AAPAU10@@Z 004361a0 f i CommonPathfindingLib:GraphicsBufferManager.obj
 0002:000161e0       ??$forward@AAPAU?$_Tree_node@U?$pair@$$CBV?$basic_string@DU?$char_traits@D@std@@V?$allocator@D@2@@std@@H@std@@PAX@std@@@std@@YAAAPAU?$_Tree_node@U?$pair@$$CBV?$basic_string@DU?$char_traits@D@std@@V?$allocator@D@2@@std@@H@std@@PAX@0@AAPAU10@@Z 004361e0 f i CommonPathfindingLib:GraphicsBufferManager.obj
 0002:00016220       ??$forward@AAU?$pair@$$CBHPAVGraphicsBuffer@@@std@@@std@@YAAAU?$pair@$$CBHPAVGraphicsBuffer@@@0@AAU10@@Z 00436220 f i CommonPathfindingLib:GraphicsBufferManager.obj
 0002:00016260       ??$forward@AAU?$pair@$$CBV?$basic_string@DU?$char_traits@D@std@@V?$allocator@D@2@@std@@H@std@@@std@@YAAAU?$pair@$$CBV?$basic_string@DU?$char_traits@D@std@@V?$allocator@D@2@@std@@H@0@AAU10@@Z 00436260 f i CommonPathfindingLib:GraphicsBufferManager.obj
 0002:000162a0       ??$forward@AAV?$_Tree_iterator@V?$_Tree_val@U?$_Tree_simple_types@U?$pair@$$CBHPAVGraphicsBuffer@@@std@@@std@@@std@@@std@@@std@@YAAAV?$_Tree_iterator@V?$_Tree_val@U?$_Tree_simple_types@U?$pair@$$CBHPAVGraphicsBuffer@@@std@@@std@@@std@@@0@AAV10@@Z 004362a0 f i CommonPathfindingLib:GraphicsBufferManager.obj
 0002:000162e0       ??$forward@AAV?$_Tree_iterator@V?$_Tree_val@U?$_Tree_simple_types@U?$pair@$$CBV?$basic_string@DU?$char_traits@D@std@@V?$allocator@D@2@@std@@H@std@@@std@@@std@@@std@@@std@@YAAAV?$_Tree_iterator@V?$_Tree_val@U?$_Tree_simple_types@U?$pair@$$CBV?$basic_string@DU?$char_traits@D@std@@V?$allocator@D@2@@std@@H@std@@@std@@@std@@@0@AAV10@@Z 004362e0 f i CommonPathfindingLib:GraphicsBufferManager.obj
 0002:00016320       ??$forward@ABH@std@@YAABHABH@Z 00436320 f i CommonPathfindingLib:GraphicsBufferManager.obj
 0002:00016360       ??$forward@ABU?$less@H@std@@@std@@YAABU?$less@H@0@ABU10@@Z 00436360 f i CommonPathfindingLib:GraphicsBufferManager.obj
 0002:000163a0       ??$forward@ABU?$less@V?$basic_string@DU?$char_traits@D@std@@V?$allocator@D@2@@std@@@std@@@std@@YAABU?$less@V?$basic_string@DU?$char_traits@D@std@@V?$allocator@D@2@@std@@@0@ABU10@@Z 004363a0 f i CommonPathfindingLib:GraphicsBufferManager.obj
 0002:000163e0       ??$forward@ABUpiecewise_construct_t@std@@@std@@YAABUpiecewise_construct_t@0@ABU10@@Z 004363e0 f i CommonPathfindingLib:GraphicsBufferManager.obj
 0002:00016420       ??$forward@ABV?$basic_string@DU?$char_traits@D@std@@V?$allocator@D@2@@std@@@std@@YAABV?$basic_string@DU?$char_traits@D@std@@V?$allocator@D@2@@0@ABV10@@Z 00436420 f i CommonPathfindingLib:GraphicsBufferManager.obj
 0002:00016460       ??$forward@U_Zero_then_variadic_args_t@std@@@std@@YA$$QAU_Zero_then_variadic_args_t@0@AAU10@@Z 00436460 f i CommonPathfindingLib:GraphicsBufferManager.obj
 0002:000164a0       ??$forward@V?$_Tree_iterator@V?$_Tree_val@U?$_Tree_simple_types@U?$pair@$$CBHPAVGraphicsBuffer@@@std@@@std@@@std@@@std@@@std@@YA$$QAV?$_Tree_iterator@V?$_Tree_val@U?$_Tree_simple_types@U?$pair@$$CBHPAVGraphicsBuffer@@@std@@@std@@@std@@@0@AAV10@@Z 004364a0 f i CommonPathfindingLib:GraphicsBufferManager.obj
 0002:000164e0       ??$forward@V?$_Tree_iterator@V?$_Tree_val@U?$_Tree_simple_types@U?$pair@$$CBV?$basic_string@DU?$char_traits@D@std@@V?$allocator@D@2@@std@@H@std@@@std@@@std@@@std@@@std@@YA$$QAV?$_Tree_iterator@V?$_Tree_val@U?$_Tree_simple_types@U?$pair@$$CBV?$basic_string@DU?$char_traits@D@std@@V?$allocator@D@2@@std@@H@std@@@std@@@std@@@0@AAV10@@Z 004364e0 f i CommonPathfindingLib:GraphicsBufferManager.obj
 0002:00016520       ??$forward@V?$allocator@D@std@@@std@@YA$$QAV?$allocator@D@0@AAV10@@Z 00436520 f i CommonPathfindingLib:GraphicsBufferManager.obj
 0002:00016560       ??$forward@V?$tuple@$$V@std@@@std@@YA$$QAV?$tuple@$$V@0@AAV10@@Z 00436560 f i CommonPathfindingLib:GraphicsBufferManager.obj
 0002:000165a0       ??$forward@V?$tuple@ABH@std@@@std@@YA$$QAV?$tuple@ABH@0@AAV10@@Z 004365a0 f i CommonPathfindingLib:GraphicsBufferManager.obj
 0002:000165e0       ??$forward@V?$tuple@ABV?$basic_string@DU?$char_traits@D@std@@V?$allocator@D@2@@std@@@std@@@std@@YA$$QAV?$tuple@ABV?$basic_string@DU?$char_traits@D@std@@V?$allocator@D@2@@std@@@0@AAV10@@Z 004365e0 f i CommonPathfindingLib:GraphicsBufferManager.obj
 0002:00016620       ??$forward@_N@std@@YA$$QA_NAA_N@Z 00436620 f i CommonPathfindingLib:GraphicsBufferManager.obj
 0002:00016660       ??$forward_as_tuple@$$V@std@@YA?AV?$tuple@$$V@0@XZ 00436660 f i CommonPathfindingLib:GraphicsBufferManager.obj
 0002:000166b0       ??$forward_as_tuple@ABH@std@@YA?AV?$tuple@ABH@0@ABH@Z 004366b0 f i CommonPathfindingLib:GraphicsBufferManager.obj
 0002:00016750       ??$forward_as_tuple@ABV?$basic_string@DU?$char_traits@D@std@@V?$allocator@D@2@@std@@@std@@YA?AV?$tuple@ABV?$basic_string@DU?$char_traits@D@std@@V?$allocator@D@2@@std@@@0@ABV?$basic_string@DU?$char_traits@D@std@@V?$allocator@D@2@@0@@Z 00436750 f i CommonPathfindingLib:GraphicsBufferManager.obj
 0002:000167f0       ??$get@$0A@ABH@std@@YAABH$$QAV?$tuple@ABH@0@@Z 004367f0 f i CommonPathfindingLib:GraphicsBufferManager.obj
 0002:00016840       ??$get@$0A@ABV?$basic_string@DU?$char_traits@D@std@@V?$allocator@D@2@@std@@@std@@YAABV?$basic_string@DU?$char_traits@D@std@@V?$allocator@D@2@@0@$$QAV?$tuple@ABV?$basic_string@DU?$char_traits@D@std@@V?$allocator@D@2@@std@@@0@@Z 00436840 f i CommonPathfindingLib:GraphicsBufferManager.obj
 0002:00016890       ??$move@AAD@std@@YA$$QADAAD@Z 00436890 f i CommonPathfindingLib:GraphicsBufferManager.obj
 0002:000168d0       ??$move@AAV?$tuple@ABH@std@@@std@@YA$$QAV?$tuple@ABH@0@AAV10@@Z 004368d0 f i CommonPathfindingLib:GraphicsBufferManager.obj
 0002:00016910       ??$move@AAV?$tuple@ABV?$basic_string@DU?$char_traits@D@std@@V?$allocator@D@2@@std@@@std@@@std@@YA$$QAV?$tuple@ABV?$basic_string@DU?$char_traits@D@std@@V?$allocator@D@2@@std@@@0@AAV10@@Z 00436910 f i CommonPathfindingLib:GraphicsBufferManager.obj
 0002:00016950       ??$swap@DX@std@@YAXAAD0@Z  00436950 f i CommonPathfindingLib:GraphicsBufferManager.obj
 0002:00016a10       ??$try_emplace@$$V@?$map@HPAVGraphicsBuffer@@U?$less@H@std@@V?$allocator@U?$pair@$$CBHPAVGraphicsBuffer@@@std@@@3@@std@@QAE?AU?$pair@V?$_Tree_iterator@V?$_Tree_val@U?$_Tree_simple_types@U?$pair@$$CBHPAVGraphicsBuffer@@@std@@@std@@@std@@@std@@_N@1@ABH@Z 00436a10 f i CommonPathfindingLib:GraphicsBufferManager.obj
 0002:00016a90       ??$try_emplace@$$V@?$map@V?$basic_string@DU?$char_traits@D@std@@V?$allocator@D@2@@std@@HU?$less@V?$basic_string@DU?$char_traits@D@std@@V?$allocator@D@2@@std@@@2@V?$allocator@U?$pair@$$CBV?$basic_string@DU?$char_traits@D@std@@V?$allocator@D@2@@std@@H@std@@@2@@std@@QAE?AU?$pair@V?$_Tree_iterator@V?$_Tree_val@U?$_Tree_simple_types@U?$pair@$$CBV?$basic_string@DU?$char_traits@D@std@@V?$allocator@D@2@@std@@H@std@@@std@@@std@@@std@@_N@1@ABV?$basic_string@DU?$char_traits@D@std@@V?$allocator@D@2@@1@@Z 00436a90 f i CommonPathfindingLib:GraphicsBufferManager.obj
 0002:00016b10       ??0?$_Tree@V?$_Tmap_traits@HPAVGraphicsBuffer@@U?$less@H@std@@V?$allocator@U?$pair@$$CBHPAVGraphicsBuffer@@@std@@@3@$0A@@std@@@std@@QAE@ABU?$less@H@1@@Z 00436b10 f i CommonPathfindingLib:GraphicsBufferManager.obj
 0002:00016b70       ??0?$_Tree@V?$_Tmap_traits@V?$basic_string@DU?$char_traits@D@std@@V?$allocator@D@2@@std@@HU?$less@V?$basic_string@DU?$char_traits@D@std@@V?$allocator@D@2@@std@@@2@V?$allocator@U?$pair@$$CBV?$basic_string@DU?$char_traits@D@std@@V?$allocator@D@2@@std@@H@std@@@2@$0A@@std@@@std@@QAE@ABU?$less@V?$basic_string@DU?$char_traits@D@std@@V?$allocator@D@2@@std@@@1@@Z 00436b70 f i CommonPathfindingLib:GraphicsBufferManager.obj
 0002:00016bd0       ??0?$_Tree_comp_alloc@V?$_Tmap_traits@HPAVGraphicsBuffer@@U?$less@H@std@@V?$allocator@U?$pair@$$CBHPAVGraphicsBuffer@@@std@@@3@$0A@@std@@@std@@QAE@ABU?$less@H@1@@Z 00436bd0 f i CommonPathfindingLib:GraphicsBufferManager.obj
 0002:00016c90       ??0?$_Tree_comp_alloc@V?$_Tmap_traits@V?$basic_string@DU?$char_traits@D@std@@V?$allocator@D@2@@std@@HU?$less@V?$basic_string@DU?$char_traits@D@std@@V?$allocator@D@2@@std@@@2@V?$allocator@U?$pair@$$CBV?$basic_string@DU?$char_traits@D@std@@V?$allocator@D@2@@std@@H@std@@@2@$0A@@std@@@std@@QAE@ABU?$less@V?$basic_string@DU?$char_traits@D@std@@V?$allocator@D@2@@std@@@1@@Z 00436c90 f i CommonPathfindingLib:GraphicsBufferManager.obj
 0002:00016d50       ??0?$_Tree_const_iterator@V?$_Tree_val@U?$_Tree_simple_types@U?$pair@$$CBHPAVGraphicsBuffer@@@std@@@std@@@std@@@std@@QAE@$$QAV01@@Z 00436d50 f i CommonPathfindingLib:GraphicsBufferManager.obj
 0002:00016db0       ??0?$_Tree_const_iterator@V?$_Tree_val@U?$_Tree_simple_types@U?$pair@$$CBHPAVGraphicsBuffer@@@std@@@std@@@std@@@std@@QAE@ABV01@@Z 00436db0 f i CommonPathfindingLib:GraphicsBufferManager.obj
 0002:00016e10       ??0?$_Tree_const_iterator@V?$_Tree_val@U?$_Tree_simple_types@U?$pair@$$CBHPAVGraphicsBuffer@@@std@@@std@@@std@@@std@@QAE@PAU?$_Tree_node@U?$pair@$$CBHPAVGraphicsBuffer@@@std@@PAX@1@PBV?$_Tree_val@U?$_Tree_simple_types@U?$pair@$$CBHPAVGraphicsBuffer@@@std@@@std@@@1@@Z 00436e10 f i CommonPathfindingLib:GraphicsBufferManager.obj
 0002:00016e70       ??0?$_Tree_const_iterator@V?$_Tree_val@U?$_Tree_simple_types@U?$pair@$$CBHPAVGraphicsBuffer@@@std@@@std@@@std@@@std@@QAE@XZ 00436e70 f i CommonPathfindingLib:GraphicsBufferManager.obj
 0002:00016ed0       ??0?$_Tree_const_iterator@V?$_Tree_val@U?$_Tree_simple_types@U?$pair@$$CBV?$basic_string@DU?$char_traits@D@std@@V?$allocator@D@2@@std@@H@std@@@std@@@std@@@std@@QAE@$$QAV01@@Z 00436ed0 f i CommonPathfindingLib:GraphicsBufferManager.obj
 0002:00016f30       ??0?$_Tree_const_iterator@V?$_Tree_val@U?$_Tree_simple_types@U?$pair@$$CBV?$basic_string@DU?$char_traits@D@std@@V?$allocator@D@2@@std@@H@std@@@std@@@std@@@std@@QAE@ABV01@@Z 00436f30 f i CommonPathfindingLib:GraphicsBufferManager.obj
 0002:00016f90       ??0?$_Tree_const_iterator@V?$_Tree_val@U?$_Tree_simple_types@U?$pair@$$CBV?$basic_string@DU?$char_traits@D@std@@V?$allocator@D@2@@std@@H@std@@@std@@@std@@@std@@QAE@PAU?$_Tree_node@U?$pair@$$CBV?$basic_string@DU?$char_traits@D@std@@V?$allocator@D@2@@std@@H@std@@PAX@1@PBV?$_Tree_val@U?$_Tree_simple_types@U?$pair@$$CBV?$basic_string@DU?$char_traits@D@std@@V?$allocator@D@2@@std@@H@std@@@std@@@1@@Z 00436f90 f i CommonPathfindingLib:GraphicsBufferManager.obj
 0002:00016ff0       ??0?$_Tree_const_iterator@V?$_Tree_val@U?$_Tree_simple_types@U?$pair@$$CBV?$basic_string@DU?$char_traits@D@std@@V?$allocator@D@2@@std@@H@std@@@std@@@std@@@std@@QAE@XZ 00436ff0 f i CommonPathfindingLib:GraphicsBufferManager.obj
 0002:00017050       ??0?$_Tree_iterator@V?$_Tree_val@U?$_Tree_simple_types@U?$pair@$$CBHPAVGraphicsBuffer@@@std@@@std@@@std@@@std@@QAE@$$QAV01@@Z 00437050 f i CommonPathfindingLib:GraphicsBufferManager.obj
 0002:000170b0       ??0?$_Tree_iterator@V?$_Tree_val@U?$_Tree_simple_types@U?$pair@$$CBHPAVGraphicsBuffer@@@std@@@std@@@std@@@std@@QAE@ABV01@@Z 004370b0 f i CommonPathfindingLib:GraphicsBufferManager.obj
 0002:00017110       ??0?$_Tree_iterator@V?$_Tree_val@U?$_Tree_simple_types@U?$pair@$$CBHPAVGraphicsBuffer@@@std@@@std@@@std@@@std@@QAE@PAU?$_Tree_node@U?$pair@$$CBHPAVGraphicsBuffer@@@std@@PAX@1@PBV?$_Tree_val@U?$_Tree_simple_types@U?$pair@$$CBHPAVGraphicsBuffer@@@std@@@std@@@1@@Z 00437110 f i CommonPathfindingLib:GraphicsBufferManager.obj
 0002:00017170       ??0?$_Tree_iterator@V?$_Tree_val@U?$_Tree_simple_types@U?$pair@$$CBHPAVGraphicsBuffer@@@std@@@std@@@std@@@std@@QAE@XZ 00437170 f i CommonPathfindingLib:GraphicsBufferManager.obj
 0002:000171d0       ??0?$_Tree_iterator@V?$_Tree_val@U?$_Tree_simple_types@U?$pair@$$CBV?$basic_string@DU?$char_traits@D@std@@V?$allocator@D@2@@std@@H@std@@@std@@@std@@@std@@QAE@$$QAV01@@Z 004371d0 f i CommonPathfindingLib:GraphicsBufferManager.obj
 0002:00017230       ??0?$_Tree_iterator@V?$_Tree_val@U?$_Tree_simple_types@U?$pair@$$CBV?$basic_string@DU?$char_traits@D@std@@V?$allocator@D@2@@std@@H@std@@@std@@@std@@@std@@QAE@ABV01@@Z 00437230 f i CommonPathfindingLib:GraphicsBufferManager.obj
 0002:00017290       ??0?$_Tree_iterator@V?$_Tree_val@U?$_Tree_simple_types@U?$pair@$$CBV?$basic_string@DU?$char_traits@D@std@@V?$allocator@D@2@@std@@H@std@@@std@@@std@@@std@@QAE@PAU?$_Tree_node@U?$pair@$$CBV?$basic_string@DU?$char_traits@D@std@@V?$allocator@D@2@@std@@H@std@@PAX@1@PBV?$_Tree_val@U?$_Tree_simple_types@U?$pair@$$CBV?$basic_string@DU?$char_traits@D@std@@V?$allocator@D@2@@std@@H@std@@@std@@@1@@Z 00437290 f i CommonPathfindingLib:GraphicsBufferManager.obj
 0002:000172f0       ??0?$_Tree_iterator@V?$_Tree_val@U?$_Tree_simple_types@U?$pair@$$CBV?$basic_string@DU?$char_traits@D@std@@V?$allocator@D@2@@std@@H@std@@@std@@@std@@@std@@QAE@XZ 004372f0 f i CommonPathfindingLib:GraphicsBufferManager.obj
 0002:00017350       ??0?$_Tree_unchecked_const_iterator@V?$_Tree_val@U?$_Tree_simple_types@U?$pair@$$CBHPAVGraphicsBuffer@@@std@@@std@@@std@@U_Iterator_base12@2@@std@@QAE@$$QAV01@@Z 00437350 f i CommonPathfindingLib:GraphicsBufferManager.obj
 0002:000173c0       ??0?$_Tree_unchecked_const_iterator@V?$_Tree_val@U?$_Tree_simple_types@U?$pair@$$CBHPAVGraphicsBuffer@@@std@@@std@@@std@@U_Iterator_base12@2@@std@@QAE@ABV01@@Z 004373c0 f i CommonPathfindingLib:GraphicsBufferManager.obj
 0002:00017430       ??0?$_Tree_unchecked_const_iterator@V?$_Tree_val@U?$_Tree_simple_types@U?$pair@$$CBHPAVGraphicsBuffer@@@std@@@std@@@std@@U_Iterator_base12@2@@std@@QAE@PAU?$_Tree_node@U?$pair@$$CBHPAVGraphicsBuffer@@@std@@PAX@1@PBV?$_Tree_val@U?$_Tree_simple_types@U?$pair@$$CBHPAVGraphicsBuffer@@@std@@@std@@@1@@Z 00437430 f i CommonPathfindingLib:GraphicsBufferManager.obj
 0002:000174a0       ??0?$_Tree_unchecked_const_iterator@V?$_Tree_val@U?$_Tree_simple_types@U?$pair@$$CBHPAVGraphicsBuffer@@@std@@@std@@@std@@U_Iterator_base12@2@@std@@QAE@XZ 004374a0 f i CommonPathfindingLib:GraphicsBufferManager.obj
 0002:00017500       ??0?$_Tree_unchecked_const_iterator@V?$_Tree_val@U?$_Tree_simple_types@U?$pair@$$CBV?$basic_string@DU?$char_traits@D@std@@V?$allocator@D@2@@std@@H@std@@@std@@@std@@U_Iterator_base12@2@@std@@QAE@$$QAV01@@Z 00437500 f i CommonPathfindingLib:GraphicsBufferManager.obj
 0002:00017570       ??0?$_Tree_unchecked_const_iterator@V?$_Tree_val@U?$_Tree_simple_types@U?$pair@$$CBV?$basic_string@DU?$char_traits@D@std@@V?$allocator@D@2@@std@@H@std@@@std@@@std@@U_Iterator_base12@2@@std@@QAE@ABV01@@Z 00437570 f i CommonPathfindingLib:GraphicsBufferManager.obj
 0002:000175e0       ??0?$_Tree_unchecked_const_iterator@V?$_Tree_val@U?$_Tree_simple_types@U?$pair@$$CBV?$basic_string@DU?$char_traits@D@std@@V?$allocator@D@2@@std@@H@std@@@std@@@std@@U_Iterator_base12@2@@std@@QAE@PAU?$_Tree_node@U?$pair@$$CBV?$basic_string@DU?$char_traits@D@std@@V?$allocator@D@2@@std@@H@std@@PAX@1@PBV?$_Tree_val@U?$_Tree_simple_types@U?$pair@$$CBV?$basic_string@DU?$char_traits@D@std@@V?$allocator@D@2@@std@@H@std@@@std@@@1@@Z 004375e0 f i CommonPathfindingLib:GraphicsBufferManager.obj
 0002:00017650       ??0?$_Tree_unchecked_const_iterator@V?$_Tree_val@U?$_Tree_simple_types@U?$pair@$$CBV?$basic_string@DU?$char_traits@D@std@@V?$allocator@D@2@@std@@H@std@@@std@@@std@@U_Iterator_base12@2@@std@@QAE@XZ 00437650 f i CommonPathfindingLib:GraphicsBufferManager.obj
 0002:000176b0       ??0?$_Tree_val@U?$_Tree_simple_types@U?$pair@$$CBHPAVGraphicsBuffer@@@std@@@std@@@std@@QAE@XZ 004376b0 f i CommonPathfindingLib:GraphicsBufferManager.obj
 0002:00017720       ??0?$_Tree_val@U?$_Tree_simple_types@U?$pair@$$CBV?$basic_string@DU?$char_traits@D@std@@V?$allocator@D@2@@std@@H@std@@@std@@@std@@QAE@XZ 00437720 f i CommonPathfindingLib:GraphicsBufferManager.obj
 0002:00017790       ??0?$allocator@U?$_Tree_node@U?$pair@$$CBHPAVGraphicsBuffer@@@std@@PAX@std@@@std@@QAE@XZ 00437790 f i CommonPathfindingLib:GraphicsBufferManager.obj
 0002:000177d0       ??0?$allocator@U?$_Tree_node@U?$pair@$$CBV?$basic_string@DU?$char_traits@D@std@@V?$allocator@D@2@@std@@H@std@@PAX@std@@@std@@QAE@XZ 004377d0 f i CommonPathfindingLib:GraphicsBufferManager.obj
 0002:00017810       ??0?$basic_string@DU?$char_traits@D@std@@V?$allocator@D@2@@std@@QAE@ABV01@@Z 00437810 f i CommonPathfindingLib:GraphicsBufferManager.obj
 0002:000178e0       ??0?$map@HPAVGraphicsBuffer@@U?$less@H@std@@V?$allocator@U?$pair@$$CBHPAVGraphicsBuffer@@@std@@@3@@std@@QAE@XZ 004378e0 f i CommonPathfindingLib:GraphicsBufferManager.obj
 0002:00017940       ??0?$map@V?$basic_string@DU?$char_traits@D@std@@V?$allocator@D@2@@std@@HU?$less@V?$basic_string@DU?$char_traits@D@std@@V?$allocator@D@2@@std@@@2@V?$allocator@U?$pair@$$CBV?$basic_string@DU?$char_traits@D@std@@V?$allocator@D@2@@std@@H@std@@@2@@std@@QAE@XZ 00437940 f i CommonPathfindingLib:GraphicsBufferManager.obj
 0002:000179a0       ??0?$tuple@$$V@std@@QAE@ABV01@@Z 004379a0 f i CommonPathfindingLib:GraphicsBufferManager.obj
 0002:000179e0       ??0?$tuple@$$V@std@@QAE@XZ 004379e0 f i CommonPathfindingLib:GraphicsBufferManager.obj
 0002:00017a20       ??0?$tuple@ABH@std@@QAE@$$QAV01@@Z 00437a20 f i CommonPathfindingLib:GraphicsBufferManager.obj
 0002:00017a90       ??0?$tuple@ABV?$basic_string@DU?$char_traits@D@std@@V?$allocator@D@2@@std@@@std@@QAE@$$QAV01@@Z 00437a90 f i CommonPathfindingLib:GraphicsBufferManager.obj
 0002:00017b00       ??0GraphicsBufferManager@@QAE@XZ 00437b00 f   CommonPathfindingLib:GraphicsBufferManager.obj
 0002:00017bb0       ??0_Iterator_base12@std@@QAE@ABU01@@Z 00437bb0 f i CommonPathfindingLib:GraphicsBufferManager.obj
 0002:00017c30       ??1?$_Compressed_pair@U?$less@H@std@@V?$_Compressed_pair@V?$allocator@U?$_Tree_node@U?$pair@$$CBHPAVGraphicsBuffer@@@std@@PAX@std@@@std@@V?$_Tree_val@U?$_Tree_simple_types@U?$pair@$$CBHPAVGraphicsBuffer@@@std@@@std@@@2@$00@2@$00@std@@QAE@XZ 00437c30 f i CommonPathfindingLib:GraphicsBufferManager.obj
 0002:00017c80       ??1?$_Compressed_pair@U?$less@V?$basic_string@DU?$char_traits@D@std@@V?$allocator@D@2@@std@@@std@@V?$_Compressed_pair@V?$allocator@U?$_Tree_node@U?$pair@$$CBV?$basic_string@DU?$char_traits@D@std@@V?$allocator@D@2@@std@@H@std@@PAX@std@@@std@@V?$_Tree_val@U?$_Tree_simple_types@U?$pair@$$CBV?$basic_string@DU?$char_traits@D@std@@V?$allocator@D@2@@std@@H@std@@@std@@@2@$00@2@$00@std@@QAE@XZ 00437c80 f i CommonPathfindingLib:GraphicsBufferManager.obj
 0002:00017cd0       ??1?$_Compressed_pair@V?$allocator@U?$_Tree_node@U?$pair@$$CBHPAVGraphicsBuffer@@@std@@PAX@std@@@std@@V?$_Tree_val@U?$_Tree_simple_types@U?$pair@$$CBHPAVGraphicsBuffer@@@std@@@std@@@2@$00@std@@QAE@XZ 00437cd0 f i CommonPathfindingLib:GraphicsBufferManager.obj
 0002:00017d20       ??1?$_Compressed_pair@V?$allocator@U?$_Tree_node@U?$pair@$$CBV?$basic_string@DU?$char_traits@D@std@@V?$allocator@D@2@@std@@H@std@@PAX@std@@@std@@V?$_Tree_val@U?$_Tree_simple_types@U?$pair@$$CBV?$basic_string@DU?$char_traits@D@std@@V?$allocator@D@2@@std@@H@std@@@std@@@2@$00@std@@QAE@XZ 00437d20 f i CommonPathfindingLib:GraphicsBufferManager.obj
 0002:00017d70       ??1?$_Tree@V?$_Tmap_traits@HPAVGraphicsBuffer@@U?$less@H@std@@V?$allocator@U?$pair@$$CBHPAVGraphicsBuffer@@@std@@@3@$0A@@std@@@std@@QAE@XZ 00437d70 f i CommonPathfindingLib:GraphicsBufferManager.obj
 0002:00017e00       ??1?$_Tree@V?$_Tmap_traits@V?$basic_string@DU?$char_traits@D@std@@V?$allocator@D@2@@std@@HU?$less@V?$basic_string@DU?$char_traits@D@std@@V?$allocator@D@2@@std@@@2@V?$allocator@U?$pair@$$CBV?$basic_string@DU?$char_traits@D@std@@V?$allocator@D@2@@std@@H@std@@@2@$0A@@std@@@std@@QAE@XZ 00437e00 f i CommonPathfindingLib:GraphicsBufferManager.obj
 0002:00017e90       ??1?$_Tree_comp_alloc@V?$_Tmap_traits@HPAVGraphicsBuffer@@U?$less@H@std@@V?$allocator@U?$pair@$$CBHPAVGraphicsBuffer@@@std@@@3@$0A@@std@@@std@@QAE@XZ 00437e90 f i CommonPathfindingLib:GraphicsBufferManager.obj
 0002:00017f40       ??1?$_Tree_comp_alloc@V?$_Tmap_traits@V?$basic_string@DU?$char_traits@D@std@@V?$allocator@D@2@@std@@HU?$less@V?$basic_string@DU?$char_traits@D@std@@V?$allocator@D@2@@std@@@2@V?$allocator@U?$pair@$$CBV?$basic_string@DU?$char_traits@D@std@@V?$allocator@D@2@@std@@H@std@@@2@$0A@@std@@@std@@QAE@XZ 00437f40 f i CommonPathfindingLib:GraphicsBufferManager.obj
 0002:00017ff0       ??1?$_Tree_const_iterator@V?$_Tree_val@U?$_Tree_simple_types@U?$pair@$$CBHPAVGraphicsBuffer@@@std@@@std@@@std@@@std@@QAE@XZ 00437ff0 f i CommonPathfindingLib:GraphicsBufferManager.obj
 0002:00018040       ??1?$_Tree_const_iterator@V?$_Tree_val@U?$_Tree_simple_types@U?$pair@$$CBV?$basic_string@DU?$char_traits@D@std@@V?$allocator@D@2@@std@@H@std@@@std@@@std@@@std@@QAE@XZ 00438040 f i CommonPathfindingLib:GraphicsBufferManager.obj
 0002:00018090       ??1?$_Tree_iterator@V?$_Tree_val@U?$_Tree_simple_types@U?$pair@$$CBHPAVGraphicsBuffer@@@std@@@std@@@std@@@std@@QAE@XZ 00438090 f i CommonPathfindingLib:GraphicsBufferManager.obj
 0002:000180e0       ??1?$_Tree_iterator@V?$_Tree_val@U?$_Tree_simple_types@U?$pair@$$CBV?$basic_string@DU?$char_traits@D@std@@V?$allocator@D@2@@std@@H@std@@@std@@@std@@@std@@QAE@XZ 004380e0 f i CommonPathfindingLib:GraphicsBufferManager.obj
 0002:00018130       ??1?$_Tree_unchecked_const_iterator@V?$_Tree_val@U?$_Tree_simple_types@U?$pair@$$CBHPAVGraphicsBuffer@@@std@@@std@@@std@@U_Iterator_base12@2@@std@@QAE@XZ 00438130 f i CommonPathfindingLib:GraphicsBufferManager.obj
 0002:00018180       ??1?$_Tree_unchecked_const_iterator@V?$_Tree_val@U?$_Tree_simple_types@U?$pair@$$CBV?$basic_string@DU?$char_traits@D@std@@V?$allocator@D@2@@std@@H@std@@@std@@@std@@U_Iterator_base12@2@@std@@QAE@XZ 00438180 f i CommonPathfindingLib:GraphicsBufferManager.obj
 0002:000181d0       ??1?$_Tree_val@U?$_Tree_simple_types@U?$pair@$$CBHPAVGraphicsBuffer@@@std@@@std@@@std@@QAE@XZ 004381d0 f i CommonPathfindingLib:GraphicsBufferManager.obj
 0002:00018220       ??1?$_Tree_val@U?$_Tree_simple_types@U?$pair@$$CBV?$basic_string@DU?$char_traits@D@std@@V?$allocator@D@2@@std@@H@std@@@std@@@std@@QAE@XZ 00438220 f i CommonPathfindingLib:GraphicsBufferManager.obj
 0002:00018270       ??1?$map@HPAVGraphicsBuffer@@U?$less@H@std@@V?$allocator@U?$pair@$$CBHPAVGraphicsBuffer@@@std@@@3@@std@@QAE@XZ 00438270 f i CommonPathfindingLib:GraphicsBufferManager.obj
 0002:000182c0       ??1?$map@V?$basic_string@DU?$char_traits@D@std@@V?$allocator@D@2@@std@@HU?$less@V?$basic_string@DU?$char_traits@D@std@@V?$allocator@D@2@@std@@@2@V?$allocator@U?$pair@$$CBV?$basic_string@DU?$char_traits@D@std@@V?$allocator@D@2@@std@@H@std@@@2@@std@@QAE@XZ 004382c0 f i CommonPathfindingLib:GraphicsBufferManager.obj
 0002:00018310       ??1?$pair@$$CBV?$basic_string@DU?$char_traits@D@std@@V?$allocator@D@2@@std@@H@std@@QAE@XZ 00438310 f i CommonPathfindingLib:GraphicsBufferManager.obj
 0002:00018360       ??1?$pair@V?$_Tree_iterator@V?$_Tree_val@U?$_Tree_simple_types@U?$pair@$$CBHPAVGraphicsBuffer@@@std@@@std@@@std@@@std@@_N@std@@QAE@XZ 00438360 f i CommonPathfindingLib:GraphicsBufferManager.obj
 0002:000183b0       ??1?$pair@V?$_Tree_iterator@V?$_Tree_val@U?$_Tree_simple_types@U?$pair@$$CBV?$basic_string@DU?$char_traits@D@std@@V?$allocator@D@2@@std@@H@std@@@std@@@std@@@std@@_N@std@@QAE@XZ 004383b0 f i CommonPathfindingLib:GraphicsBufferManager.obj
 0002:00018400       ??1GraphicsBufferManager@@QAE@XZ 00438400 f   CommonPathfindingLib:GraphicsBufferManager.obj
 0002:000184a0       ??3@YAXPAX0@Z              004384a0 f i CommonPathfindingLib:GraphicsBufferManager.obj
 0002:000184d0       ??4?$_Tree_const_iterator@V?$_Tree_val@U?$_Tree_simple_types@U?$pair@$$CBHPAVGraphicsBuffer@@@std@@@std@@@std@@@std@@QAEAAV01@$$QAV01@@Z 004384d0 f i CommonPathfindingLib:GraphicsBufferManager.obj
 0002:00018530       ??4?$_Tree_const_iterator@V?$_Tree_val@U?$_Tree_simple_types@U?$pair@$$CBHPAVGraphicsBuffer@@@std@@@std@@@std@@@std@@QAEAAV01@ABV01@@Z 00438530 f i CommonPathfindingLib:GraphicsBufferManager.obj
 0002:00018590       ??4?$_Tree_const_iterator@V?$_Tree_val@U?$_Tree_simple_types@U?$pair@$$CBV?$basic_string@DU?$char_traits@D@std@@V?$allocator@D@2@@std@@H@std@@@std@@@std@@@std@@QAEAAV01@$$QAV01@@Z 00438590 f i CommonPathfindingLib:GraphicsBufferManager.obj
 0002:000185f0       ??4?$_Tree_const_iterator@V?$_Tree_val@U?$_Tree_simple_types@U?$pair@$$CBV?$basic_string@DU?$char_traits@D@std@@V?$allocator@D@2@@std@@H@std@@@std@@@std@@@std@@QAEAAV01@ABV01@@Z 004385f0 f i CommonPathfindingLib:GraphicsBufferManager.obj
 0002:00018650       ??4?$_Tree_iterator@V?$_Tree_val@U?$_Tree_simple_types@U?$pair@$$CBHPAVGraphicsBuffer@@@std@@@std@@@std@@@std@@QAEAAV01@$$QAV01@@Z 00438650 f i CommonPathfindingLib:GraphicsBufferManager.obj
 0002:000186b0       ??4?$_Tree_iterator@V?$_Tree_val@U?$_Tree_simple_types@U?$pair@$$CBV?$basic_string@DU?$char_traits@D@std@@V?$allocator@D@2@@std@@H@std@@@std@@@std@@@std@@QAEAAV01@$$QAV01@@Z 004386b0 f i CommonPathfindingLib:GraphicsBufferManager.obj
 0002:00018710       ??4?$_Tree_unchecked_const_iterator@V?$_Tree_val@U?$_Tree_simple_types@U?$pair@$$CBHPAVGraphicsBuffer@@@std@@@std@@@std@@U_Iterator_base12@2@@std@@QAEAAV01@$$QAV01@@Z 00438710 f i CommonPathfindingLib:GraphicsBufferManager.obj
 0002:00018780       ??4?$_Tree_unchecked_const_iterator@V?$_Tree_val@U?$_Tree_simple_types@U?$pair@$$CBHPAVGraphicsBuffer@@@std@@@std@@@std@@U_Iterator_base12@2@@std@@QAEAAV01@ABV01@@Z 00438780 f i CommonPathfindingLib:GraphicsBufferManager.obj
 0002:000187f0       ??4?$_Tree_unchecked_const_iterator@V?$_Tree_val@U?$_Tree_simple_types@U?$pair@$$CBV?$basic_string@DU?$char_traits@D@std@@V?$allocator@D@2@@std@@H@std@@@std@@@std@@U_Iterator_base12@2@@std@@QAEAAV01@$$QAV01@@Z 004387f0 f i CommonPathfindingLib:GraphicsBufferManager.obj
 0002:00018860       ??4?$_Tree_unchecked_const_iterator@V?$_Tree_val@U?$_Tree_simple_types@U?$pair@$$CBV?$basic_string@DU?$char_traits@D@std@@V?$allocator@D@2@@std@@H@std@@@std@@@std@@U_Iterator_base12@2@@std@@QAEAAV01@ABV01@@Z 00438860 f i CommonPathfindingLib:GraphicsBufferManager.obj
 0002:000188d0       ??4_Iterator_base12@std@@QAEAAU01@ABU01@@Z 004388d0 f i CommonPathfindingLib:GraphicsBufferManager.obj
 0002:00018a00       ??8?$_Tree_const_iterator@V?$_Tree_val@U?$_Tree_simple_types@U?$pair@$$CBHPAVGraphicsBuffer@@@std@@@std@@@std@@@std@@QBE_NABV01@@Z 00438a00 f i CommonPathfindingLib:GraphicsBufferManager.obj
 0002:00018af0       ??8?$_Tree_const_iterator@V?$_Tree_val@U?$_Tree_simple_types@U?$pair@$$CBV?$basic_string@DU?$char_traits@D@std@@V?$allocator@D@2@@std@@H@std@@@std@@@std@@@std@@QBE_NABV01@@Z 00438af0 f i CommonPathfindingLib:GraphicsBufferManager.obj
 0002:00018be0       ??9?$_Tree_const_iterator@V?$_Tree_val@U?$_Tree_simple_types@U?$pair@$$CBHPAVGraphicsBuffer@@@std@@@std@@@std@@@std@@QBE_NABV01@@Z 00438be0 f i CommonPathfindingLib:GraphicsBufferManager.obj
 0002:00018c70       ??9?$_Tree_const_iterator@V?$_Tree_val@U?$_Tree_simple_types@U?$pair@$$CBV?$basic_string@DU?$char_traits@D@std@@V?$allocator@D@2@@std@@H@std@@@std@@@std@@@std@@QBE_NABV01@@Z 00438c70 f i CommonPathfindingLib:GraphicsBufferManager.obj
 0002:00018d00       ??A?$map@HPAVGraphicsBuffer@@U?$less@H@std@@V?$allocator@U?$pair@$$CBHPAVGraphicsBuffer@@@std@@@3@@std@@QAEAAPAVGraphicsBuffer@@ABH@Z 00438d00 f i CommonPathfindingLib:GraphicsBufferManager.obj
[...]
 0005:00000064       \177KERNEL32_NULL_THUNK_DATA 00475064     kernel32:KERNEL32.dll
 0005:000000a4       __imp_??6?$basic_ostream@DU?$char_traits@D@std@@@std@@QAEAAV01@P6AAAV01@AAV01@@Z@Z 004750a4     msvcprtd:MSVCP140D.dll
 0005:000000a8       __imp_?widen@?$basic_ios@DU?$char_traits@D@std@@@std@@QBEDD@Z 004750a8     msvcprtd:MSVCP140D.dll
 0005:000000ac       __imp_??5?$basic_istream@DU?$char_traits@D@std@@@std@@QAEAAV01@AAH@Z 004750ac     msvcprtd:MSVCP140D.dll
 0005:000000b0       __imp_??6?$basic_ostream@DU?$char_traits@D@std@@@std@@QAEAAV01@H@Z 004750b0     msvcprtd:MSVCP140D.dll
 0005:000000b4       __imp_?cout@std@@3V?$basic_ostream@DU?$char_traits@D@std@@@1@A 004750b4     msvcprtd:MSVCP140D.dll
 0005:000000b8       __imp_?id@?$codecvt@DDU_Mbstatet@@@std@@2V0locale@2@A 004750b8     msvcprtd:MSVCP140D.dll
 0005:000000bc       __imp_?_BADOFF@std@@3_JB   004750bc     msvcprtd:MSVCP140D.dll
 0005:000000c0       __imp_?xsputn@?$basic_streambuf@DU?$char_traits@D@std@@@std@@MAE_JPBD_J@Z 004750c0     msvcprtd:MSVCP140D.dll
 0005:000000c4       __imp_?xsgetn@?$basic_streambuf@DU?$char_traits@D@std@@@std@@MAE_JPAD_J@Z 004750c4     msvcprtd:MSVCP140D.dll
 0005:000000c8       __imp_?showmanyc@?$basic_streambuf@DU?$char_traits@D@std@@@std@@MAE_JXZ 004750c8     msvcprtd:MSVCP140D.dll
 0005:000000cc       __imp_?_Fiopen@std@@YAPAU_iobuf@@PBDHH@Z 004750cc     msvcprtd:MSVCP140D.dll
 0005:000000d0       __imp_??1?$basic_istream@DU?$char_traits@D@std@@@std@@UAE@XZ 004750d0     msvcprtd:MSVCP140D.dll
 0005:000000d4       __imp_??0?$basic_istream@DU?$char_traits@D@std@@@std@@QAE@PAV?$basic_streambuf@DU?$char_traits@D@std@@@1@_N@Z 004750d4     msvcprtd:MSVCP140D.dll
 0005:000000d8       __imp_?flush@?$basic_ostream@DU?$char_traits@D@std@@@std@@QAEAAV12@XZ 004750d8     msvcprtd:MSVCP140D.dll
 0005:000000dc       __imp_?_Osfx@?$basic_ostream@DU?$char_traits@D@std@@@std@@QAEXXZ 004750dc     msvcprtd:MSVCP140D.dll
 0005:000000e0       __imp_??6?$basic_ostream@DU?$char_traits@D@std@@@std@@QAEAAV01@PBX@Z 004750e0     msvcprtd:MSVCP140D.dll
 0005:000000e4       __imp_?put@?$basic_ostream@DU?$char_traits@D@std@@@std@@QAEAAV12@D@Z 004750e4     msvcprtd:MSVCP140D.dll
 0005:000000e8       __imp_??0?$basic_ostream@DU?$char_traits@D@std@@@std@@QAE@PAV?$basic_streambuf@DU?$char_traits@D@std@@@1@_N@Z 004750e8     msvcprtd:MSVCP140D.dll
 0005:000000ec       __imp_??6?$basic_ostream@DU?$char_traits@D@std@@@std@@QAEAAV01@I@Z 004750ec     msvcprtd:MSVCP140D.dll
 0005:000000f0       __imp_??0_Lockit@std@@QAE@H@Z 004750f0     msvcprtd:MSVCP140D.dll
 0005:000000f4       __imp_??1_Lockit@std@@QAE@XZ 004750f4     msvcprtd:MSVCP140D.dll
 0005:000000f8       __imp_?_Xbad_alloc@std@@YAXXZ 004750f8     msvcprtd:MSVCP140D.dll
 0005:000000fc       __imp_?_Xlength_error@std@@YAXPBD@Z 004750fc     msvcprtd:MSVCP140D.dll
 0005:00000100       __imp_?uncaught_exception@std@@YA_NXZ 00475100     msvcprtd:MSVCP140D.dll
 0005:00000104       __imp_?_Debug_message@std@@YAXPB_W0I@Z 00475104     msvcprtd:MSVCP140D.dll
 0005:00000108       __imp_?_Xout_of_range@std@@YAXPBD@Z 00475108     msvcprtd:MSVCP140D.dll
 0005:0000010c       __imp_??Bid@locale@std@@QAEIXZ 0047510c     msvcprtd:MSVCP140D.dll
 0005:00000110       __imp_?_Getgloballocale@locale@std@@CAPAV_Locimp@12@XZ 00475110     msvcprtd:MSVCP140D.dll
 0005:00000114       __imp_?always_noconv@codecvt_base@std@@QBE_NXZ 00475114     msvcprtd:MSVCP140D.dll
 0005:00000118       __imp_?in@?$codecvt@DDU_Mbstatet@@@std@@QBEHAAU_Mbstatet@@PBD1AAPBDPAD3AAPAD@Z 00475118     msvcprtd:MSVCP140D.dll
 0005:0000011c       __imp_?out@?$codecvt@DDU_Mbstatet@@@std@@QBEHAAU_Mbstatet@@PBD1AAPBDPAD3AAPAD@Z 0047511c     msvcprtd:MSVCP140D.dll
 0005:00000120       __imp_?unshift@?$codecvt@DDU_Mbstatet@@@std@@QBEHAAU_Mbstatet@@PAD1AAPAD@Z 00475120     msvcprtd:MSVCP140D.dll
 0005:00000124       __imp_?_Getcat@?$codecvt@DDU_Mbstatet@@@std@@SAIPAPBVfacet@locale@2@PBV42@@Z 00475124     msvcprtd:MSVCP140D.dll
 0005:00000128       __imp_?good@ios_base@std@@QBE_NXZ 00475128     msvcprtd:MSVCP140D.dll
 0005:0000012c       __imp_?flags@ios_base@std@@QBEHXZ 0047512c     msvcprtd:MSVCP140D.dll
 0005:00000130       __imp_?width@ios_base@std@@QBE_JXZ 00475130     msvcprtd:MSVCP140D.dll
 0005:00000134       __imp_?width@ios_base@std@@QAE_J_J@Z 00475134     msvcprtd:MSVCP140D.dll
 0005:00000138       __imp_??0?$basic_streambuf@DU?$char_traits@D@std@@@std@@IAE@XZ 00475138     msvcprtd:MSVCP140D.dll
 0005:0000013c       __imp_??1?$basic_streambuf@DU?$char_traits@D@std@@@std@@UAE@XZ 0047513c     msvcprtd:MSVCP140D.dll
 0005:00000140       __imp_?getloc@?$basic_streambuf@DU?$char_traits@D@std@@@std@@QBE?AVlocale@2@XZ 00475140     msvcprtd:MSVCP140D.dll
 0005:00000144       __imp_?sputc@?$basic_streambuf@DU?$char_traits@D@std@@@std@@QAEHD@Z 00475144     msvcprtd:MSVCP140D.dll
 0005:00000148       __imp_?sputn@?$basic_streambuf@DU?$char_traits@D@std@@@std@@QAE_JPBD_J@Z 00475148     msvcprtd:MSVCP140D.dll
 0005:0000014c       __imp_?eback@?$basic_streambuf@DU?$char_traits@D@std@@@std@@IBEPADXZ 0047514c     msvcprtd:MSVCP140D.dll
 0005:00000150       __imp_?gptr@?$basic_streambuf@DU?$char_traits@D@std@@@std@@IBEPADXZ 00475150     msvcprtd:MSVCP140D.dll
 0005:00000154       __imp_?pptr@?$basic_streambuf@DU?$char_traits@D@std@@@std@@IBEPADXZ 00475154     msvcprtd:MSVCP140D.dll
 0005:00000158       __imp_?egptr@?$basic_streambuf@DU?$char_traits@D@std@@@std@@IBEPADXZ 00475158     msvcprtd:MSVCP140D.dll
 0005:0000015c       __imp_?setg@?$basic_streambuf@DU?$char_traits@D@std@@@std@@IAEXPAD00@Z 0047515c     msvcprtd:MSVCP140D.dll
 0005:00000160       __imp_?epptr@?$basic_streambuf@DU?$char_traits@D@std@@@std@@IBEPADXZ 00475160     msvcprtd:MSVCP140D.dll
 0005:00000164       __imp_?_Gndec@?$basic_streambuf@DU?$char_traits@D@std@@@std@@IAEPADXZ 00475164     msvcprtd:MSVCP140D.dll
 0005:00000168       __imp_?_Gninc@?$basic_streambuf@DU?$char_traits@D@std@@@std@@IAEPADXZ 00475168     msvcprtd:MSVCP140D.dll
 0005:0000016c       __imp_?_Pninc@?$basic_streambuf@DU?$char_traits@D@std@@@std@@IAEPADXZ 0047516c     msvcprtd:MSVCP140D.dll
 0005:00000170       __imp_?_Init@?$basic_streambuf@DU?$char_traits@D@std@@@std@@IAEXXZ 00475170     msvcprtd:MSVCP140D.dll
 0005:00000174       __imp_?_Init@?$basic_streambuf@DU?$char_traits@D@std@@@std@@IAEXPAPAD0PAH001@Z 00475174     msvcprtd:MSVCP140D.dll
 0005:00000178       __imp_??1?$basic_ios@DU?$char_traits@D@std@@@std@@UAE@XZ 00475178     msvcprtd:MSVCP140D.dll
 0005:0000017c       __imp_?setstate@?$basic_ios@DU?$char_traits@D@std@@@std@@QAEXH_N@Z 0047517c     msvcprtd:MSVCP140D.dll
 0005:00000180       __imp_?tie@?$basic_ios@DU?$char_traits@D@std@@@std@@QBEPAV?$basic_ostream@DU?$char_traits@D@std@@@2@XZ 00475180     msvcprtd:MSVCP140D.dll
 0005:00000184       __imp_?rdbuf@?$basic_ios@DU?$char_traits@D@std@@@std@@QBEPAV?$basic_streambuf@DU?$char_traits@D@std@@@2@XZ 00475184     msvcprtd:MSVCP140D.dll
 0005:00000188       __imp_?fill@?$basic_ios@DU?$char_traits@D@std@@@std@@QBEDXZ 00475188     msvcprtd:MSVCP140D.dll
 0005:0000018c       __imp_??0?$basic_ios@DU?$char_traits@D@std@@@std@@IAE@XZ 0047518c     msvcprtd:MSVCP140D.dll
 0005:00000190       __imp_??1?$basic_ostream@DU?$char_traits@D@std@@@std@@UAE@XZ 00475190     msvcprtd:MSVCP140D.dll
 0005:00000194       \177MSVCP140D_NULL_THUNK_DATA 00475194     msvcprtd:MSVCP140D.dll
 0005:000001f0       __imp__memcmp              004751f0     vcruntimed:VCRUNTIME140D.dll
 0005:000001f4       __imp____vcrt_LoadLibraryExW 004751f4     vcruntimed:VCRUNTIME140D.dll
 0005:000001f8       __imp____vcrt_GetModuleHandleW 004751f8     vcruntimed:VCRUNTIME140D.dll
 0005:000001fc       __imp____vcrt_GetModuleFileNameW 004751fc     vcruntimed:VCRUNTIME140D.dll
 0005:00000200       __imp____std_type_info_destroy_list 00475200     vcruntimed:VCRUNTIME140D.dll
 0005:00000204       __imp___except_handler4_common 00475204     vcruntimed:VCRUNTIME140D.dll
 0005:00000208       __imp____RTDynamicCast     00475208     vcruntimed:VCRUNTIME140D.dll
 0005:0000020c       __imp___CxxThrowException@8 0047520c     vcruntimed:VCRUNTIME140D.dll
 0005:00000210       __imp____std_exception_destroy 00475210     vcruntimed:VCRUNTIME140D.dll
 0005:00000214       __imp____std_exception_copy 00475214     vcruntimed:VCRUNTIME140D.dll
 0005:00000218       __imp__memset              00475218     vcruntimed:VCRUNTIME140D.dll
 0005:0000021c       __imp____CxxFrameHandler3  0047521c     vcruntimed:VCRUNTIME140D.dll
 0005:00000220       __imp__memmove             00475220     vcruntimed:VCRUNTIME140D.dll
 0005:00000224       __imp__memcpy              00475224     vcruntimed:VCRUNTIME140D.dll
 0005:00000228       \177VCRUNTIME140D_NULL_THUNK_DATA 00475228     vcruntimed:VCRUNTIME140D.dll
 0005:0000025c       __imp__al_draw_filled_rectangle 0047525c     allegro-5.0.10-monolith-md:allegro-5.0.10-monolith-md.dll
 0005:00000260       __imp__al_shutdown_primitives_addon 00475260     allegro-5.0.10-monolith-md:allegro-5.0.10-monolith-md.dll
 0005:00000264       __imp__al_create_display   00475264     allegro-5.0.10-monolith-md:allegro-5.0.10-monolith-md.dll
 0005:00000268       __imp__al_shutdown_ttf_addon 00475268     allegro-5.0.10-monolith-md:allegro-5.0.10-monolith-md.dll
 0005:0000026c       __imp__al_destroy_display  0047526c     allegro-5.0.10-monolith-md:allegro-5.0.10-monolith-md.dll
 0005:00000270       __imp__al_set_target_bitmap 00475270     allegro-5.0.10-monolith-md:allegro-5.0.10-monolith-md.dll
 0005:00000274       __imp__al_get_backbuffer   00475274     allegro-5.0.10-monolith-md:allegro-5.0.10-monolith-md.dll
 0005:00000278       __imp__al_get_target_bitmap 00475278     allegro-5.0.10-monolith-md:allegro-5.0.10-monolith-md.dll
 0005:0000027c       __imp__al_flip_display     0047527c     allegro-5.0.10-monolith-md:allegro-5.0.10-monolith-md.dll
 0005:00000280       __imp__al_create_sub_bitmap 00475280     allegro-5.0.10-monolith-md:allegro-5.0.10-monolith-md.dll
 0005:00000284       __imp__al_draw_bitmap      00475284     allegro-5.0.10-monolith-md:allegro-5.0.10-monolith-md.dll
 0005:00000288       __imp__al_draw_rotated_bitmap 00475288     allegro-5.0.10-monolith-md:allegro-5.0.10-monolith-md.dll
 0005:0000028c       __imp__al_get_bitmap_width 0047528c     allegro-5.0.10-monolith-md:allegro-5.0.10-monolith-md.dll
 0005:00000290       __imp__al_create_bitmap    00475290     allegro-5.0.10-monolith-md:allegro-5.0.10-monolith-md.dll
 0005:00000294       __imp__al_destroy_bitmap   00475294     allegro-5.0.10-monolith-md:allegro-5.0.10-monolith-md.dll
 0005:00000298       __imp__al_clone_bitmap     00475298     allegro-5.0.10-monolith-md:allegro-5.0.10-monolith-md.dll
 0005:0000029c       __imp__al_load_bitmap      0047529c     allegro-5.0.10-monolith-md:allegro-5.0.10-monolith-md.dll
 0005:000002a0       __imp__al_clear_to_color   004752a0     allegro-5.0.10-monolith-md:allegro-5.0.10-monolith-md.dll
 0005:000002a4       __imp__al_init_primitives_addon 004752a4     allegro-5.0.10-monolith-md:allegro-5.0.10-monolith-md.dll
 0005:000002a8       __imp__al_get_bitmap_height 004752a8     allegro-5.0.10-monolith-md:allegro-5.0.10-monolith-md.dll
 0005:000002ac       __imp__al_get_mouse_state  004752ac     allegro-5.0.10-monolith-md:allegro-5.0.10-monolith-md.dll
 0005:000002b0       __imp__al_mouse_button_down 004752b0     allegro-5.0.10-monolith-md:allegro-5.0.10-monolith-md.dll
 0005:000002b4       __imp__al_get_keyboard_state 004752b4     allegro-5.0.10-monolith-md:allegro-5.0.10-monolith-md.dll
 0005:000002b8       __imp__al_key_down         004752b8     allegro-5.0.10-monolith-md:allegro-5.0.10-monolith-md.dll
 0005:000002bc       __imp__al_install_keyboard 004752bc     allegro-5.0.10-monolith-md:allegro-5.0.10-monolith-md.dll
 0005:000002c0       __imp__al_uninstall_keyboard 004752c0     allegro-5.0.10-monolith-md:allegro-5.0.10-monolith-md.dll
 0005:000002c4       __imp__al_install_mouse    004752c4     allegro-5.0.10-monolith-md:allegro-5.0.10-monolith-md.dll
 0005:000002c8       __imp__al_uninstall_mouse  004752c8     allegro-5.0.10-monolith-md:allegro-5.0.10-monolith-md.dll
 0005:000002cc       __imp__al_install_system   004752cc     allegro-5.0.10-monolith-md:allegro-5.0.10-monolith-md.dll
 0005:000002d0       __imp__al_install_audio    004752d0     allegro-5.0.10-monolith-md:allegro-5.0.10-monolith-md.dll
 0005:000002d4       __imp__al_uninstall_audio  004752d4     allegro-5.0.10-monolith-md:allegro-5.0.10-monolith-md.dll
 0005:000002d8       __imp__al_reserve_samples  004752d8     allegro-5.0.10-monolith-md:allegro-5.0.10-monolith-md.dll
 0005:000002dc       __imp__al_init_acodec_addon 004752dc     allegro-5.0.10-monolith-md:allegro-5.0.10-monolith-md.dll
 0005:000002e0       __imp__al_init_image_addon 004752e0     allegro-5.0.10-monolith-md:allegro-5.0.10-monolith-md.dll
 0005:000002e4       __imp__al_shutdown_image_addon 004752e4     allegro-5.0.10-monolith-md:allegro-5.0.10-monolith-md.dll
 0005:000002e8       __imp__al_destroy_font     004752e8     allegro-5.0.10-monolith-md:allegro-5.0.10-monolith-md.dll
 0005:000002ec       __imp__al_init_font_addon  004752ec     allegro-5.0.10-monolith-md:allegro-5.0.10-monolith-md.dll
 0005:000002f0       __imp__al_shutdown_font_addon 004752f0     allegro-5.0.10-monolith-md:allegro-5.0.10-monolith-md.dll
 0005:000002f4       __imp__al_load_ttf_font    004752f4     allegro-5.0.10-monolith-md:allegro-5.0.10-monolith-md.dll
 0005:000002f8       __imp__al_init_ttf_addon   004752f8     allegro-5.0.10-monolith-md:allegro-5.0.10-monolith-md.dll
 0005:000002fc       \177allegro-5.0.10-monolith-md_NULL_THUNK_DATA 004752fc     allegro-5.0.10-monolith-md:allegro-5.0.10-monolith-md.dll
 0005:00000348       __imp___time64             00475348     ucrtd:ucrtbased.dll
 0005:0000034c       __imp___wassert            0047534c     ucrtd:ucrtbased.dll
 0005:00000350       __imp____acrt_iob_func     00475350     ucrtd:ucrtbased.dll
 0005:00000354       __imp____stdio_common_vfprintf 00475354     ucrtd:ucrtbased.dll
 0005:00000358       __imp__free                00475358     ucrtd:ucrtbased.dll
 0005:0000035c       __imp__malloc              0047535c     ucrtd:ucrtbased.dll
 0005:00000360       __imp__rand                00475360     ucrtd:ucrtbased.dll
 0005:00000364       __imp___free_dbg           00475364     ucrtd:ucrtbased.dll
 0005:00000368       __imp___malloc_dbg         00475368     ucrtd:ucrtbased.dll
 0005:0000036c       __imp___callnewh           0047536c     ucrtd:ucrtbased.dll
 0005:00000370       __imp___CrtDbgReport       00475370     ucrtd:ucrtbased.dll
 0005:00000374       __imp___seh_filter_dll     00475374     ucrtd:ucrtbased.dll
 0005:00000378       __imp___configure_narrow_argv 00475378     ucrtd:ucrtbased.dll
 0005:0000037c       __imp___initialize_narrow_environment 0047537c     ucrtd:ucrtbased.dll
 0005:00000380       __imp___initialize_onexit_table 00475380     ucrtd:ucrtbased.dll
 0005:00000384       __imp___register_onexit_function 00475384     ucrtd:ucrtbased.dll
 0005:00000388       __imp___execute_onexit_table 00475388     ucrtd:ucrtbased.dll
 0005:0000038c       __imp___crt_atexit         0047538c     ucrtd:ucrtbased.dll
 0005:00000390       __imp___crt_at_quick_exit  00475390     ucrtd:ucrtbased.dll
 0005:00000394       __imp___cexit              00475394     ucrtd:ucrtbased.dll
 0005:00000398       __imp___seh_filter_exe     00475398     ucrtd:ucrtbased.dll
 0005:0000039c       __imp___set_app_type       0047539c     ucrtd:ucrtbased.dll
 0005:000003a0       __imp____setusermatherr    004753a0     ucrtd:ucrtbased.dll
 0005:000003a4       __imp___get_initial_narrow_environment 004753a4     ucrtd:ucrtbased.dll
 0005:000003a8       __imp___initterm           004753a8     ucrtd:ucrtbased.dll
 0005:000003ac       __imp___initterm_e         004753ac     ucrtd:ucrtbased.dll
 0005:000003b0       __imp__exit                004753b0     ucrtd:ucrtbased.dll
 0005:000003b4       __imp___exit               004753b4     ucrtd:ucrtbased.dll
 0005:000003b8       __imp___set_fmode          004753b8     ucrtd:ucrtbased.dll
 0005:000003bc       __imp____p___argc          004753bc     ucrtd:ucrtbased.dll
 0005:000003c0       __imp____p___argv          004753c0     ucrtd:ucrtbased.dll
 0005:000003c4       __imp___c_exit             004753c4     ucrtd:ucrtbased.dll
 0005:000003c8       __imp___register_thread_local_exe_atexit_callback 004753c8     ucrtd:ucrtbased.dll
 0005:000003cc       __imp___configthreadlocale 004753cc     ucrtd:ucrtbased.dll
 0005:000003d0       __imp___set_new_mode       004753d0     ucrtd:ucrtbased.dll
 0005:000003d4       __imp____p__commode        004753d4     ucrtd:ucrtbased.dll
 0005:000003d8       __imp___except1            004753d8     ucrtd:ucrtbased.dll
 0005:000003dc       __imp__strcpy_s            004753dc     ucrtd:ucrtbased.dll
 0005:000003e0       __imp__strcat_s            004753e0     ucrtd:ucrtbased.dll
 0005:000003e4       __imp____stdio_common_vsprintf_s 004753e4     ucrtd:ucrtbased.dll
 0005:000003e8       __imp__terminate           004753e8     ucrtd:ucrtbased.dll
 0005:000003ec       __imp___controlfp_s        004753ec     ucrtd:ucrtbased.dll
 0005:000003f0       __imp___wmakepath_s        004753f0     ucrtd:ucrtbased.dll
 0005:000003f4       __imp___wsplitpath_s       004753f4     ucrtd:ucrtbased.dll
 0005:000003f8       __imp__wcscpy_s            004753f8     ucrtd:ucrtbased.dll
 0005:000003fc       __imp___invalid_parameter  004753fc     ucrtd:ucrtbased.dll
 0005:00000400       __imp__srand               00475400     ucrtd:ucrtbased.dll
 0005:00000404       __imp___unlock_file        00475404     ucrtd:ucrtbased.dll
 0005:00000408       __imp___lock_file          00475408     ucrtd:ucrtbased.dll
 0005:0000040c       __imp__ungetc              0047540c     ucrtd:ucrtbased.dll
 0005:00000410       __imp__setvbuf             00475410     ucrtd:ucrtbased.dll
 0005:00000414       __imp__fwrite              00475414     ucrtd:ucrtbased.dll
 0005:00000418       __imp___fseeki64           00475418     ucrtd:ucrtbased.dll
 0005:0000041c       __imp__fsetpos             0047541c     ucrtd:ucrtbased.dll
 0005:00000420       __imp__fputc               00475420     ucrtd:ucrtbased.dll
 0005:00000424       __imp__fgetpos             00475424     ucrtd:ucrtbased.dll
 0005:00000428       __imp__fgetc               00475428     ucrtd:ucrtbased.dll
 0005:0000042c       __imp__fflush              0047542c     ucrtd:ucrtbased.dll
 0005:00000430       __imp__fclose              00475430     ucrtd:ucrtbased.dll
 0005:00000434       __imp___get_stream_buffer_pointers 00475434     ucrtd:ucrtbased.dll
 0005:00000438       __imp__system              00475438     ucrtd:ucrtbased.dll
 0005:0000043c       __imp___errno              0047543c     ucrtd:ucrtbased.dll
 0005:00000440       __imp___invalid_parameter_noinfo 00475440     ucrtd:ucrtbased.dll
 0005:00000444       __imp___CrtDbgReportW      00475444     ucrtd:ucrtbased.dll
 0005:00000448       __imp__strlen              00475448     ucrtd:ucrtbased.dll
 0005:0000044c       __imp__atan                0047544c     ucrtd:ucrtbased.dll
 0005:00000450       __imp__sqrt                00475450     ucrtd:ucrtbased.dll
 0005:00000454       \177ucrtbased_NULL_THUNK_DATA 00475454     ucrtd:ucrtbased.dll
 0005:000004b4       __IMPORT_DESCRIPTOR_allegro-5.0.10-monolith-md 004754b4     allegro-5.0.10-monolith-md:allegro-5.0.10-monolith-md.dll
 0005:000004c8       __IMPORT_DESCRIPTOR_KERNEL32 004754c8     kernel32:KERNEL32.dll
 0005:000004dc       __IMPORT_DESCRIPTOR_MSVCP140D 004754dc     msvcprtd:MSVCP140D.dll
 0005:000004f0       __IMPORT_DESCRIPTOR_VCRUNTIME140D 004754f0     vcruntimed:VCRUNTIME140D.dll
 0005:00000504       __IMPORT_DESCRIPTOR_ucrtbased 00475504     ucrtd:ucrtbased.dll
 0005:00000518       __NULL_IMPORT_DESCRIPTOR   00475518     allegro-5.0.10-monolith-md:allegro-5.0.10-monolith-md.dll
 0006:00000000       ___guard_check_icall_fptr  00478000     MSVCRTD:guard_support.obj
