 Editor

 Timestamp is 5a012389 (Mon Nov  6 22:07:53 2017)

 Preferred load address is 00400000

 Start         Length     Name                   Class
 0001:00000000 00022689H .textbss                DATA
 0002:00000000 000065d0H .text$di                CODE
 0002:000065d0 00043180H .text$mn                CODE
 0002:00049750 00004590H .text$x                 CODE
 0002:0004dce0 00001106H .text$yd                CODE
 0003:00000000 00000104H .CRT$XCA                DATA
 0003:00000104 00000104H .CRT$XCAA               DATA
 0003:00000208 00000104H .CRT$XCL                DATA
 0003:0000030c 0000012cH .CRT$XCU                DATA
 0003:00000438 00000104H .CRT$XCZ                DATA
 0003:0000053c 00000104H .CRT$XIA                DATA
 0003:00000640 00000104H .CRT$XIAA               DATA
 0003:00000744 00000104H .CRT$XIAC               DATA
 0003:00000848 00000104H .CRT$XIZ                DATA
 0003:0000094c 00000104H .CRT$XPA                DATA
 0003:00000a50 00000104H .CRT$XPZ                DATA
 0003:00000b54 00000104H .CRT$XTA                DATA
 0003:00000c58 00000108H .CRT$XTZ                DATA
 0003:00000d60 00006354H .rdata                  DATA
 0003:000070b4 0000077cH .rdata$r                DATA
 0003:00007830 000001a0H .rdata$zzzdbg           DATA
 0003:000079d0 00000104H .rtc$IAA                DATA
 0003:00007ad4 00000144H .rtc$IMZ                DATA
 0003:00007c18 00000104H .rtc$IZZ                DATA
 0003:00007d1c 00000104H .rtc$TAA                DATA
 0003:00007e20 00000144H .rtc$TMZ                DATA
 0003:00007f64 00000104H .rtc$TZZ                DATA
 0003:00008068 000035e2H .xdata$x                DATA
 0003:0000b64a 00000000H .edata                  DATA
 0004:00000000 000001a0H .data                   DATA
 0004:000001a0 00000448H .data$r                 DATA
 0004:000005e8 00000504H .bss                    DATA
 0005:00000000 000004b4H .idata$5                DATA
 0005:000004b4 00000064H .idata$2                DATA
 0005:00000518 00000014H .idata$3                DATA
 0005:0000052c 000004b4H .idata$4                DATA
 0005:000009e0 00001c5fH .idata$6                DATA
 0006:00000000 00000104H .00cfg                  DATA
 0007:00000000 00000170H .rsrc$01                DATA
 0007:00000170 000002ccH .rsrc$02                DATA

  Address         Publics by Value              Rva+Base       Lib:Object

 0000:00000000       ___guard_iat_count         00000000     <absolute>
 0000:00000000       ___safe_se_handler_count   00000000     <absolute>
 0000:00000000       ___guard_longjmp_count     00000000     <absolute>
 0000:00000000       ___guard_fids_count        00000000     <absolute>
 0000:00000000       ___guard_fids_table        00000000     <absolute>
 0000:00000000       ___guard_iat_table         00000000     <absolute>
 0000:00000000       ___safe_se_handler_table   00000000     <absolute>
 0000:00000000       ___dynamic_value_reloc_table 00000000     <absolute>
 0000:00000000       ___guard_longjmp_table     00000000     <absolute>
 0000:00000100       ___guard_flags             00000100     <absolute>
 0000:00000000       ___ImageBase               00400000     <linker-defined>
 0001:00000000       __enc$textbss$begin        00401000     <linker-defined>
 0001:00022689       __enc$textbss$end          00423689     <linker-defined>
 0002:000065d0       ??$?0$$V@?$_Compressed_pair@U?$_Wrap_alloc@V?$allocator@D@std@@@std@@V?$_String_val@U?$_Simple_types@D@std@@@2@$00@std@@QAE@U_Zero_then_variadic_args_t@1@@Z 0042a5d0 f i Editor.obj
 0002:00006630       ??$?0AAU?$_Wrap_alloc@V?$allocator@D@std@@@std@@@?$_Wrap_alloc@V?$allocator@U_Container_proxy@std@@@std@@@std@@QAE@AAU?$_Wrap_alloc@V?$allocator@D@std@@@1@@Z 0042a630 f i Editor.obj
 0002:000066a0       ??$?0D@?$allocator@U_Container_proxy@std@@@std@@QAE@ABV?$allocator@D@1@@Z 0042a6a0 f i Editor.obj
 0002:000066e0       ??$_Min_value@I@std@@YAABIABI0@Z 0042a6e0 f i Editor.obj
 0002:00006750       ??$_Unfancy@D@std@@YAPADPAD@Z 0042a750 f i Editor.obj
 0002:00006790       ??$_Unfancy@U_Container_proxy@std@@@std@@YAPAU_Container_proxy@0@PAU10@@Z 0042a790 f i Editor.obj
 0002:000067d0       ??$addressof@$$CBV?$basic_string@DU?$char_traits@D@std@@V?$allocator@D@2@@std@@@std@@YAPBV?$basic_string@DU?$char_traits@D@std@@V?$allocator@D@2@@0@ABV10@@Z 0042a7d0 f i Editor.obj
 0002:00006810       ??$addressof@PAD@std@@YAPAPADAAPAD@Z 0042a810 f i Editor.obj
 0002:00006850       ??$addressof@U_Container_proxy@std@@@std@@YAPAU_Container_proxy@0@AAU10@@Z 0042a850 f i Editor.obj
 0002:00006890       ??$addressof@V?$_String_val@U?$_Simple_types@D@std@@@std@@@std@@YAPAV?$_String_val@U?$_Simple_types@D@std@@@0@AAV10@@Z 0042a890 f i Editor.obj
 0002:000068d0       ??$construct@PADAAPAD@?$_Wrap_alloc@V?$allocator@D@std@@@std@@QAEXPAPADAAPAD@Z 0042a8d0 f i Editor.obj
 0002:00006940       ??$construct@PADAAPAD@?$allocator@D@std@@QAEXPAPADAAPAD@Z 0042a940 f i Editor.obj
 0002:000069f0       ??$construct@PADAAPAD@?$allocator_traits@V?$allocator@D@std@@@std@@SAXAAV?$allocator@D@1@PAPADAAPAD@Z 0042a9f0 f i Editor.obj
 0002:00006a50       ??$construct@U_Container_proxy@std@@U12@@?$_Wrap_alloc@V?$allocator@U_Container_proxy@std@@@std@@@std@@QAEXPAU_Container_proxy@1@$$QAU21@@Z 0042aa50 f i Editor.obj
 0002:00006ac0       ??$construct@U_Container_proxy@std@@U12@@?$allocator@U_Container_proxy@std@@@std@@QAEXPAU_Container_proxy@1@$$QAU21@@Z 0042aac0 f i Editor.obj
 0002:00006b70       ??$construct@U_Container_proxy@std@@U12@@?$allocator_traits@V?$allocator@U_Container_proxy@std@@@std@@@std@@SAXAAV?$allocator@U_Container_proxy@std@@@1@PAU_Container_proxy@1@$$QAU31@@Z 0042ab70 f i Editor.obj
 0002:00006bd0       ??$destroy@PAD@?$_Wrap_alloc@V?$allocator@D@std@@@std@@QAEXPAPAD@Z 0042abd0 f i Editor.obj
 0002:00006c30       ??$destroy@PAD@?$allocator@D@std@@QAEXPAPAD@Z 0042ac30 f i Editor.obj
 0002:00006c70       ??$destroy@PAD@?$allocator_traits@V?$allocator@D@std@@@std@@SAXAAV?$allocator@D@1@PAPAD@Z 0042ac70 f i Editor.obj
 0002:00006cc0       ??$destroy@U_Container_proxy@std@@@?$_Wrap_alloc@V?$allocator@U_Container_proxy@std@@@std@@@std@@QAEXPAU_Container_proxy@1@@Z 0042acc0 f i Editor.obj
 0002:00006d20       ??$destroy@U_Container_proxy@std@@@?$allocator@U_Container_proxy@std@@@std@@QAEXPAU_Container_proxy@1@@Z 0042ad20 f i Editor.obj
 0002:00006d60       ??$destroy@U_Container_proxy@std@@@?$allocator_traits@V?$allocator@U_Container_proxy@std@@@std@@@std@@SAXAAV?$allocator@U_Container_proxy@std@@@1@PAU_Container_proxy@1@@Z 0042ad60 f i Editor.obj
 0002:00006db0       ??$forward@AAPAD@std@@YAAAPADAAPAD@Z 0042adb0 f i Editor.obj
 0002:00006df0       ??$forward@AAU?$_Wrap_alloc@V?$allocator@D@std@@@std@@@std@@YAAAU?$_Wrap_alloc@V?$allocator@D@std@@@0@AAU10@@Z 0042adf0 f i Editor.obj
 0002:00006e30       ??$forward@U_Container_proxy@std@@@std@@YA$$QAU_Container_proxy@0@AAU10@@Z 0042ae30 f i Editor.obj
 0002:00006e70       ??0?$_String_alloc@U?$_String_base_types@DV?$allocator@D@std@@@std@@@std@@QAE@XZ 0042ae70 f i Editor.obj
 0002:00006f20       ??0?$_String_val@U?$_Simple_types@D@std@@@std@@QAE@XZ 0042af20 f i Editor.obj
 0002:00006fe0       ??0?$_Wrap_alloc@V?$allocator@D@std@@@std@@QAE@XZ 0042afe0 f i Editor.obj
 0002:00007040       ??0?$allocator@D@std@@QAE@XZ 0042b040 f i Editor.obj
 0002:00007080       ??0?$basic_string@DU?$char_traits@D@std@@V?$allocator@D@2@@std@@QAE@QBD@Z 0042b080 f i Editor.obj
 0002:00007140       ??0Editor@@QAE@XZ          0042b140 f   Editor.obj
 0002:000071c0       ??0_Bxty@?$_String_val@U?$_Simple_types@D@std@@@std@@QAE@XZ 0042b1c0 f i Editor.obj
 0002:00007200       ??0_Container_base12@std@@QAE@XZ 0042b200 f i Editor.obj
 0002:00007250       ??0_Container_proxy@std@@QAE@XZ 0042b250 f i Editor.obj
 0002:000072a0       ??1?$_Compressed_pair@U?$_Wrap_alloc@V?$allocator@D@std@@@std@@V?$_String_val@U?$_Simple_types@D@std@@@2@$00@std@@QAE@XZ 0042b2a0 f i Editor.obj
 0002:000072f0       ??1?$_String_alloc@U?$_String_base_types@DV?$allocator@D@std@@@std@@@std@@QAE@XZ 0042b2f0 f i Editor.obj
 0002:00007380       ??1?$_String_val@U?$_Simple_types@D@std@@@std@@QAE@XZ 0042b380 f i Editor.obj
 0002:000073e0       ??1?$basic_string@DU?$char_traits@D@std@@V?$allocator@D@2@@std@@QAE@XZ 0042b3e0 f i Editor.obj
 0002:00007470       ??1Editor@@UAE@XZ          0042b470 f   Editor.obj
 0002:00007510       ??1_Bxty@?$_String_val@U?$_Simple_types@D@std@@@std@@QAE@XZ 0042b510 f i Editor.obj
 0002:00007550       ??1_Container_base12@std@@QAE@XZ 0042b550 f i Editor.obj
 0002:000075e0       ??2@YAPAXIPAX@Z            0042b5e0 f i Editor.obj
 0002:00007620       ??_GEditor@@UAEPAXI@Z      0042b620 f i Editor.obj
 0002:00007620       ??_EEditor@@UAEPAXI@Z      0042b620 f i Editor.obj
 0002:000076b0       ??_GGrid@@QAEPAXI@Z        0042b6b0 f i Editor.obj
 0002:00007740       ??_GGridVisualizer@@QAEPAXI@Z 0042b740 f i Editor.obj
 0002:000077d0       ?_Alloc_proxy@?$_String_alloc@U?$_String_base_types@DV?$allocator@D@std@@@std@@@std@@QAEXXZ 0042b7d0 f i Editor.obj
 0002:000078e0       ?_Allocate@std@@YAPAXII_N@Z 0042b8e0 f i Editor.obj
 0002:00007b40       ?_Check_offset@?$basic_string@DU?$char_traits@D@std@@V?$allocator@D@2@@std@@QBEXI@Z 0042bb40 f i Editor.obj
 0002:00007ba0       ?_Clamp_suffix_size@?$basic_string@DU?$char_traits@D@std@@V?$allocator@D@2@@std@@QBEIII@Z 0042bba0 f i Editor.obj
 0002:00007c20       ?_Copy@?$basic_string@DU?$char_traits@D@std@@V?$allocator@D@2@@std@@QAEXI@Z 0042bc20 f i Editor.obj
 0002:00007ed0       ?_Deallocate@std@@YAXPAXII@Z 0042bed0 f i Editor.obj
 0002:000082f0       ?_Eos@?$basic_string@DU?$char_traits@D@std@@V?$allocator@D@2@@std@@QAEXI@Z 0042c2f0 f i Editor.obj
 0002:00008380       ?_Free_proxy@?$_String_alloc@U?$_String_base_types@DV?$allocator@D@std@@@std@@@std@@QAEXXZ 0042c380 f i Editor.obj
 0002:00008470       ?_Get_data@?$_String_alloc@U?$_String_base_types@DV?$allocator@D@std@@@std@@@std@@QAEAAV?$_String_val@U?$_Simple_types@D@std@@@2@XZ 0042c470 f i Editor.obj
 0002:000084c0       ?_Get_data@?$_String_alloc@U?$_String_base_types@DV?$allocator@D@std@@@std@@@std@@QBEABV?$_String_val@U?$_Simple_types@D@std@@@2@XZ 0042c4c0 f i Editor.obj
 0002:00008510       ?_Get_first@?$_Compressed_pair@U?$_Wrap_alloc@V?$allocator@D@std@@@std@@V?$_String_val@U?$_Simple_types@D@std@@@2@$00@std@@QAEAAU?$_Wrap_alloc@V?$allocator@D@std@@@2@XZ 0042c510 f i Editor.obj
 0002:00008550       ?_Get_first@?$_Compressed_pair@U?$_Wrap_alloc@V?$allocator@D@std@@@std@@V?$_String_val@U?$_Simple_types@D@std@@@2@$00@std@@QBEABU?$_Wrap_alloc@V?$allocator@D@std@@@2@XZ 0042c550 f i Editor.obj
 0002:00008590       ?_Get_second@?$_Compressed_pair@U?$_Wrap_alloc@V?$allocator@D@std@@@std@@V?$_String_val@U?$_Simple_types@D@std@@@2@$00@std@@QAEAAV?$_String_val@U?$_Simple_types@D@std@@@2@XZ 0042c590 f i Editor.obj
 0002:000085d0       ?_Get_second@?$_Compressed_pair@U?$_Wrap_alloc@V?$allocator@D@std@@@std@@V?$_String_val@U?$_Simple_types@D@std@@@2@$00@std@@QBEABV?$_String_val@U?$_Simple_types@D@std@@@2@XZ 0042c5d0 f i Editor.obj
 0002:00008610       ?_Getal@?$_String_alloc@U?$_String_base_types@DV?$allocator@D@std@@@std@@@std@@QAEAAU?$_Wrap_alloc@V?$allocator@D@std@@@2@XZ 0042c610 f i Editor.obj
 0002:00008660       ?_Getal@?$_String_alloc@U?$_String_base_types@DV?$allocator@D@std@@@std@@@std@@QBEABU?$_Wrap_alloc@V?$allocator@D@std@@@2@XZ 0042c660 f i Editor.obj
 0002:000086b0       ?_Grow@?$basic_string@DU?$char_traits@D@std@@V?$allocator@D@2@@std@@QAE_NI@Z 0042c6b0 f i Editor.obj
 0002:00008740       ?_Inside@?$basic_string@DU?$char_traits@D@std@@V?$allocator@D@2@@std@@QBE_NQBD@Z 0042c740 f i Editor.obj
 0002:000087f0       ?_Large_string_engaged@?$_String_val@U?$_Simple_types@D@std@@@std@@QBE_NXZ 0042c7f0 f i Editor.obj
 0002:00008860       ?_Myproxy@?$_String_alloc@U?$_String_base_types@DV?$allocator@D@std@@@std@@@std@@QAEAAPAU_Container_proxy@2@XZ 0042c860 f i Editor.obj
 0002:000088b0       ?_Myptr@?$_String_alloc@U?$_String_base_types@DV?$allocator@D@std@@@std@@@std@@QAEPADXZ 0042c8b0 f i Editor.obj
 0002:00008910       ?_Myptr@?$_String_alloc@U?$_String_base_types@DV?$allocator@D@std@@@std@@@std@@QBEPBDXZ 0042c910 f i Editor.obj
 0002:00008970       ?_Myptr@?$_String_val@U?$_Simple_types@D@std@@@std@@QAEPADXZ 0042c970 f i Editor.obj
 0002:00008a00       ?_Myptr@?$_String_val@U?$_Simple_types@D@std@@@std@@QBEPBDXZ 0042ca00 f i Editor.obj
 0002:00008a90       ?_Myres@?$_String_alloc@U?$_String_base_types@DV?$allocator@D@std@@@std@@@std@@QAEAAIXZ 0042ca90 f i Editor.obj
 0002:00008af0       ?_Mysize@?$_String_alloc@U?$_String_base_types@DV?$allocator@D@std@@@std@@@std@@QAEAAIXZ 0042caf0 f i Editor.obj
 0002:00008b50       ?_Mysize@?$_String_alloc@U?$_String_base_types@DV?$allocator@D@std@@@std@@@std@@QBEABIXZ 0042cb50 f i Editor.obj
 0002:00008bb0       ?_Orphan_all@?$_String_alloc@U?$_String_base_types@DV?$allocator@D@std@@@std@@@std@@QAEXXZ 0042cbb0 f i Editor.obj
 0002:00008c10       ?_Orphan_all@_Container_base12@std@@QAEXXZ 0042cc10 f i Editor.obj
 0002:00008d20       ?_Tidy_deallocate@?$basic_string@DU?$char_traits@D@std@@V?$allocator@D@2@@std@@QAEXXZ 0042cd20 f i Editor.obj
 0002:00008e30       ?_Tidy_init@?$basic_string@DU?$char_traits@D@std@@V?$allocator@D@2@@std@@QAEXXZ 0042ce30 f i Editor.obj
 0002:00008ed0       ?_Xlen@?$basic_string@DU?$char_traits@D@std@@V?$allocator@D@2@@std@@SAXXZ 0042ced0 f i Editor.obj
 0002:00008f30       ?_Xran@?$basic_string@DU?$char_traits@D@std@@V?$allocator@D@2@@std@@SAXXZ 0042cf30 f i Editor.obj
 0002:00008f90       ?__empty_global_delete@@YAXPAX@Z 0042cf90 f i Editor.obj
 0002:00008fc0       ?__empty_global_delete@@YAXPAXI@Z 0042cfc0 f i Editor.obj
 0002:00008fc0       ?__global_delete@@YAXPAXI@Z 0042cfc0 f i Editor.obj
 0002:00008ff0       ?address@?$_Wrap_alloc@V?$allocator@U_Container_proxy@std@@@std@@@std@@QBEPAU_Container_proxy@2@AAU32@@Z 0042cff0 f i Editor.obj
 0002:00009050       ?allocate@?$_Wrap_alloc@V?$allocator@D@std@@@std@@QAEPADI@Z 0042d050 f i Editor.obj
 0002:000090b0       ?allocate@?$_Wrap_alloc@V?$allocator@U_Container_proxy@std@@@std@@@std@@QAEPAU_Container_proxy@2@I@Z 0042d0b0 f i Editor.obj
 0002:00009110       ?allocate@?$allocator@D@std@@QAEPADI@Z 0042d110 f i Editor.obj
 0002:00009170       ?allocate@?$allocator@U_Container_proxy@std@@@std@@QAEPAU_Container_proxy@2@I@Z 0042d170 f i Editor.obj
 0002:000091d0       ?assign@?$basic_string@DU?$char_traits@D@std@@V?$allocator@D@2@@std@@QAEAAV12@ABV12@II@Z 0042d1d0 f i Editor.obj
 0002:000092d0       ?assign@?$basic_string@DU?$char_traits@D@std@@V?$allocator@D@2@@std@@QAEAAV12@QBD@Z 0042d2d0 f i Editor.obj
 0002:00009340       ?assign@?$basic_string@DU?$char_traits@D@std@@V?$allocator@D@2@@std@@QAEAAV12@QBDI@Z 0042d340 f i Editor.obj
 0002:00009410       ?assign@?$char_traits@D@std@@SAXAADABD@Z 0042d410 f i Editor.obj
 0002:00009450       ?beginLoop@Editor@@UAEXXZ  0042d450 f   Editor.obj
 0002:000094a0       ?cleanup@Editor@@UAEXXZ    0042d4a0 f   Editor.obj
 0002:000095a0       ?copy@?$char_traits@D@std@@SAPADQADQBDI@Z 0042d5a0 f i Editor.obj
 0002:00009600       ?deallocate@?$_Wrap_alloc@V?$allocator@D@std@@@std@@QAEXPADI@Z 0042d600 f i Editor.obj
 0002:00009660       ?deallocate@?$_Wrap_alloc@V?$allocator@U_Container_proxy@std@@@std@@@std@@QAEXPAU_Container_proxy@2@I@Z 0042d660 f i Editor.obj
 0002:000096c0       ?deallocate@?$allocator@D@std@@QAEXPADI@Z 0042d6c0 f i Editor.obj
 0002:00009720       ?deallocate@?$allocator@U_Container_proxy@std@@@std@@QAEXPAU_Container_proxy@2@I@Z 0042d720 f i Editor.obj
 0002:00009780       ?endLoop@Editor@@UAE_NXZ   0042d780 f   Editor.obj
 0002:000097d0       ?erase@?$basic_string@DU?$char_traits@D@std@@V?$allocator@D@2@@std@@QAEAAV12@I@Z 0042d7d0 f i Editor.obj
 0002:00009840       ?erase@?$basic_string@DU?$char_traits@D@std@@V?$allocator@D@2@@std@@QAEAAV12@II@Z 0042d840 f i Editor.obj
 0002:00009920       ?getBackBuffer@GraphicsSystem@@QAEPAVGraphicsBuffer@@XZ 0042d920 f i Editor.obj
 0002:00009960       ?getHeight@GraphicsBuffer@@QBEHXZ 0042d960 f i Editor.obj
 0002:000099d0       ?getHeight@GraphicsSystem@@QBEHXZ 0042d9d0 f i Editor.obj
 0002:00009a10       ?getWidth@GraphicsBuffer@@QBEHXZ 0042da10 f i Editor.obj
 0002:00009a80       ?getWidth@GraphicsSystem@@QBEHXZ 0042da80 f i Editor.obj
 0002:00009ac0       ?init@Editor@@UAE_NXZ      0042dac0 f   Editor.obj
 0002:00009d60       ?length@?$char_traits@D@std@@SAIQBD@Z 0042dd60 f i Editor.obj
 0002:00009db0       ?loadGrid@Editor@@QAEXAAV?$basic_ifstream@DU?$char_traits@D@std@@@std@@@Z 0042ddb0 f   Editor.obj
 0002:00009e10       ?max_size@?$_Wrap_alloc@V?$allocator@D@std@@@std@@QBEIU_Nil@2@@Z 0042de10 f i Editor.obj
 0002:00009e70       ?max_size@?$allocator@D@std@@QBEIXZ 0042de70 f i Editor.obj
 0002:00009eb0       ?max_size@?$allocator_traits@V?$allocator@D@std@@@std@@SAIABV?$allocator@D@2@@Z 0042deb0 f i Editor.obj
 0002:00009f00       ?max_size@?$basic_string@DU?$char_traits@D@std@@V?$allocator@D@2@@std@@QBEIXZ 0042df00 f i Editor.obj
 0002:00009fa0       ?move@?$char_traits@D@std@@SAPADQADQBDI@Z 0042dfa0 f i Editor.obj
 0002:0000a010       ?pointer_to@?$pointer_traits@PAU_Container_proxy@std@@@std@@SAPAU_Container_proxy@2@AAU32@@Z 0042e010 f i Editor.obj
 0002:0000a060       ?processLoop@Editor@@UAEXXZ 0042e060 f   Editor.obj
 0002:0000a1e0       ?saveGrid@Editor@@QAEXAAV?$basic_ofstream@DU?$char_traits@D@std@@@std@@@Z 0042e1e0 f   Editor.obj
 0002:0000a240       ?setModified@GridVisualizer@@QAEXXZ 0042e240 f i Editor.obj
 0002:0000a280       ??$?6U?$char_traits@D@std@@@std@@YAAAV?$basic_ostream@DU?$char_traits@D@std@@@0@AAV10@PBD@Z 0042e280 f i main.obj
 0002:0000a840       ??$_Fgetc@D@std@@YA_NAADPAU_iobuf@@@Z 0042e840 f i main.obj
 0002:0000a8c0       ??$_Fputc@D@std@@YA_NDPAU_iobuf@@@Z 0042e8c0 f i main.obj
 0002:0000a950       ??$_Unfancy@$$CBD@std@@YAPBDPBD@Z 0042e950 f i main.obj
 0002:0000a990       ??$_Ungetc@D@std@@YA_NABDPAU_iobuf@@@Z 0042e990 f i main.obj
 0002:0000aa20       ??$addressof@D@std@@YAPADAAD@Z 0042ea20 f i main.obj
 0002:0000aa60       ??$use_facet@V?$codecvt@DDU_Mbstatet@@@std@@@std@@YAABV?$codecvt@DDU_Mbstatet@@@0@ABVlocale@0@@Z 0042ea60 f i main.obj
 0002:0000ac60       ??0?$_Iterator012@Urandom_access_iterator_tag@std@@DHPBDABDU_Iterator_base12@2@@std@@QAE@XZ 0042ec60 f i main.obj
 0002:0000acc0       ??0?$_String_const_iterator@V?$_String_val@U?$_Simple_types@D@std@@@std@@@std@@QAE@PBDPBU_Container_base12@1@@Z 0042ecc0 f i main.obj
 0002:0000ad80       ??0?$_String_iterator@V?$_String_val@U?$_Simple_types@D@std@@@std@@@std@@QAE@PADPBU_Container_base12@1@@Z 0042ed80 f i main.obj
 0002:0000ade0       ??0?$basic_filebuf@DU?$char_traits@D@std@@@std@@QAE@PAU_iobuf@@@Z 0042ede0 f i main.obj
 0002:0000aeb0       ??0?$basic_ifstream@DU?$char_traits@D@std@@@std@@QAE@ABV?$basic_string@DU?$char_traits@D@std@@V?$allocator@D@2@@1@HH@Z 0042eeb0 f i main.obj
 0002:0000b060       ??0?$basic_ofstream@DU?$char_traits@D@std@@@std@@QAE@ABV?$basic_string@DU?$char_traits@D@std@@V?$allocator@D@2@@1@HH@Z 0042f060 f i main.obj
 0002:0000b210       ??0?$basic_string@DU?$char_traits@D@std@@V?$allocator@D@2@@std@@QAE@ID@Z 0042f210 f i main.obj
 0002:0000b2d0       ??0?$basic_string@DU?$char_traits@D@std@@V?$allocator@D@2@@std@@QAE@XZ 0042f2d0 f i main.obj
 0002:0000b370       ??0?$fpos@U_Mbstatet@@@std@@QAE@U_Mbstatet@@_J@Z 0042f370 f i main.obj
 0002:0000b3f0       ??0?$fpos@U_Mbstatet@@@std@@QAE@_J@Z 0042f3f0 f i main.obj
 0002:0000b470       ??0_Iterator_base12@std@@QAE@XZ 0042f470 f i main.obj
 0002:0000b4c0       ??0_Sentry_base@?$basic_ostream@DU?$char_traits@D@std@@@std@@QAE@AAV12@@Z 0042f4c0 f i main.obj
 0002:0000b5b0       ??0bad_cast@std@@QAE@ABV01@@Z 0042f5b0 f i main.obj
 0002:0000b620       ??0bad_cast@std@@QAE@XZ    0042f620 f i main.obj
 0002:0000b690       ??0exception@std@@QAE@ABV01@@Z 0042f690 f i main.obj
 0002:0000b720       ??0exception@std@@QAE@QBDH@Z 0042f720 f i main.obj
 0002:0000b790       ??0sentry@?$basic_ostream@DU?$char_traits@D@std@@@std@@QAE@AAV12@@Z 0042f790 f i main.obj
 0002:0000b910       ??1?$_Iterator012@Urandom_access_iterator_tag@std@@DHPBDABDU_Iterator_base12@2@@std@@QAE@XZ 0042f910 f i main.obj
 0002:0000b960       ??1?$_String_const_iterator@V?$_String_val@U?$_Simple_types@D@std@@@std@@@std@@QAE@XZ 0042f960 f i main.obj
 0002:0000b9b0       ??1?$_String_iterator@V?$_String_val@U?$_Simple_types@D@std@@@std@@@std@@QAE@XZ 0042f9b0 f i main.obj
 0002:0000ba00       ??1?$basic_filebuf@DU?$char_traits@D@std@@@std@@UAE@XZ 0042fa00 f i main.obj
 0002:0000bad0       ??1?$basic_ifstream@DU?$char_traits@D@std@@@std@@UAE@XZ 0042fad0 f i main.obj
 0002:0000bb80       ??1?$basic_ofstream@DU?$char_traits@D@std@@@std@@UAE@XZ 0042fb80 f i main.obj
 0002:0000bc30       ??1_Iterator_base12@std@@QAE@XZ 0042fc30 f i main.obj
 0002:0000bd20       ??1_Sentry_base@?$basic_ostream@DU?$char_traits@D@std@@@std@@QAE@XZ 0042fd20 f i main.obj
 0002:0000be40       ??1bad_cast@std@@UAE@XZ    0042fe40 f i main.obj
 0002:0000be90       ??1exception@std@@UAE@XZ   0042fe90 f i main.obj
 0002:0000bf00       ??1locale@std@@QAE@XZ      0042ff00 f i main.obj
 0002:0000c010       ??1sentry@?$basic_ostream@DU?$char_traits@D@std@@@std@@QAE@XZ 00430010 f i main.obj
 0002:0000c0d0       ??B?$fpos@U_Mbstatet@@@std@@QBE_JXZ 004300d0 f i main.obj
 0002:0000c120       ??Bsentry@?$basic_ostream@DU?$char_traits@D@std@@@std@@QBE_NXZ 00430120 f i main.obj
 0002:0000c160       ??D?$_String_const_iterator@V?$_String_val@U?$_Simple_types@D@std@@@std@@@std@@QBEABDXZ 00430160 f i main.obj
 0002:0000c320       ??D?$_String_iterator@V?$_String_val@U?$_Simple_types@D@std@@@std@@@std@@QBEAADXZ 00430320 f i main.obj
 0002:0000c370       ??_D?$basic_ifstream@DU?$char_traits@D@std@@@std@@QAEXXZ 00430370 f i main.obj
 0002:0000c3e0       ??_D?$basic_ofstream@DU?$char_traits@D@std@@@std@@QAEXXZ 004303e0 f i main.obj
 0002:0000c44c       ??_E?$basic_ifstream@DU?$char_traits@D@std@@@std@@$4PPPPPPPM@A@AEPAXI@Z 0043044c f i main.obj
 0002:0000c456       ??_E?$basic_ofstream@DU?$char_traits@D@std@@@std@@$4PPPPPPPM@A@AEPAXI@Z 00430456 f i main.obj
 0002:0000c460       ??_G?$basic_filebuf@DU?$char_traits@D@std@@@std@@UAEPAXI@Z 00430460 f i main.obj
 0002:0000c460       ??_E?$basic_filebuf@DU?$char_traits@D@std@@@std@@UAEPAXI@Z 00430460 f i main.obj
 0002:0000c4d0       ??_G?$basic_ifstream@DU?$char_traits@D@std@@@std@@UAEPAXI@Z 004304d0 f i main.obj
 0002:0000c4d0       ??_E?$basic_ifstream@DU?$char_traits@D@std@@@std@@UAEPAXI@Z 004304d0 f i main.obj
 0002:0000c550       ??_E?$basic_ofstream@DU?$char_traits@D@std@@@std@@UAEPAXI@Z 00430550 f i main.obj
 0002:0000c550       ??_G?$basic_ofstream@DU?$char_traits@D@std@@@std@@UAEPAXI@Z 00430550 f i main.obj
 0002:0000c5d0       ??_Ebad_cast@std@@UAEPAXI@Z 004305d0 f i main.obj
 0002:0000c5d0       ??_Gbad_cast@std@@UAEPAXI@Z 004305d0 f i main.obj
 0002:0000c640       ??_Gexception@std@@UAEPAXI@Z 00430640 f i main.obj
 0002:0000c640       ??_Eexception@std@@UAEPAXI@Z 00430640 f i main.obj
 0002:0000c6b0       ?_Adopt@_Iterator_base12@std@@QAEXPBU_Container_base12@2@@Z 004306b0 f i main.obj
 0002:0000c860       ?_Chassign@?$basic_string@DU?$char_traits@D@std@@V?$allocator@D@2@@std@@QAEXIID@Z 00430860 f i main.obj
 0002:0000c900       ?_Endwrite@?$basic_filebuf@DU?$char_traits@D@std@@@std@@IAE_NXZ 00430900 f i main.obj
 0002:0000cde0       ?_Getcont@_Iterator_base12@std@@QBEPBU_Container_base12@2@XZ 00430de0 f i main.obj
 0002:0000ce50       ?_Getfacet@locale@std@@QBEPBVfacet@12@I@Z 00430e50 f i main.obj
 0002:0000cf50       ?_Init@?$basic_filebuf@DU?$char_traits@D@std@@@std@@IAEXPAU_iobuf@@W4_Initfl@12@@Z 00430f50 f i main.obj
 0002:0000d110       ?_Initcvt@?$basic_filebuf@DU?$char_traits@D@std@@@std@@IAEXPBV?$codecvt@DDU_Mbstatet@@@2@@Z 00431110 f i main.obj
 0002:0000d1b0       ?_Lock@?$basic_filebuf@DU?$char_traits@D@std@@@std@@UAEXXZ 004311b0 f i main.obj
 0002:0000d220       ?_Orphan_me@_Iterator_base12@std@@QAEXXZ 00431220 f i main.obj
 0002:0000d330       ?_Reset_back@?$basic_filebuf@DU?$char_traits@D@std@@@std@@AAEXXZ 00431330 f i main.obj
 0002:0000d3d0       ?_Set_back@?$basic_filebuf@DU?$char_traits@D@std@@@std@@AAEXXZ 004313d0 f i main.obj
 0002:0000d4b0       ?_Unlock@?$basic_filebuf@DU?$char_traits@D@std@@@std@@UAEXXZ 004314b0 f i main.obj
 0002:0000d520       ?address@?$_Wrap_alloc@V?$allocator@D@std@@@std@@QBEPADAAD@Z 00431520 f i main.obj
 0002:0000d580       ?append@?$basic_string@DU?$char_traits@D@std@@V?$allocator@D@2@@std@@QAEAAV12@ID@Z 00431580 f i main.obj
 0002:0000d650       ?assign@?$basic_string@DU?$char_traits@D@std@@V?$allocator@D@2@@std@@QAEAAV12@ID@Z 00431650 f i main.obj
 0002:0000d6f0       ?assign@?$char_traits@D@std@@SAPADQADID@Z 004316f0 f i main.obj
 0002:0000d750       ?begin@?$basic_string@DU?$char_traits@D@std@@V?$allocator@D@2@@std@@QAE?AV?$_String_iterator@V?$_String_val@U?$_Simple_types@D@std@@@std@@@2@XZ 00431750 f i main.obj
 0002:0000d820       ?c_str@?$basic_string@DU?$char_traits@D@std@@V?$allocator@D@2@@std@@QBEPBDXZ 00431820 f i main.obj
 0002:0000d8b0       ?close@?$basic_filebuf@DU?$char_traits@D@std@@@std@@QAEPAV12@XZ 004318b0 f i main.obj
 0002:0000d970       ?close@?$basic_ifstream@DU?$char_traits@D@std@@@std@@QAEXXZ 00431970 f i main.obj
 0002:0000d9f0       ?close@?$basic_ofstream@DU?$char_traits@D@std@@@std@@QAEXXZ 004319f0 f i main.obj
 0002:0000da70       ?eof@?$char_traits@D@std@@SAHXZ 00431a70 f i main.obj
 0002:0000dab0       ?eq_int_type@?$char_traits@D@std@@SA_NABH0@Z 00431ab0 f i main.obj
 0002:0000db10       ?getGridVisualizer@Editor@@QAEPAVGridVisualizer@@XZ 00431b10 f i main.obj
 0002:0000db50       ?imbue@?$basic_filebuf@DU?$char_traits@D@std@@@std@@MAEXABVlocale@2@@Z 00431b50 f i main.obj
 0002:0000dbc0       ?markForExit@Game@@QAEXXZ  00431bc0 f i main.obj
 0002:0000dc00       ?not_eof@?$char_traits@D@std@@SAHABH@Z 00431c00 f i main.obj
 0002:0000dca0       ?open@?$basic_filebuf@DU?$char_traits@D@std@@@std@@QAEPAV12@PBDHH@Z 00431ca0 f i main.obj
 0002:0000ddf0       ?overflow@?$basic_filebuf@DU?$char_traits@D@std@@@std@@MAEHH@Z 00431df0 f i main.obj
 0002:0000e480       ?pbackfail@?$basic_filebuf@DU?$char_traits@D@std@@@std@@MAEHH@Z 00432480 f i main.obj
 0002:0000e6d0       ?pointer_to@?$pointer_traits@PAD@std@@SAPADAAD@Z 004326d0 f i main.obj
 0002:0000e720       ?seekoff@?$basic_filebuf@DU?$char_traits@D@std@@@std@@MAE?AV?$fpos@U_Mbstatet@@@2@_JHH@Z 00432720 f i main.obj
 0002:0000e8d0       ?seekpos@?$basic_filebuf@DU?$char_traits@D@std@@@std@@MAE?AV?$fpos@U_Mbstatet@@@2@V32@H@Z 004328d0 f i main.obj
 0002:0000eab0       ?seekpos@?$fpos@U_Mbstatet@@@std@@QBE_JXZ 00432ab0 f i main.obj
 0002:0000eaf0       ?setbuf@?$basic_filebuf@DU?$char_traits@D@std@@@std@@MAEPAV?$basic_streambuf@DU?$char_traits@D@std@@@2@PAD_J@Z 00432af0 f i main.obj
 0002:0000ebd0       ?size@?$basic_string@DU?$char_traits@D@std@@V?$allocator@D@2@@std@@QBEIXZ 00432bd0 f i main.obj
 0002:0000ec30       ?state@?$fpos@U_Mbstatet@@@std@@QBE?AU_Mbstatet@@XZ 00432c30 f i main.obj
 0002:0000ec80       ?sync@?$basic_filebuf@DU?$char_traits@D@std@@@std@@MAEHXZ 00432c80 f i main.obj
 0002:0000ed80       ?to_char_type@?$char_traits@D@std@@SADABH@Z 00432d80 f i main.obj
 0002:0000edc0       ?to_int_type@?$char_traits@D@std@@SAHABD@Z 00432dc0 f i main.obj
 0002:0000ee00       ?uflow@?$basic_filebuf@DU?$char_traits@D@std@@@std@@MAEHXZ 00432e00 f i main.obj
 0002:0000f420       ?underflow@?$basic_filebuf@DU?$char_traits@D@std@@@std@@MAEHXZ 00433420 f i main.obj
 0002:0000f590       ?what@exception@std@@UBEPBDXZ 00433590 f i main.obj
 0002:0000f600       _main                      00433600 f   main.obj
 0002:0000fd10       ??$__vcrt_va_start_verify_argument_type@QBD@@YAXXZ 00433d10 f i CommonPathfindingLib:Game.obj
 0002:0000fd40       ??0Game@@QAE@XZ            00433d40 f   CommonPathfindingLib:Game.obj
 0002:0000fdf0       ??1Game@@UAE@XZ            00433df0 f   CommonPathfindingLib:Game.obj
 0002:0000fe80       ??_EGame@@UAEPAXI@Z        00433e80 f i CommonPathfindingLib:Game.obj
 0002:0000fe80       ??_GGame@@UAEPAXI@Z        00433e80 f i CommonPathfindingLib:Game.obj
 0002:0000ff10       ??_GGraphicsBufferManager@@QAEPAXI@Z 00433f10 f i CommonPathfindingLib:Game.obj
 0002:0000ffa0       ??_GGraphicsSystem@@QAEPAXI@Z 00433fa0 f i CommonPathfindingLib:Game.obj
 0002:00010030       ??_GSpriteManager@@QAEPAXI@Z 00434030 f i CommonPathfindingLib:Game.obj
 0002:000100c0       ??_GTimer@@QAEPAXI@Z       004340c0 f i CommonPathfindingLib:Game.obj
 0002:00010150       ?beginLoop@Game@@UAEXXZ    00434150 f   CommonPathfindingLib:Game.obj
 0002:00010200       ?cleanup@Game@@UAEXXZ      00434200 f   CommonPathfindingLib:Game.obj
 0002:000104d0       ?endLoop@Game@@UAE_NXZ     004344d0 f   CommonPathfindingLib:Game.obj
 0002:00010540       ?genRandomBinomial@@YAMXZ  00434540 f   CommonPathfindingLib:Game.obj
 0002:000105e0       ?genRandomFloat@@YAMXZ     004345e0 f   CommonPathfindingLib:Game.obj
 0002:00010650       ?init@Game@@UAE_NXZ        00434650 f   CommonPathfindingLib:Game.obj
 0002:00010c60       ?lerp@@YAMHHH@Z            00434c60 f   CommonPathfindingLib:Game.obj
 0002:00010d20       ?mapRotationToRange@@YAMMMM@Z 00434d20 f   CommonPathfindingLib:Game.obj
 0002:00010dd0       ?processLoop@Game@@UAEXXZ  00434dd0 f   CommonPathfindingLib:Game.obj
 0002:00010e30       ___local_stdio_printf_options 00434e30 f i CommonPathfindingLib:Game.obj
 0002:00010e70       __vfprintf_l               00434e70 f i CommonPathfindingLib:Game.obj
 0002:00010ef0       _fprintf                   00434ef0 f i CommonPathfindingLib:Game.obj
 0002:00010f70       _printf                    00434f70 f i CommonPathfindingLib:Game.obj
 0002:00011060       ??$?0$$V@?$_Compressed_pair@U?$_Wrap_alloc@V?$allocator@U?$_Tree_node@U?$pair@$$CBHPAVGraphicsBuffer@@@std@@PAX@std@@@std@@@std@@V?$_Tree_val@U?$_Tree_simple_types@U?$pair@$$CBHPAVGraphicsBuffer@@@std@@@std@@@2@$00@std@@QAE@U_Zero_then_variadic_args_t@1@@Z 00435060 f i CommonPathfindingLib:GraphicsBufferManager.obj
 0002:000110c0       ??$?0$$V@?$_Compressed_pair@U?$_Wrap_alloc@V?$allocator@U?$_Tree_node@U?$pair@$$CBV?$basic_string@DU?$char_traits@D@std@@V?$allocator@D@2@@std@@H@std@@PAX@std@@@std@@@std@@V?$_Tree_val@U?$_Tree_simple_types@U?$pair@$$CBV?$basic_string@DU?$char_traits@D@std@@V?$allocator@D@2@@std@@H@std@@@std@@@2@$00@std@@QAE@U_Zero_then_variadic_args_t@1@@Z 004350c0 f i CommonPathfindingLib:GraphicsBufferManager.obj
 0002:00011120       ??$?0AAU?$_Wrap_alloc@V?$allocator@U?$_Tree_node@U?$pair@$$CBHPAVGraphicsBuffer@@@std@@PAX@std@@@std@@@std@@@?$_Wrap_alloc@V?$allocator@U_Container_proxy@std@@@std@@@std@@QAE@AAU?$_Wrap_alloc@V?$allocator@U?$_Tree_node@U?$pair@$$CBHPAVGraphicsBuffer@@@std@@PAX@std@@@std@@@1@@Z 00435120 f i CommonPathfindingLib:GraphicsBufferManager.obj
 0002:00011190       ??$?0AAU?$_Wrap_alloc@V?$allocator@U?$_Tree_node@U?$pair@$$CBV?$basic_string@DU?$char_traits@D@std@@V?$allocator@D@2@@std@@H@std@@PAX@std@@@std@@@std@@@?$_Wrap_alloc@V?$allocator@U_Container_proxy@std@@@std@@@std@@QAE@AAU?$_Wrap_alloc@V?$allocator@U?$_Tree_node@U?$pair@$$CBV?$basic_string@DU?$char_traits@D@std@@V?$allocator@D@2@@std@@H@std@@PAX@std@@@std@@@1@@Z 00435190 f i CommonPathfindingLib:GraphicsBufferManager.obj
 0002:00011200       ??$?0AAV?$_Tree_iterator@V?$_Tree_val@U?$_Tree_simple_types@U?$pair@$$CBHPAVGraphicsBuffer@@@std@@@std@@@std@@@std@@_NX$0A@@?$pair@V?$_Tree_iterator@V?$_Tree_val@U?$_Tree_simple_types@U?$pair@$$CBHPAVGraphicsBuffer@@@std@@@std@@@std@@@std@@_N@std@@QAE@AAV?$_Tree_iterator@V?$_Tree_val@U?$_Tree_simple_types@U?$pair@$$CBHPAVGraphicsBuffer@@@std@@@std@@@std@@@1@$$QA_N@Z 00435200 f i CommonPathfindingLib:GraphicsBufferManager.obj
 0002:00011280       ??$?0AAV?$_Tree_iterator@V?$_Tree_val@U?$_Tree_simple_types@U?$pair@$$CBV?$basic_string@DU?$char_traits@D@std@@V?$allocator@D@2@@std@@H@std@@@std@@@std@@@std@@_NX$0A@@?$pair@V?$_Tree_iterator@V?$_Tree_val@U?$_Tree_simple_types@U?$pair@$$CBV?$basic_string@DU?$char_traits@D@std@@V?$allocator@D@2@@std@@H@std@@@std@@@std@@@std@@_N@std@@QAE@AAV?$_Tree_iterator@V?$_Tree_val@U?$_Tree_simple_types@U?$pair@$$CBV?$basic_string@DU?$char_traits@D@std@@V?$allocator@D@2@@std@@H@std@@@std@@@std@@@1@$$QA_N@Z 00435280 f i CommonPathfindingLib:GraphicsBufferManager.obj
 0002:00011300       ??$?0ABH$$Z$$V@?$pair@$$CBHPAVGraphicsBuffer@@@std@@QAE@Upiecewise_construct_t@1@V?$tuple@ABH@1@V?$tuple@$$V@1@@Z 00435300 f i CommonPathfindingLib:GraphicsBufferManager.obj
 0002:00011380       ??$?0ABH$0A@@?$tuple@ABH@std@@QAE@ABH@Z 00435380 f i CommonPathfindingLib:GraphicsBufferManager.obj
 0002:000113f0       ??$?0ABH@?$_Tuple_val@ABH@std@@QAE@ABH@Z 004353f0 f i CommonPathfindingLib:GraphicsBufferManager.obj
 0002:00011450       ??$?0ABU?$less@H@std@@U_Zero_then_variadic_args_t@1@@?$_Compressed_pair@U?$less@H@std@@V?$_Compressed_pair@U?$_Wrap_alloc@V?$allocator@U?$_Tree_node@U?$pair@$$CBHPAVGraphicsBuffer@@@std@@PAX@std@@@std@@@std@@V?$_Tree_val@U?$_Tree_simple_types@U?$pair@$$CBHPAVGraphicsBuffer@@@std@@@std@@@2@$00@2@$00@std@@QAE@U_One_then_variadic_args_t@1@ABU?$less@H@1@$$QAU_Zero_then_variadic_args_t@1@@Z 00435450 f i CommonPathfindingLib:GraphicsBufferManager.obj
 0002:000114d0       ??$?0ABU?$less@V?$basic_string@DU?$char_traits@D@std@@V?$allocator@D@2@@std@@@std@@U_Zero_then_variadic_args_t@1@@?$_Compressed_pair@U?$less@V?$basic_string@DU?$char_traits@D@std@@V?$allocator@D@2@@std@@@std@@V?$_Compressed_pair@U?$_Wrap_alloc@V?$allocator@U?$_Tree_node@U?$pair@$$CBV?$basic_string@DU?$char_traits@D@std@@V?$allocator@D@2@@std@@H@std@@PAX@std@@@std@@@std@@V?$_Tree_val@U?$_Tree_simple_types@U?$pair@$$CBV?$basic_string@DU?$char_traits@D@std@@V?$allocator@D@2@@std@@H@std@@@std@@@2@$00@2@$00@std@@QAE@U_One_then_variadic_args_t@1@ABU?$less@V?$basic_string@DU?$char_traits@D@std@@V?$allocator@D@2@@std@@@1@$$QAU_Zero_then_variadic_args_t@1@@Z 004354d0 f i CommonPathfindingLib:GraphicsBufferManager.obj
 0002:00011550       ??$?0ABV?$basic_string@DU?$char_traits@D@std@@V?$allocator@D@2@@std@@$$Z$$V@?$pair@$$CBV?$basic_string@DU?$char_traits@D@std@@V?$allocator@D@2@@std@@H@std@@QAE@Upiecewise_construct_t@1@V?$tuple@ABV?$basic_string@DU?$char_traits@D@std@@V?$allocator@D@2@@std@@@1@V?$tuple@$$V@1@@Z 00435550 f i CommonPathfindingLib:GraphicsBufferManager.obj
 0002:000115d0       ??$?0ABV?$basic_string@DU?$char_traits@D@std@@V?$allocator@D@2@@std@@$0A@@?$tuple@ABV?$basic_string@DU?$char_traits@D@std@@V?$allocator@D@2@@std@@@std@@QAE@ABV?$basic_string@DU?$char_traits@D@std@@V?$allocator@D@2@@1@@Z 004355d0 f i CommonPathfindingLib:GraphicsBufferManager.obj
 0002:00011640       ??$?0ABV?$basic_string@DU?$char_traits@D@std@@V?$allocator@D@2@@std@@@?$_Tuple_val@ABV?$basic_string@DU?$char_traits@D@std@@V?$allocator@D@2@@std@@@std@@QAE@ABV?$basic_string@DU?$char_traits@D@std@@V?$allocator@D@2@@1@@Z 00435640 f i CommonPathfindingLib:GraphicsBufferManager.obj
 0002:000116a0       ??$?0U?$_Tree_node@U?$pair@$$CBHPAVGraphicsBuffer@@@std@@PAX@std@@@?$allocator@U_Container_proxy@std@@@std@@QAE@ABV?$allocator@U?$_Tree_node@U?$pair@$$CBHPAVGraphicsBuffer@@@std@@PAX@std@@@1@@Z 004356a0 f i CommonPathfindingLib:GraphicsBufferManager.obj
 0002:000116e0       ??$?0U?$_Tree_node@U?$pair@$$CBV?$basic_string@DU?$char_traits@D@std@@V?$allocator@D@2@@std@@H@std@@PAX@std@@@?$allocator@U_Container_proxy@std@@@std@@QAE@ABV?$allocator@U?$_Tree_node@U?$pair@$$CBV?$basic_string@DU?$char_traits@D@std@@V?$allocator@D@2@@std@@H@std@@PAX@std@@@1@@Z 004356e0 f i CommonPathfindingLib:GraphicsBufferManager.obj
 0002:00011720       ??$?0U?$_Wrap_alloc@V?$allocator@D@std@@@std@@$$V@?$_Compressed_pair@U?$_Wrap_alloc@V?$allocator@D@std@@@std@@V?$_String_val@U?$_Simple_types@D@std@@@2@$00@std@@QAE@U_One_then_variadic_args_t@1@$$QAU?$_Wrap_alloc@V?$allocator@D@std@@@1@@Z 00435720 f i CommonPathfindingLib:GraphicsBufferManager.obj
 0002:00011790       ??$?0U?$_Wrap_alloc@V?$allocator@D@std@@@std@@X@?$_String_alloc@U?$_String_base_types@DV?$allocator@D@std@@@std@@@std@@QAE@$$QAU?$_Wrap_alloc@V?$allocator@D@std@@@1@@Z 00435790 f i CommonPathfindingLib:GraphicsBufferManager.obj
 0002:00011850       ??$?0U_Exact_args_t@std@@$0A@@?$tuple@$$V@std@@QAE@U_Exact_args_t@1@@Z 00435850 f i CommonPathfindingLib:GraphicsBufferManager.obj
 0002:00011890       ??$?0U_Exact_args_t@std@@ABH$$V$0A@@?$tuple@ABH@std@@QAE@U_Exact_args_t@1@ABH@Z 00435890 f i CommonPathfindingLib:GraphicsBufferManager.obj
 0002:00011920       ??$?0U_Exact_args_t@std@@ABV?$basic_string@DU?$char_traits@D@std@@V?$allocator@D@2@@1@$$V$0A@@?$tuple@ABV?$basic_string@DU?$char_traits@D@std@@V?$allocator@D@2@@std@@@std@@QAE@U_Exact_args_t@1@ABV?$basic_string@DU?$char_traits@D@std@@V?$allocator@D@2@@1@@Z 00435920 f i CommonPathfindingLib:GraphicsBufferManager.obj
 0002:000119b0       ??$?0V?$_Tree_iterator@V?$_Tree_val@U?$_Tree_simple_types@U?$pair@$$CBHPAVGraphicsBuffer@@@std@@@std@@@std@@@std@@_NX$0A@@?$pair@V?$_Tree_iterator@V?$_Tree_val@U?$_Tree_simple_types@U?$pair@$$CBHPAVGraphicsBuffer@@@std@@@std@@@std@@@std@@_N@std@@QAE@$$QAV?$_Tree_iterator@V?$_Tree_val@U?$_Tree_simple_types@U?$pair@$$CBHPAVGraphicsBuffer@@@std@@@std@@@std@@@1@$$QA_N@Z 004359b0 f i CommonPathfindingLib:GraphicsBufferManager.obj
 0002:00011a30       ??$?0V?$_Tree_iterator@V?$_Tree_val@U?$_Tree_simple_types@U?$pair@$$CBV?$basic_string@DU?$char_traits@D@std@@V?$allocator@D@2@@std@@H@std@@@std@@@std@@@std@@_NX$0A@@?$pair@V?$_Tree_iterator@V?$_Tree_val@U?$_Tree_simple_types@U?$pair@$$CBV?$basic_string@DU?$char_traits@D@std@@V?$allocator@D@2@@std@@H@std@@@std@@@std@@@std@@_N@std@@QAE@$$QAV?$_Tree_iterator@V?$_Tree_val@U?$_Tree_simple_types@U?$pair@$$CBV?$basic_string@DU?$char_traits@D@std@@V?$allocator@D@2@@std@@H@std@@@std@@@std@@@1@$$QA_N@Z 00435a30 f i CommonPathfindingLib:GraphicsBufferManager.obj
 0002:00011ab0       ??$?0V?$allocator@D@std@@@?$_Wrap_alloc@V?$allocator@D@std@@@std@@QAE@$$QAV?$allocator@D@1@@Z 00435ab0 f i CommonPathfindingLib:GraphicsBufferManager.obj
 0002:00011b20       ??$?0V?$tuple@ABH@std@@V?$tuple@$$V@1@$0A@$$Z$S@?$pair@$$CBHPAVGraphicsBuffer@@@std@@QAE@AAV?$tuple@ABH@1@AAV?$tuple@$$V@1@U?$integer_sequence@I$0A@@1@U?$integer_sequence@I$S@1@@Z 00435b20 f i CommonPathfindingLib:GraphicsBufferManager.obj
 0002:00011ba0       ??$?0V?$tuple@ABV?$basic_string@DU?$char_traits@D@std@@V?$allocator@D@2@@std@@@std@@V?$tuple@$$V@1@$0A@$$Z$S@?$pair@$$CBV?$basic_string@DU?$char_traits@D@std@@V?$allocator@D@2@@std@@H@std@@QAE@AAV?$tuple@ABV?$basic_string@DU?$char_traits@D@std@@V?$allocator@D@2@@std@@@1@AAV?$tuple@$$V@1@U?$integer_sequence@I$0A@@1@U?$integer_sequence@I$S@1@@Z 00435ba0 f i CommonPathfindingLib:GraphicsBufferManager.obj
 0002:00011c20       ??$?MDU?$char_traits@D@std@@V?$allocator@D@1@@std@@YA_NABV?$basic_string@DU?$char_traits@D@std@@V?$allocator@D@2@@0@0@Z 00435c20 f i CommonPathfindingLib:GraphicsBufferManager.obj
 0002:00011ca0       ??$_Buynode@ABUpiecewise_construct_t@std@@V?$tuple@ABH@2@V?$tuple@$$V@2@@?$_Tree_comp_alloc@V?$_Tmap_traits@HPAVGraphicsBuffer@@U?$less@H@std@@V?$allocator@U?$pair@$$CBHPAVGraphicsBuffer@@@std@@@3@$0A@@std@@@std@@QAEPAU?$_Tree_node@U?$pair@$$CBHPAVGraphicsBuffer@@@std@@PAX@1@ABUpiecewise_construct_t@1@$$QAV?$tuple@ABH@1@$$QAV?$tuple@$$V@1@@Z 00435ca0 f i CommonPathfindingLib:GraphicsBufferManager.obj
 0002:00011e10       ??$_Buynode@ABUpiecewise_construct_t@std@@V?$tuple@ABV?$basic_string@DU?$char_traits@D@std@@V?$allocator@D@2@@std@@@2@V?$tuple@$$V@2@@?$_Tree_comp_alloc@V?$_Tmap_traits@V?$basic_string@DU?$char_traits@D@std@@V?$allocator@D@2@@std@@HU?$less@V?$basic_string@DU?$char_traits@D@std@@V?$allocator@D@2@@std@@@2@V?$allocator@U?$pair@$$CBV?$basic_string@DU?$char_traits@D@std@@V?$allocator@D@2@@std@@H@std@@@2@$0A@@std@@@std@@QAEPAU?$_Tree_node@U?$pair@$$CBV?$basic_string@DU?$char_traits@D@std@@V?$allocator@D@2@@std@@H@std@@PAX@1@ABUpiecewise_construct_t@1@$$QAV?$tuple@ABV?$basic_string@DU?$char_traits@D@std@@V?$allocator@D@2@@std@@@1@$$QAV?$tuple@$$V@1@@Z 00435e10 f i CommonPathfindingLib:GraphicsBufferManager.obj
 0002:00011f80       ??$_Buynode_if_nil@AAU?$pair@$$CBHPAVGraphicsBuffer@@@std@@@?$_Tree@V?$_Tmap_traits@HPAVGraphicsBuffer@@U?$less@H@std@@V?$allocator@U?$pair@$$CBHPAVGraphicsBuffer@@@std@@@3@$0A@@std@@@std@@IAEPAU?$_Tree_node@U?$pair@$$CBHPAVGraphicsBuffer@@@std@@PAX@1@PAU21@AAU?$pair@$$CBHPAVGraphicsBuffer@@@1@@Z 00435f80 f i CommonPathfindingLib:GraphicsBufferManager.obj
 0002:00011fc0       ??$_Buynode_if_nil@AAU?$pair@$$CBV?$basic_string@DU?$char_traits@D@std@@V?$allocator@D@2@@std@@H@std@@@?$_Tree@V?$_Tmap_traits@V?$basic_string@DU?$char_traits@D@std@@V?$allocator@D@2@@std@@HU?$less@V?$basic_string@DU?$char_traits@D@std@@V?$allocator@D@2@@std@@@2@V?$allocator@U?$pair@$$CBV?$basic_string@DU?$char_traits@D@std@@V?$allocator@D@2@@std@@H@std@@@2@$0A@@std@@@std@@IAEPAU?$_Tree_node@U?$pair@$$CBV?$basic_string@DU?$char_traits@D@std@@V?$allocator@D@2@@std@@H@std@@PAX@1@PAU21@AAU?$pair@$$CBV?$basic_string@DU?$char_traits@D@std@@V?$allocator@D@2@@std@@H@1@@Z 00435fc0 f i CommonPathfindingLib:GraphicsBufferManager.obj
 0002:00012000       ??$_Debug_lt_pred@AAU?$less@H@std@@ABHABH@std@@YA_NAAU?$less@H@0@ABH1PB_WI@Z 00436000 f i CommonPathfindingLib:GraphicsBufferManager.obj
 0002:00012110       ??$_Debug_lt_pred@AAU?$less@V?$basic_string@DU?$char_traits@D@std@@V?$allocator@D@2@@std@@@std@@ABV?$basic_string@DU?$char_traits@D@std@@V?$allocator@D@2@@2@ABV32@@std@@YA_NAAU?$less@V?$basic_string@DU?$char_traits@D@std@@V?$allocator@D@2@@std@@@0@ABV?$basic_string@DU?$char_traits@D@std@@V?$allocator@D@2@@0@1PB_WI@Z 00436110 f i CommonPathfindingLib:GraphicsBufferManager.obj
 0002:00012220       ??$_Debug_lt_pred@ABU?$less@H@std@@ABHABH@std@@YA_NABU?$less@H@0@ABH1PB_WI@Z 00436220 f i CommonPathfindingLib:GraphicsBufferManager.obj
 0002:00012330       ??$_Debug_lt_pred@ABU?$less@V?$basic_string@DU?$char_traits@D@std@@V?$allocator@D@2@@std@@@std@@ABV?$basic_string@DU?$char_traits@D@std@@V?$allocator@D@2@@2@ABV32@@std@@YA_NABU?$less@V?$basic_string@DU?$char_traits@D@std@@V?$allocator@D@2@@std@@@0@ABV?$basic_string@DU?$char_traits@D@std@@V?$allocator@D@2@@0@1PB_WI@Z 00436330 f i CommonPathfindingLib:GraphicsBufferManager.obj
 0002:00012440       ??$_Insert_at@AAU?$pair@$$CBHPAVGraphicsBuffer@@@std@@PAU?$_Tree_node@U?$pair@$$CBHPAVGraphicsBuffer@@@std@@PAX@2@@?$_Tree@V?$_Tmap_traits@HPAVGraphicsBuffer@@U?$less@H@std@@V?$allocator@U?$pair@$$CBHPAVGraphicsBuffer@@@std@@@3@$0A@@std@@@std@@IAE?AV?$_Tree_iterator@V?$_Tree_val@U?$_Tree_simple_types@U?$pair@$$CBHPAVGraphicsBuffer@@@std@@@std@@@std@@@1@_NPAU?$_Tree_node@U?$pair@$$CBHPAVGraphicsBuffer@@@std@@PAX@1@AAU?$pair@$$CBHPAVGraphicsBuffer@@@1@1@Z 00436440 f i CommonPathfindingLib:GraphicsBufferManager.obj
 0002:00012a00       ??$_Insert_at@AAU?$pair@$$CBV?$basic_string@DU?$char_traits@D@std@@V?$allocator@D@2@@std@@H@std@@PAU?$_Tree_node@U?$pair@$$CBV?$basic_string@DU?$char_traits@D@std@@V?$allocator@D@2@@std@@H@std@@PAX@2@@?$_Tree@V?$_Tmap_traits@V?$basic_string@DU?$char_traits@D@std@@V?$allocator@D@2@@std@@HU?$less@V?$basic_string@DU?$char_traits@D@std@@V?$allocator@D@2@@std@@@2@V?$allocator@U?$pair@$$CBV?$basic_string@DU?$char_traits@D@std@@V?$allocator@D@2@@std@@H@std@@@2@$0A@@std@@@std@@IAE?AV?$_Tree_iterator@V?$_Tree_val@U?$_Tree_simple_types@U?$pair@$$CBV?$basic_string@DU?$char_traits@D@std@@V?$allocator@D@2@@std@@H@std@@@std@@@std@@@1@_NPAU?$_Tree_node@U?$pair@$$CBV?$basic_string@DU?$char_traits@D@std@@V?$allocator@D@2@@std@@H@std@@PAX@1@AAU?$pair@$$CBV?$basic_string@DU?$char_traits@D@std@@V?$allocator@D@2@@std@@H@1@1@Z 00436a00 f i CommonPathfindingLib:GraphicsBufferManager.obj
 0002:00012fc0       ??$_Insert_hint@AAU?$pair@$$CBHPAVGraphicsBuffer@@@std@@PAU?$_Tree_node@U?$pair@$$CBHPAVGraphicsBuffer@@@std@@PAX@2@@?$_Tree@V?$_Tmap_traits@HPAVGraphicsBuffer@@U?$less@H@std@@V?$allocator@U?$pair@$$CBHPAVGraphicsBuffer@@@std@@@3@$0A@@std@@@std@@IAE?AV?$_Tree_iterator@V?$_Tree_val@U?$_Tree_simple_types@U?$pair@$$CBHPAVGraphicsBuffer@@@std@@@std@@@std@@@1@V?$_Tree_const_iterator@V?$_Tree_val@U?$_Tree_simple_types@U?$pair@$$CBHPAVGraphicsBuffer@@@std@@@std@@@std@@@1@AAU?$pair@$$CBHPAVGraphicsBuffer@@@1@PAU?$_Tree_node@U?$pair@$$CBHPAVGraphicsBuffer@@@std@@PAX@1@@Z 00436fc0 f i CommonPathfindingLib:GraphicsBufferManager.obj
 0002:00014550       ??$_Insert_hint@AAU?$pair@$$CBV?$basic_string@DU?$char_traits@D@std@@V?$allocator@D@2@@std@@H@std@@PAU?$_Tree_node@U?$pair@$$CBV?$basic_string@DU?$char_traits@D@std@@V?$allocator@D@2@@std@@H@std@@PAX@2@@?$_Tree@V?$_Tmap_traits@V?$basic_string@DU?$char_traits@D@std@@V?$allocator@D@2@@std@@HU?$less@V?$basic_string@DU?$char_traits@D@std@@V?$allocator@D@2@@std@@@2@V?$allocator@U?$pair@$$CBV?$basic_string@DU?$char_traits@D@std@@V?$allocator@D@2@@std@@H@std@@@2@$0A@@std@@@std@@IAE?AV?$_Tree_iterator@V?$_Tree_val@U?$_Tree_simple_types@U?$pair@$$CBV?$basic_string@DU?$char_traits@D@std@@V?$allocator@D@2@@std@@H@std@@@std@@@std@@@1@V?$_Tree_const_iterator@V?$_Tree_val@U?$_Tree_simple_types@U?$pair@$$CBV?$basic_string@DU?$char_traits@D@std@@V?$allocator@D@2@@std@@H@std@@@std@@@std@@@1@AAU?$pair@$$CBV?$basic_string@DU?$char_traits@D@std@@V?$allocator@D@2@@std@@H@1@PAU?$_Tree_node@U?$pair@$$CBV?$basic_string@DU?$char_traits@D@std@@V?$allocator@D@2@@std@@H@std@@PAX@1@@Z 00438550 f i CommonPathfindingLib:GraphicsBufferManager.obj
 0002:00015ae0       ??$_Insert_nohint@AAU?$pair@$$CBHPAVGraphicsBuffer@@@std@@PAU?$_Tree_node@U?$pair@$$CBHPAVGraphicsBuffer@@@std@@PAX@2@@?$_Tree@V?$_Tmap_traits@HPAVGraphicsBuffer@@U?$less@H@std@@V?$allocator@U?$pair@$$CBHPAVGraphicsBuffer@@@std@@@3@$0A@@std@@@std@@IAE?AU?$pair@V?$_Tree_iterator@V?$_Tree_val@U?$_Tree_simple_types@U?$pair@$$CBHPAVGraphicsBuffer@@@std@@@std@@@std@@@std@@_N@1@_NAAU?$pair@$$CBHPAVGraphicsBuffer@@@1@PAU?$_Tree_node@U?$pair@$$CBHPAVGraphicsBuffer@@@std@@PAX@1@@Z 00439ae0 f i CommonPathfindingLib:GraphicsBufferManager.obj
 0002:000161b0       ??$_Insert_nohint@AAU?$pair@$$CBV?$basic_string@DU?$char_traits@D@std@@V?$allocator@D@2@@std@@H@std@@PAU?$_Tree_node@U?$pair@$$CBV?$basic_string@DU?$char_traits@D@std@@V?$allocator@D@2@@std@@H@std@@PAX@2@@?$_Tree@V?$_Tmap_traits@V?$basic_string@DU?$char_traits@D@std@@V?$allocator@D@2@@std@@HU?$less@V?$basic_string@DU?$char_traits@D@std@@V?$allocator@D@2@@std@@@2@V?$allocator@U?$pair@$$CBV?$basic_string@DU?$char_traits@D@std@@V?$allocator@D@2@@std@@H@std@@@2@$0A@@std@@@std@@IAE?AU?$pair@V?$_Tree_iterator@V?$_Tree_val@U?$_Tree_simple_types@U?$pair@$$CBV?$basic_string@DU?$char_traits@D@std@@V?$allocator@D@2@@std@@H@std@@@std@@@std@@@std@@_N@1@_NAAU?$pair@$$CBV?$basic_string@DU?$char_traits@D@std@@V?$allocator@D@2@@std@@H@1@PAU?$_Tree_node@U?$pair@$$CBV?$basic_string@DU?$char_traits@D@std@@V?$allocator@D@2@@std@@H@std@@PAX@1@@Z 0043a1b0 f i CommonPathfindingLib:GraphicsBufferManager.obj
 0002:00016880       ??$_Kfn@$$CBHPAVGraphicsBuffer@@@?$_Tmap_traits@HPAVGraphicsBuffer@@U?$less@H@std@@V?$allocator@U?$pair@$$CBHPAVGraphicsBuffer@@@std@@@3@$0A@@std@@SAABHABU?$pair@$$CBHPAVGraphicsBuffer@@@1@@Z 0043a880 f i CommonPathfindingLib:GraphicsBufferManager.obj
 0002:000168c0       ??$_Kfn@$$CBV?$basic_string@DU?$char_traits@D@std@@V?$allocator@D@2@@std@@H@?$_Tmap_traits@V?$basic_string@DU?$char_traits@D@std@@V?$allocator@D@2@@std@@HU?$less@V?$basic_string@DU?$char_traits@D@std@@V?$allocator@D@2@@std@@@2@V?$allocator@U?$pair@$$CBV?$basic_string@DU?$char_traits@D@std@@V?$allocator@D@2@@std@@H@std@@@2@$0A@@std@@SAABV?$basic_string@DU?$char_traits@D@std@@V?$allocator@D@2@@1@ABU?$pair@$$CBV?$basic_string@DU?$char_traits@D@std@@V?$allocator@D@2@@std@@H@1@@Z 0043a8c0 f i CommonPathfindingLib:GraphicsBufferManager.obj
 0002:00016900       ??$_Lbound@H@?$_Tree@V?$_Tmap_traits@HPAVGraphicsBuffer@@U?$less@H@std@@V?$allocator@U?$pair@$$CBHPAVGraphicsBuffer@@@std@@@3@$0A@@std@@@std@@IBEPAU?$_Tree_node@U?$pair@$$CBHPAVGraphicsBuffer@@@std@@PAX@1@ABH@Z 0043a900 f i CommonPathfindingLib:GraphicsBufferManager.obj
 0002:000169f0       ??$_Lbound@V?$basic_string@DU?$char_traits@D@std@@V?$allocator@D@2@@std@@@?$_Tree@V?$_Tmap_traits@V?$basic_string@DU?$char_traits@D@std@@V?$allocator@D@2@@std@@HU?$less@V?$basic_string@DU?$char_traits@D@std@@V?$allocator@D@2@@std@@@2@V?$allocator@U?$pair@$$CBV?$basic_string@DU?$char_traits@D@std@@V?$allocator@D@2@@std@@H@std@@@2@$0A@@std@@@std@@IBEPAU?$_Tree_node@U?$pair@$$CBV?$basic_string@DU?$char_traits@D@std@@V?$allocator@D@2@@std@@H@std@@PAX@1@ABV?$basic_string@DU?$char_traits@D@std@@V?$allocator@D@2@@1@@Z 0043a9f0 f i CommonPathfindingLib:GraphicsBufferManager.obj
 0002:00016ae0       ??$_Traits_compare@U?$char_traits@D@std@@@std@@YAHQBDI0I@Z 0043aae0 f i CommonPathfindingLib:GraphicsBufferManager.obj
 0002:00016b90       ??$_Try_emplace@ABH$$V@?$map@HPAVGraphicsBuffer@@U?$less@H@std@@V?$allocator@U?$pair@$$CBHPAVGraphicsBuffer@@@std@@@3@@std@@QAE?AU?$pair@V?$_Tree_iterator@V?$_Tree_val@U?$_Tree_simple_types@U?$pair@$$CBHPAVGraphicsBuffer@@@std@@@std@@@std@@@std@@_N@1@ABH@Z 0043ab90 f i CommonPathfindingLib:GraphicsBufferManager.obj
 0002:00016ed0       ??$_Try_emplace@ABV?$basic_string@DU?$char_traits@D@std@@V?$allocator@D@2@@std@@$$V@?$map@V?$basic_string@DU?$char_traits@D@std@@V?$allocator@D@2@@std@@HU?$less@V?$basic_string@DU?$char_traits@D@std@@V?$allocator@D@2@@std@@@2@V?$allocator@U?$pair@$$CBV?$basic_string@DU?$char_traits@D@std@@V?$allocator@D@2@@std@@H@std@@@2@@std@@QAE?AU?$pair@V?$_Tree_iterator@V?$_Tree_val@U?$_Tree_simple_types@U?$pair@$$CBV?$basic_string@DU?$char_traits@D@std@@V?$allocator@D@2@@std@@H@std@@@std@@@std@@@std@@_N@1@ABV?$basic_string@DU?$char_traits@D@std@@V?$allocator@D@2@@1@@Z 0043aed0 f i CommonPathfindingLib:GraphicsBufferManager.obj
 0002:00017210       ??$addressof@PAU?$_Tree_node@U?$pair@$$CBHPAVGraphicsBuffer@@@std@@PAX@std@@@std@@YAPAPAU?$_Tree_node@U?$pair@$$CBHPAVGraphicsBuffer@@@std@@PAX@0@AAPAU10@@Z 0043b210 f i CommonPathfindingLib:GraphicsBufferManager.obj
 0002:00017250       ??$addressof@PAU?$_Tree_node@U?$pair@$$CBV?$basic_string@DU?$char_traits@D@std@@V?$allocator@D@2@@std@@H@std@@PAX@std@@@std@@YAPAPAU?$_Tree_node@U?$pair@$$CBV?$basic_string@DU?$char_traits@D@std@@V?$allocator@D@2@@std@@H@std@@PAX@0@AAPAU10@@Z 0043b250 f i CommonPathfindingLib:GraphicsBufferManager.obj
 0002:00017290       ??$addressof@U?$pair@$$CBHPAVGraphicsBuffer@@@std@@@std@@YAPAU?$pair@$$CBHPAVGraphicsBuffer@@@0@AAU10@@Z 0043b290 f i CommonPathfindingLib:GraphicsBufferManager.obj
 0002:000172d0       ??$addressof@U?$pair@$$CBV?$basic_string@DU?$char_traits@D@std@@V?$allocator@D@2@@std@@H@std@@@std@@YAPAU?$pair@$$CBV?$basic_string@DU?$char_traits@D@std@@V?$allocator@D@2@@std@@H@0@AAU10@@Z 0043b2d0 f i CommonPathfindingLib:GraphicsBufferManager.obj
 0002:00017310       ??$addressof@V?$_Tree_val@U?$_Tree_simple_types@U?$pair@$$CBHPAVGraphicsBuffer@@@std@@@std@@@std@@@std@@YAPAV?$_Tree_val@U?$_Tree_simple_types@U?$pair@$$CBHPAVGraphicsBuffer@@@std@@@std@@@0@AAV10@@Z 0043b310 f i CommonPathfindingLib:GraphicsBufferManager.obj
 0002:00017350       ??$addressof@V?$_Tree_val@U?$_Tree_simple_types@U?$pair@$$CBV?$basic_string@DU?$char_traits@D@std@@V?$allocator@D@2@@std@@H@std@@@std@@@std@@@std@@YAPAV?$_Tree_val@U?$_Tree_simple_types@U?$pair@$$CBV?$basic_string@DU?$char_traits@D@std@@V?$allocator@D@2@@std@@H@std@@@std@@@0@AAV10@@Z 0043b350 f i CommonPathfindingLib:GraphicsBufferManager.obj
 0002:00017390       ??$construct@PAU?$_Tree_node@U?$pair@$$CBHPAVGraphicsBuffer@@@std@@PAX@std@@AAPAU12@@?$_Wrap_alloc@V?$allocator@U?$_Tree_node@U?$pair@$$CBHPAVGraphicsBuffer@@@std@@PAX@std@@@std@@@std@@QAEXPAPAU?$_Tree_node@U?$pair@$$CBHPAVGraphicsBuffer@@@std@@PAX@1@AAPAU21@@Z 0043b390 f i CommonPathfindingLib:GraphicsBufferManager.obj
 0002:00017400       ??$construct@PAU?$_Tree_node@U?$pair@$$CBHPAVGraphicsBuffer@@@std@@PAX@std@@AAPAU12@@?$allocator@U?$_Tree_node@U?$pair@$$CBHPAVGraphicsBuffer@@@std@@PAX@std@@@std@@QAEXPAPAU?$_Tree_node@U?$pair@$$CBHPAVGraphicsBuffer@@@std@@PAX@1@AAPAU21@@Z 0043b400 f i CommonPathfindingLib:GraphicsBufferManager.obj
 0002:000174b0       ??$construct@PAU?$_Tree_node@U?$pair@$$CBHPAVGraphicsBuffer@@@std@@PAX@std@@AAPAU12@@?$allocator_traits@V?$allocator@U?$_Tree_node@U?$pair@$$CBHPAVGraphicsBuffer@@@std@@PAX@std@@@std@@@std@@SAXAAV?$allocator@U?$_Tree_node@U?$pair@$$CBHPAVGraphicsBuffer@@@std@@PAX@std@@@1@PAPAU?$_Tree_node@U?$pair@$$CBHPAVGraphicsBuffer@@@std@@PAX@1@AAPAU31@@Z 0043b4b0 f i CommonPathfindingLib:GraphicsBufferManager.obj
 0002:00017510       ??$construct@PAU?$_Tree_node@U?$pair@$$CBV?$basic_string@DU?$char_traits@D@std@@V?$allocator@D@2@@std@@H@std@@PAX@std@@AAPAU12@@?$_Wrap_alloc@V?$allocator@U?$_Tree_node@U?$pair@$$CBV?$basic_string@DU?$char_traits@D@std@@V?$allocator@D@2@@std@@H@std@@PAX@std@@@std@@@std@@QAEXPAPAU?$_Tree_node@U?$pair@$$CBV?$basic_string@DU?$char_traits@D@std@@V?$allocator@D@2@@std@@H@std@@PAX@1@AAPAU21@@Z 0043b510 f i CommonPathfindingLib:GraphicsBufferManager.obj
 0002:00017580       ??$construct@PAU?$_Tree_node@U?$pair@$$CBV?$basic_string@DU?$char_traits@D@std@@V?$allocator@D@2@@std@@H@std@@PAX@std@@AAPAU12@@?$allocator@U?$_Tree_node@U?$pair@$$CBV?$basic_string@DU?$char_traits@D@std@@V?$allocator@D@2@@std@@H@std@@PAX@std@@@std@@QAEXPAPAU?$_Tree_node@U?$pair@$$CBV?$basic_string@DU?$char_traits@D@std@@V?$allocator@D@2@@std@@H@std@@PAX@1@AAPAU21@@Z 0043b580 f i CommonPathfindingLib:GraphicsBufferManager.obj
 0002:00017630       ??$construct@PAU?$_Tree_node@U?$pair@$$CBV?$basic_string@DU?$char_traits@D@std@@V?$allocator@D@2@@std@@H@std@@PAX@std@@AAPAU12@@?$allocator_traits@V?$allocator@U?$_Tree_node@U?$pair@$$CBV?$basic_string@DU?$char_traits@D@std@@V?$allocator@D@2@@std@@H@std@@PAX@std@@@std@@@std@@SAXAAV?$allocator@U?$_Tree_node@U?$pair@$$CBV?$basic_string@DU?$char_traits@D@std@@V?$allocator@D@2@@std@@H@std@@PAX@std@@@1@PAPAU?$_Tree_node@U?$pair@$$CBV?$basic_string@DU?$char_traits@D@std@@V?$allocator@D@2@@std@@H@std@@PAX@1@AAPAU31@@Z 0043b630 f i CommonPathfindingLib:GraphicsBufferManager.obj
 0002:00017690       ??$construct@U?$pair@$$CBHPAVGraphicsBuffer@@@std@@ABUpiecewise_construct_t@2@V?$tuple@ABH@2@V?$tuple@$$V@2@@?$_Wrap_alloc@V?$allocator@U?$_Tree_node@U?$pair@$$CBHPAVGraphicsBuffer@@@std@@PAX@std@@@std@@@std@@QAEXPAU?$pair@$$CBHPAVGraphicsBuffer@@@1@ABUpiecewise_construct_t@1@$$QAV?$tuple@ABH@1@$$QAV?$tuple@$$V@1@@Z 0043b690 f i CommonPathfindingLib:GraphicsBufferManager.obj
 0002:00017720       ??$construct@U?$pair@$$CBHPAVGraphicsBuffer@@@std@@ABUpiecewise_construct_t@2@V?$tuple@ABH@2@V?$tuple@$$V@2@@?$allocator@U?$_Tree_node@U?$pair@$$CBHPAVGraphicsBuffer@@@std@@PAX@std@@@std@@QAEXPAU?$pair@$$CBHPAVGraphicsBuffer@@@1@ABUpiecewise_construct_t@1@$$QAV?$tuple@ABH@1@$$QAV?$tuple@$$V@1@@Z 0043b720 f i CommonPathfindingLib:GraphicsBufferManager.obj
 0002:00017860       ??$construct@U?$pair@$$CBHPAVGraphicsBuffer@@@std@@ABUpiecewise_construct_t@2@V?$tuple@ABH@2@V?$tuple@$$V@2@@?$allocator_traits@V?$allocator@U?$_Tree_node@U?$pair@$$CBHPAVGraphicsBuffer@@@std@@PAX@std@@@std@@@std@@SAXAAV?$allocator@U?$_Tree_node@U?$pair@$$CBHPAVGraphicsBuffer@@@std@@PAX@std@@@1@PAU?$pair@$$CBHPAVGraphicsBuffer@@@1@ABUpiecewise_construct_t@1@$$QAV?$tuple@ABH@1@$$QAV?$tuple@$$V@1@@Z 0043b860 f i CommonPathfindingLib:GraphicsBufferManager.obj
 0002:000178e0       ??$construct@U?$pair@$$CBV?$basic_string@DU?$char_traits@D@std@@V?$allocator@D@2@@std@@H@std@@ABUpiecewise_construct_t@2@V?$tuple@ABV?$basic_string@DU?$char_traits@D@std@@V?$allocator@D@2@@std@@@2@V?$tuple@$$V@2@@?$_Wrap_alloc@V?$allocator@U?$_Tree_node@U?$pair@$$CBV?$basic_string@DU?$char_traits@D@std@@V?$allocator@D@2@@std@@H@std@@PAX@std@@@std@@@std@@QAEXPAU?$pair@$$CBV?$basic_string@DU?$char_traits@D@std@@V?$allocator@D@2@@std@@H@1@ABUpiecewise_construct_t@1@$$QAV?$tuple@ABV?$basic_string@DU?$char_traits@D@std@@V?$allocator@D@2@@std@@@1@$$QAV?$tuple@$$V@1@@Z 0043b8e0 f i CommonPathfindingLib:GraphicsBufferManager.obj
 0002:00017970       ??$construct@U?$pair@$$CBV?$basic_string@DU?$char_traits@D@std@@V?$allocator@D@2@@std@@H@std@@ABUpiecewise_construct_t@2@V?$tuple@ABV?$basic_string@DU?$char_traits@D@std@@V?$allocator@D@2@@std@@@2@V?$tuple@$$V@2@@?$allocator@U?$_Tree_node@U?$pair@$$CBV?$basic_string@DU?$char_traits@D@std@@V?$allocator@D@2@@std@@H@std@@PAX@std@@@std@@QAEXPAU?$pair@$$CBV?$basic_string@DU?$char_traits@D@std@@V?$allocator@D@2@@std@@H@1@ABUpiecewise_construct_t@1@$$QAV?$tuple@ABV?$basic_string@DU?$char_traits@D@std@@V?$allocator@D@2@@std@@@1@$$QAV?$tuple@$$V@1@@Z 0043b970 f i CommonPathfindingLib:GraphicsBufferManager.obj
 0002:00017ab0       ??$construct@U?$pair@$$CBV?$basic_string@DU?$char_traits@D@std@@V?$allocator@D@2@@std@@H@std@@ABUpiecewise_construct_t@2@V?$tuple@ABV?$basic_string@DU?$char_traits@D@std@@V?$allocator@D@2@@std@@@2@V?$tuple@$$V@2@@?$allocator_traits@V?$allocator@U?$_Tree_node@U?$pair@$$CBV?$basic_string@DU?$char_traits@D@std@@V?$allocator@D@2@@std@@H@std@@PAX@std@@@std@@@std@@SAXAAV?$allocator@U?$_Tree_node@U?$pair@$$CBV?$basic_string@DU?$char_traits@D@std@@V?$allocator@D@2@@std@@H@std@@PAX@std@@@1@PAU?$pair@$$CBV?$basic_string@DU?$char_traits@D@std@@V?$allocator@D@2@@std@@H@1@ABUpiecewise_construct_t@1@$$QAV?$tuple@ABV?$basic_string@DU?$char_traits@D@std@@V?$allocator@D@2@@std@@@1@$$QAV?$tuple@$$V@1@@Z 0043bab0 f i CommonPathfindingLib:GraphicsBufferManager.obj
 0002:00017b30       ??$destroy@PAU?$_Tree_node@U?$pair@$$CBHPAVGraphicsBuffer@@@std@@PAX@std@@@?$_Wrap_alloc@V?$allocator@U?$_Tree_node@U?$pair@$$CBHPAVGraphicsBuffer@@@std@@PAX@std@@@std@@@std@@QAEXPAPAU?$_Tree_node@U?$pair@$$CBHPAVGraphicsBuffer@@@std@@PAX@1@@Z 0043bb30 f i CommonPathfindingLib:GraphicsBufferManager.obj
 0002:00017b90       ??$destroy@PAU?$_Tree_node@U?$pair@$$CBHPAVGraphicsBuffer@@@std@@PAX@std@@@?$allocator@U?$_Tree_node@U?$pair@$$CBHPAVGraphicsBuffer@@@std@@PAX@std@@@std@@QAEXPAPAU?$_Tree_node@U?$pair@$$CBHPAVGraphicsBuffer@@@std@@PAX@1@@Z 0043bb90 f i CommonPathfindingLib:GraphicsBufferManager.obj
 0002:00017bd0       ??$destroy@PAU?$_Tree_node@U?$pair@$$CBHPAVGraphicsBuffer@@@std@@PAX@std@@@?$allocator_traits@V?$allocator@U?$_Tree_node@U?$pair@$$CBHPAVGraphicsBuffer@@@std@@PAX@std@@@std@@@std@@SAXAAV?$allocator@U?$_Tree_node@U?$pair@$$CBHPAVGraphicsBuffer@@@std@@PAX@std@@@1@PAPAU?$_Tree_node@U?$pair@$$CBHPAVGraphicsBuffer@@@std@@PAX@1@@Z 0043bbd0 f i CommonPathfindingLib:GraphicsBufferManager.obj
 0002:00017c20       ??$destroy@PAU?$_Tree_node@U?$pair@$$CBV?$basic_string@DU?$char_traits@D@std@@V?$allocator@D@2@@std@@H@std@@PAX@std@@@?$_Wrap_alloc@V?$allocator@U?$_Tree_node@U?$pair@$$CBV?$basic_string@DU?$char_traits@D@std@@V?$allocator@D@2@@std@@H@std@@PAX@std@@@std@@@std@@QAEXPAPAU?$_Tree_node@U?$pair@$$CBV?$basic_string@DU?$char_traits@D@std@@V?$allocator@D@2@@std@@H@std@@PAX@1@@Z 0043bc20 f i CommonPathfindingLib:GraphicsBufferManager.obj
 0002:00017c80       ??$destroy@PAU?$_Tree_node@U?$pair@$$CBV?$basic_string@DU?$char_traits@D@std@@V?$allocator@D@2@@std@@H@std@@PAX@std@@@?$allocator@U?$_Tree_node@U?$pair@$$CBV?$basic_string@DU?$char_traits@D@std@@V?$allocator@D@2@@std@@H@std@@PAX@std@@@std@@QAEXPAPAU?$_Tree_node@U?$pair@$$CBV?$basic_string@DU?$char_traits@D@std@@V?$allocator@D@2@@std@@H@std@@PAX@1@@Z 0043bc80 f i CommonPathfindingLib:GraphicsBufferManager.obj
 0002:00017cc0       ??$destroy@PAU?$_Tree_node@U?$pair@$$CBV?$basic_string@DU?$char_traits@D@std@@V?$allocator@D@2@@std@@H@std@@PAX@std@@@?$allocator_traits@V?$allocator@U?$_Tree_node@U?$pair@$$CBV?$basic_string@DU?$char_traits@D@std@@V?$allocator@D@2@@std@@H@std@@PAX@std@@@std@@@std@@SAXAAV?$allocator@U?$_Tree_node@U?$pair@$$CBV?$basic_string@DU?$char_traits@D@std@@V?$allocator@D@2@@std@@H@std@@PAX@std@@@1@PAPAU?$_Tree_node@U?$pair@$$CBV?$basic_string@DU?$char_traits@D@std@@V?$allocator@D@2@@std@@H@std@@PAX@1@@Z 0043bcc0 f i CommonPathfindingLib:GraphicsBufferManager.obj
 0002:00017d10       ??$destroy@U?$pair@$$CBHPAVGraphicsBuffer@@@std@@@?$_Wrap_alloc@V?$allocator@U?$_Tree_node@U?$pair@$$CBHPAVGraphicsBuffer@@@std@@PAX@std@@@std@@@std@@QAEXPAU?$pair@$$CBHPAVGraphicsBuffer@@@1@@Z 0043bd10 f i CommonPathfindingLib:GraphicsBufferManager.obj
 0002:00017d70       ??$destroy@U?$pair@$$CBHPAVGraphicsBuffer@@@std@@@?$allocator@U?$_Tree_node@U?$pair@$$CBHPAVGraphicsBuffer@@@std@@PAX@std@@@std@@QAEXPAU?$pair@$$CBHPAVGraphicsBuffer@@@1@@Z 0043bd70 f i CommonPathfindingLib:GraphicsBufferManager.obj
 0002:00017db0       ??$destroy@U?$pair@$$CBHPAVGraphicsBuffer@@@std@@@?$allocator_traits@V?$allocator@U?$_Tree_node@U?$pair@$$CBHPAVGraphicsBuffer@@@std@@PAX@std@@@std@@@std@@SAXAAV?$allocator@U?$_Tree_node@U?$pair@$$CBHPAVGraphicsBuffer@@@std@@PAX@std@@@1@PAU?$pair@$$CBHPAVGraphicsBuffer@@@1@@Z 0043bdb0 f i CommonPathfindingLib:GraphicsBufferManager.obj
 0002:00017e00       ??$destroy@U?$pair@$$CBV?$basic_string@DU?$char_traits@D@std@@V?$allocator@D@2@@std@@H@std@@@?$_Wrap_alloc@V?$allocator@U?$_Tree_node@U?$pair@$$CBV?$basic_string@DU?$char_traits@D@std@@V?$allocator@D@2@@std@@H@std@@PAX@std@@@std@@@std@@QAEXPAU?$pair@$$CBV?$basic_string@DU?$char_traits@D@std@@V?$allocator@D@2@@std@@H@1@@Z 0043be00 f i CommonPathfindingLib:GraphicsBufferManager.obj
 0002:00017e60       ??$destroy@U?$pair@$$CBV?$basic_string@DU?$char_traits@D@std@@V?$allocator@D@2@@std@@H@std@@@?$allocator@U?$_Tree_node@U?$pair@$$CBV?$basic_string@DU?$char_traits@D@std@@V?$allocator@D@2@@std@@H@std@@PAX@std@@@std@@QAEXPAU?$pair@$$CBV?$basic_string@DU?$char_traits@D@std@@V?$allocator@D@2@@std@@H@1@@Z 0043be60 f i CommonPathfindingLib:GraphicsBufferManager.obj
 0002:00017ec0       ??$destroy@U?$pair@$$CBV?$basic_string@DU?$char_traits@D@std@@V?$allocator@D@2@@std@@H@std@@@?$allocator_traits@V?$allocator@U?$_Tree_node@U?$pair@$$CBV?$basic_string@DU?$char_traits@D@std@@V?$allocator@D@2@@std@@H@std@@PAX@std@@@std@@@std@@SAXAAV?$allocator@U?$_Tree_node@U?$pair@$$CBV?$basic_string@DU?$char_traits@D@std@@V?$allocator@D@2@@std@@H@std@@PAX@std@@@1@PAU?$pair@$$CBV?$basic_string@DU?$char_traits@D@std@@V?$allocator@D@2@@std@@H@1@@Z 0043bec0 f i CommonPathfindingLib:GraphicsBufferManager.obj
 0002:00017f10       ??$emplace_hint@ABUpiecewise_construct_t@std@@V?$tuple@ABH@2@V?$tuple@$$V@2@@?$_Tree@V?$_Tmap_traits@HPAVGraphicsBuffer@@U?$less@H@std@@V?$allocator@U?$pair@$$CBHPAVGraphicsBuffer@@@std@@@3@$0A@@std@@@std@@QAE?AV?$_Tree_iterator@V?$_Tree_val@U?$_Tree_simple_types@U?$pair@$$CBHPAVGraphicsBuffer@@@std@@@std@@@std@@@1@V?$_Tree_const_iterator@V?$_Tree_val@U?$_Tree_simple_types@U?$pair@$$CBHPAVGraphicsBuffer@@@std@@@std@@@std@@@1@ABUpiecewise_construct_t@1@$$QAV?$tuple@ABH@1@$$QAV?$tuple@$$V@1@@Z 0043bf10 f i CommonPathfindingLib:GraphicsBufferManager.obj
 0002:00018050       ??$emplace_hint@ABUpiecewise_construct_t@std@@V?$tuple@ABV?$basic_string@DU?$char_traits@D@std@@V?$allocator@D@2@@std@@@2@V?$tuple@$$V@2@@?$_Tree@V?$_Tmap_traits@V?$basic_string@DU?$char_traits@D@std@@V?$allocator@D@2@@std@@HU?$less@V?$basic_string@DU?$char_traits@D@std@@V?$allocator@D@2@@std@@@2@V?$allocator@U?$pair@$$CBV?$basic_string@DU?$char_traits@D@std@@V?$allocator@D@2@@std@@H@std@@@2@$0A@@std@@@std@@QAE?AV?$_Tree_iterator@V?$_Tree_val@U?$_Tree_simple_types@U?$pair@$$CBV?$basic_string@DU?$char_traits@D@std@@V?$allocator@D@2@@std@@H@std@@@std@@@std@@@1@V?$_Tree_const_iterator@V?$_Tree_val@U?$_Tree_simple_types@U?$pair@$$CBV?$basic_string@DU?$char_traits@D@std@@V?$allocator@D@2@@std@@H@std@@@std@@@std@@@1@ABUpiecewise_construct_t@1@$$QAV?$tuple@ABV?$basic_string@DU?$char_traits@D@std@@V?$allocator@D@2@@std@@@1@$$QAV?$tuple@$$V@1@@Z 0043c050 f i CommonPathfindingLib:GraphicsBufferManager.obj
 0002:00018190       ??$forward@AAPAU?$_Tree_node@U?$pair@$$CBHPAVGraphicsBuffer@@@std@@PAX@std@@@std@@YAAAPAU?$_Tree_node@U?$pair@$$CBHPAVGraphicsBuffer@@@std@@PAX@0@AAPAU10@@Z 0043c190 f i CommonPathfindingLib:GraphicsBufferManager.obj
 0002:000181d0       ??$forward@AAPAU?$_Tree_node@U?$pair@$$CBV?$basic_string@DU?$char_traits@D@std@@V?$allocator@D@2@@std@@H@std@@PAX@std@@@std@@YAAAPAU?$_Tree_node@U?$pair@$$CBV?$basic_string@DU?$char_traits@D@std@@V?$allocator@D@2@@std@@H@std@@PAX@0@AAPAU10@@Z 0043c1d0 f i CommonPathfindingLib:GraphicsBufferManager.obj
 0002:00018210       ??$forward@AAU?$_Wrap_alloc@V?$allocator@U?$_Tree_node@U?$pair@$$CBHPAVGraphicsBuffer@@@std@@PAX@std@@@std@@@std@@@std@@YAAAU?$_Wrap_alloc@V?$allocator@U?$_Tree_node@U?$pair@$$CBHPAVGraphicsBuffer@@@std@@PAX@std@@@std@@@0@AAU10@@Z 0043c210 f i CommonPathfindingLib:GraphicsBufferManager.obj
 0002:00018250       ??$forward@AAU?$_Wrap_alloc@V?$allocator@U?$_Tree_node@U?$pair@$$CBV?$basic_string@DU?$char_traits@D@std@@V?$allocator@D@2@@std@@H@std@@PAX@std@@@std@@@std@@@std@@YAAAU?$_Wrap_alloc@V?$allocator@U?$_Tree_node@U?$pair@$$CBV?$basic_string@DU?$char_traits@D@std@@V?$allocator@D@2@@std@@H@std@@PAX@std@@@std@@@0@AAU10@@Z 0043c250 f i CommonPathfindingLib:GraphicsBufferManager.obj
 0002:00018290       ??$forward@AAU?$pair@$$CBHPAVGraphicsBuffer@@@std@@@std@@YAAAU?$pair@$$CBHPAVGraphicsBuffer@@@0@AAU10@@Z 0043c290 f i CommonPathfindingLib:GraphicsBufferManager.obj
 0002:000182d0       ??$forward@AAU?$pair@$$CBV?$basic_string@DU?$char_traits@D@std@@V?$allocator@D@2@@std@@H@std@@@std@@YAAAU?$pair@$$CBV?$basic_string@DU?$char_traits@D@std@@V?$allocator@D@2@@std@@H@0@AAU10@@Z 0043c2d0 f i CommonPathfindingLib:GraphicsBufferManager.obj
 0002:00018310       ??$forward@AAV?$_Tree_iterator@V?$_Tree_val@U?$_Tree_simple_types@U?$pair@$$CBHPAVGraphicsBuffer@@@std@@@std@@@std@@@std@@@std@@YAAAV?$_Tree_iterator@V?$_Tree_val@U?$_Tree_simple_types@U?$pair@$$CBHPAVGraphicsBuffer@@@std@@@std@@@std@@@0@AAV10@@Z 0043c310 f i CommonPathfindingLib:GraphicsBufferManager.obj
 0002:00018350       ??$forward@AAV?$_Tree_iterator@V?$_Tree_val@U?$_Tree_simple_types@U?$pair@$$CBV?$basic_string@DU?$char_traits@D@std@@V?$allocator@D@2@@std@@H@std@@@std@@@std@@@std@@@std@@YAAAV?$_Tree_iterator@V?$_Tree_val@U?$_Tree_simple_types@U?$pair@$$CBV?$basic_string@DU?$char_traits@D@std@@V?$allocator@D@2@@std@@H@std@@@std@@@std@@@0@AAV10@@Z 0043c350 f i CommonPathfindingLib:GraphicsBufferManager.obj
 0002:00018390       ??$forward@ABH@std@@YAABHABH@Z 0043c390 f i CommonPathfindingLib:GraphicsBufferManager.obj
 0002:000183d0       ??$forward@ABU?$less@H@std@@@std@@YAABU?$less@H@0@ABU10@@Z 0043c3d0 f i CommonPathfindingLib:GraphicsBufferManager.obj
 0002:00018410       ??$forward@ABU?$less@V?$basic_string@DU?$char_traits@D@std@@V?$allocator@D@2@@std@@@std@@@std@@YAABU?$less@V?$basic_string@DU?$char_traits@D@std@@V?$allocator@D@2@@std@@@0@ABU10@@Z 0043c410 f i CommonPathfindingLib:GraphicsBufferManager.obj
 0002:00018450       ??$forward@ABUpiecewise_construct_t@std@@@std@@YAABUpiecewise_construct_t@0@ABU10@@Z 0043c450 f i CommonPathfindingLib:GraphicsBufferManager.obj
 0002:00018490       ??$forward@ABV?$basic_string@DU?$char_traits@D@std@@V?$allocator@D@2@@std@@@std@@YAABV?$basic_string@DU?$char_traits@D@std@@V?$allocator@D@2@@0@ABV10@@Z 0043c490 f i CommonPathfindingLib:GraphicsBufferManager.obj
 0002:000184d0       ??$forward@U?$_Wrap_alloc@V?$allocator@D@std@@@std@@@std@@YA$$QAU?$_Wrap_alloc@V?$allocator@D@std@@@0@AAU10@@Z 0043c4d0 f i CommonPathfindingLib:GraphicsBufferManager.obj
 0002:00018510       ??$forward@U_Zero_then_variadic_args_t@std@@@std@@YA$$QAU_Zero_then_variadic_args_t@0@AAU10@@Z 0043c510 f i CommonPathfindingLib:GraphicsBufferManager.obj
 0002:00018550       ??$forward@V?$_Tree_iterator@V?$_Tree_val@U?$_Tree_simple_types@U?$pair@$$CBHPAVGraphicsBuffer@@@std@@@std@@@std@@@std@@@std@@YA$$QAV?$_Tree_iterator@V?$_Tree_val@U?$_Tree_simple_types@U?$pair@$$CBHPAVGraphicsBuffer@@@std@@@std@@@std@@@0@AAV10@@Z 0043c550 f i CommonPathfindingLib:GraphicsBufferManager.obj
 0002:00018590       ??$forward@V?$_Tree_iterator@V?$_Tree_val@U?$_Tree_simple_types@U?$pair@$$CBV?$basic_string@DU?$char_traits@D@std@@V?$allocator@D@2@@std@@H@std@@@std@@@std@@@std@@@std@@YA$$QAV?$_Tree_iterator@V?$_Tree_val@U?$_Tree_simple_types@U?$pair@$$CBV?$basic_string@DU?$char_traits@D@std@@V?$allocator@D@2@@std@@H@std@@@std@@@std@@@0@AAV10@@Z 0043c590 f i CommonPathfindingLib:GraphicsBufferManager.obj
 0002:000185d0       ??$forward@V?$allocator@D@std@@@std@@YA$$QAV?$allocator@D@0@AAV10@@Z 0043c5d0 f i CommonPathfindingLib:GraphicsBufferManager.obj
 0002:00018610       ??$forward@V?$tuple@$$V@std@@@std@@YA$$QAV?$tuple@$$V@0@AAV10@@Z 0043c610 f i CommonPathfindingLib:GraphicsBufferManager.obj
 0002:00018650       ??$forward@V?$tuple@ABH@std@@@std@@YA$$QAV?$tuple@ABH@0@AAV10@@Z 0043c650 f i CommonPathfindingLib:GraphicsBufferManager.obj
 0002:00018690       ??$forward@V?$tuple@ABV?$basic_string@DU?$char_traits@D@std@@V?$allocator@D@2@@std@@@std@@@std@@YA$$QAV?$tuple@ABV?$basic_string@DU?$char_traits@D@std@@V?$allocator@D@2@@std@@@0@AAV10@@Z 0043c690 f i CommonPathfindingLib:GraphicsBufferManager.obj
 0002:000186d0       ??$forward@_N@std@@YA$$QA_NAA_N@Z 0043c6d0 f i CommonPathfindingLib:GraphicsBufferManager.obj
 0002:00018710       ??$forward_as_tuple@$$V@std@@YA?AV?$tuple@$$V@0@XZ 0043c710 f i CommonPathfindingLib:GraphicsBufferManager.obj
 0002:00018760       ??$forward_as_tuple@ABH@std@@YA?AV?$tuple@ABH@0@ABH@Z 0043c760 f i CommonPathfindingLib:GraphicsBufferManager.obj
 0002:00018800       ??$forward_as_tuple@ABV?$basic_string@DU?$char_traits@D@std@@V?$allocator@D@2@@std@@@std@@YA?AV?$tuple@ABV?$basic_string@DU?$char_traits@D@std@@V?$allocator@D@2@@std@@@0@ABV?$basic_string@DU?$char_traits@D@std@@V?$allocator@D@2@@0@@Z 0043c800 f i CommonPathfindingLib:GraphicsBufferManager.obj
 0002:000188a0       ??$get@$0A@ABH@std@@YAABH$$QAV?$tuple@ABH@0@@Z 0043c8a0 f i CommonPathfindingLib:GraphicsBufferManager.obj
 0002:000188f0       ??$get@$0A@ABV?$basic_string@DU?$char_traits@D@std@@V?$allocator@D@2@@std@@@std@@YAABV?$basic_string@DU?$char_traits@D@std@@V?$allocator@D@2@@0@$$QAV?$tuple@ABV?$basic_string@DU?$char_traits@D@std@@V?$allocator@D@2@@std@@@0@@Z 0043c8f0 f i CommonPathfindingLib:GraphicsBufferManager.obj
 0002:00018940       ??$move@AAD@std@@YA$$QADAAD@Z 0043c940 f i CommonPathfindingLib:GraphicsBufferManager.obj
 0002:00018980       ??$move@AAU?$_Wrap_alloc@V?$allocator@D@std@@@std@@@std@@YA$$QAU?$_Wrap_alloc@V?$allocator@D@std@@@0@AAU10@@Z 0043c980 f i CommonPathfindingLib:GraphicsBufferManager.obj
 0002:000189c0       ??$move@AAV?$tuple@ABH@std@@@std@@YA$$QAV?$tuple@ABH@0@AAV10@@Z 0043c9c0 f i CommonPathfindingLib:GraphicsBufferManager.obj
 0002:00018a00       ??$move@AAV?$tuple@ABV?$basic_string@DU?$char_traits@D@std@@V?$allocator@D@2@@std@@@std@@@std@@YA$$QAV?$tuple@ABV?$basic_string@DU?$char_traits@D@std@@V?$allocator@D@2@@std@@@0@AAV10@@Z 0043ca00 f i CommonPathfindingLib:GraphicsBufferManager.obj
 0002:00018a40       ??$swap@DX@std@@YAXAAD0@Z  0043ca40 f i CommonPathfindingLib:GraphicsBufferManager.obj
 0002:00018b00       ??$try_emplace@$$V@?$map@HPAVGraphicsBuffer@@U?$less@H@std@@V?$allocator@U?$pair@$$CBHPAVGraphicsBuffer@@@std@@@3@@std@@QAE?AU?$pair@V?$_Tree_iterator@V?$_Tree_val@U?$_Tree_simple_types@U?$pair@$$CBHPAVGraphicsBuffer@@@std@@@std@@@std@@@std@@_N@1@ABH@Z 0043cb00 f i CommonPathfindingLib:GraphicsBufferManager.obj
 0002:00018b80       ??$try_emplace@$$V@?$map@V?$basic_string@DU?$char_traits@D@std@@V?$allocator@D@2@@std@@HU?$less@V?$basic_string@DU?$char_traits@D@std@@V?$allocator@D@2@@std@@@2@V?$allocator@U?$pair@$$CBV?$basic_string@DU?$char_traits@D@std@@V?$allocator@D@2@@std@@H@std@@@2@@std@@QAE?AU?$pair@V?$_Tree_iterator@V?$_Tree_val@U?$_Tree_simple_types@U?$pair@$$CBV?$basic_string@DU?$char_traits@D@std@@V?$allocator@D@2@@std@@H@std@@@std@@@std@@@std@@_N@1@ABV?$basic_string@DU?$char_traits@D@std@@V?$allocator@D@2@@1@@Z 0043cb80 f i CommonPathfindingLib:GraphicsBufferManager.obj
 0002:00018c00       ??0?$_Iterator012@Ubidirectional_iterator_tag@std@@U?$pair@$$CBHPAVGraphicsBuffer@@@2@HPBU32@ABU32@U_Iterator_base12@2@@std@@QAE@$$QAU01@@Z 0043cc00 f i CommonPathfindingLib:GraphicsBufferManager.obj
 0002:00018c60       ??0?$_Iterator012@Ubidirectional_iterator_tag@std@@U?$pair@$$CBHPAVGraphicsBuffer@@@2@HPBU32@ABU32@U_Iterator_base12@2@@std@@QAE@ABU01@@Z 0043cc60 f i CommonPathfindingLib:GraphicsBufferManager.obj
 0002:00018cc0       ??0?$_Iterator012@Ubidirectional_iterator_tag@std@@U?$pair@$$CBHPAVGraphicsBuffer@@@2@HPBU32@ABU32@U_Iterator_base12@2@@std@@QAE@XZ 0043ccc0 f i CommonPathfindingLib:GraphicsBufferManager.obj
 0002:00018d20       ??0?$_Iterator012@Ubidirectional_iterator_tag@std@@U?$pair@$$CBV?$basic_string@DU?$char_traits@D@std@@V?$allocator@D@2@@std@@H@2@HPBU32@ABU32@U_Iterator_base12@2@@std@@QAE@$$QAU01@@Z 0043cd20 f i CommonPathfindingLib:GraphicsBufferManager.obj
 0002:00018d80       ??0?$_Iterator012@Ubidirectional_iterator_tag@std@@U?$pair@$$CBV?$basic_string@DU?$char_traits@D@std@@V?$allocator@D@2@@std@@H@2@HPBU32@ABU32@U_Iterator_base12@2@@std@@QAE@ABU01@@Z 0043cd80 f i CommonPathfindingLib:GraphicsBufferManager.obj
 0002:00018de0       ??0?$_Iterator012@Ubidirectional_iterator_tag@std@@U?$pair@$$CBV?$basic_string@DU?$char_traits@D@std@@V?$allocator@D@2@@std@@H@2@HPBU32@ABU32@U_Iterator_base12@2@@std@@QAE@XZ 0043cde0 f i CommonPathfindingLib:GraphicsBufferManager.obj
 0002:00018e40       ??0?$_Tree@V?$_Tmap_traits@HPAVGraphicsBuffer@@U?$less@H@std@@V?$allocator@U?$pair@$$CBHPAVGraphicsBuffer@@@std@@@3@$0A@@std@@@std@@QAE@ABU?$less@H@1@@Z 0043ce40 f i CommonPathfindingLib:GraphicsBufferManager.obj
 0002:00018ea0       ??0?$_Tree@V?$_Tmap_traits@V?$basic_string@DU?$char_traits@D@std@@V?$allocator@D@2@@std@@HU?$less@V?$basic_string@DU?$char_traits@D@std@@V?$allocator@D@2@@std@@@2@V?$allocator@U?$pair@$$CBV?$basic_string@DU?$char_traits@D@std@@V?$allocator@D@2@@std@@H@std@@@2@$0A@@std@@@std@@QAE@ABU?$less@V?$basic_string@DU?$char_traits@D@std@@V?$allocator@D@2@@std@@@1@@Z 0043cea0 f i CommonPathfindingLib:GraphicsBufferManager.obj
 0002:00018f00       ??0?$_Tree_comp_alloc@V?$_Tmap_traits@HPAVGraphicsBuffer@@U?$less@H@std@@V?$allocator@U?$pair@$$CBHPAVGraphicsBuffer@@@std@@@3@$0A@@std@@@std@@QAE@ABU?$less@H@1@@Z 0043cf00 f i CommonPathfindingLib:GraphicsBufferManager.obj
 0002:00018fc0       ??0?$_Tree_comp_alloc@V?$_Tmap_traits@V?$basic_string@DU?$char_traits@D@std@@V?$allocator@D@2@@std@@HU?$less@V?$basic_string@DU?$char_traits@D@std@@V?$allocator@D@2@@std@@@2@V?$allocator@U?$pair@$$CBV?$basic_string@DU?$char_traits@D@std@@V?$allocator@D@2@@std@@H@std@@@2@$0A@@std@@@std@@QAE@ABU?$less@V?$basic_string@DU?$char_traits@D@std@@V?$allocator@D@2@@std@@@1@@Z 0043cfc0 f i CommonPathfindingLib:GraphicsBufferManager.obj
 0002:00019080       ??0?$_Tree_const_iterator@V?$_Tree_val@U?$_Tree_simple_types@U?$pair@$$CBHPAVGraphicsBuffer@@@std@@@std@@@std@@@std@@QAE@$$QAV01@@Z 0043d080 f i CommonPathfindingLib:GraphicsBufferManager.obj
 0002:000190e0       ??0?$_Tree_const_iterator@V?$_Tree_val@U?$_Tree_simple_types@U?$pair@$$CBHPAVGraphicsBuffer@@@std@@@std@@@std@@@std@@QAE@ABV01@@Z 0043d0e0 f i CommonPathfindingLib:GraphicsBufferManager.obj
 0002:00019140       ??0?$_Tree_const_iterator@V?$_Tree_val@U?$_Tree_simple_types@U?$pair@$$CBHPAVGraphicsBuffer@@@std@@@std@@@std@@@std@@QAE@PAU?$_Tree_node@U?$pair@$$CBHPAVGraphicsBuffer@@@std@@PAX@1@PBV?$_Tree_val@U?$_Tree_simple_types@U?$pair@$$CBHPAVGraphicsBuffer@@@std@@@std@@@1@@Z 0043d140 f i CommonPathfindingLib:GraphicsBufferManager.obj
 0002:000191a0       ??0?$_Tree_const_iterator@V?$_Tree_val@U?$_Tree_simple_types@U?$pair@$$CBHPAVGraphicsBuffer@@@std@@@std@@@std@@@std@@QAE@XZ 0043d1a0 f i CommonPathfindingLib:GraphicsBufferManager.obj
 0002:00019200       ??0?$_Tree_const_iterator@V?$_Tree_val@U?$_Tree_simple_types@U?$pair@$$CBV?$basic_string@DU?$char_traits@D@std@@V?$allocator@D@2@@std@@H@std@@@std@@@std@@@std@@QAE@$$QAV01@@Z 0043d200 f i CommonPathfindingLib:GraphicsBufferManager.obj
 0002:00019260       ??0?$_Tree_const_iterator@V?$_Tree_val@U?$_Tree_simple_types@U?$pair@$$CBV?$basic_string@DU?$char_traits@D@std@@V?$allocator@D@2@@std@@H@std@@@std@@@std@@@std@@QAE@ABV01@@Z 0043d260 f i CommonPathfindingLib:GraphicsBufferManager.obj
 0002:000192c0       ??0?$_Tree_const_iterator@V?$_Tree_val@U?$_Tree_simple_types@U?$pair@$$CBV?$basic_string@DU?$char_traits@D@std@@V?$allocator@D@2@@std@@H@std@@@std@@@std@@@std@@QAE@PAU?$_Tree_node@U?$pair@$$CBV?$basic_string@DU?$char_traits@D@std@@V?$allocator@D@2@@std@@H@std@@PAX@1@PBV?$_Tree_val@U?$_Tree_simple_types@U?$pair@$$CBV?$basic_string@DU?$char_traits@D@std@@V?$allocator@D@2@@std@@H@std@@@std@@@1@@Z 0043d2c0 f i CommonPathfindingLib:GraphicsBufferManager.obj
 0002:00019320       ??0?$_Tree_const_iterator@V?$_Tree_val@U?$_Tree_simple_types@U?$pair@$$CBV?$basic_string@DU?$char_traits@D@std@@V?$allocator@D@2@@std@@H@std@@@std@@@std@@@std@@QAE@XZ 0043d320 f i CommonPathfindingLib:GraphicsBufferManager.obj
 0002:00019380       ??0?$_Tree_iterator@V?$_Tree_val@U?$_Tree_simple_types@U?$pair@$$CBHPAVGraphicsBuffer@@@std@@@std@@@std@@@std@@QAE@$$QAV01@@Z 0043d380 f i CommonPathfindingLib:GraphicsBufferManager.obj
 0002:000193e0       ??0?$_Tree_iterator@V?$_Tree_val@U?$_Tree_simple_types@U?$pair@$$CBHPAVGraphicsBuffer@@@std@@@std@@@std@@@std@@QAE@ABV01@@Z 0043d3e0 f i CommonPathfindingLib:GraphicsBufferManager.obj
 0002:00019440       ??0?$_Tree_iterator@V?$_Tree_val@U?$_Tree_simple_types@U?$pair@$$CBHPAVGraphicsBuffer@@@std@@@std@@@std@@@std@@QAE@PAU?$_Tree_node@U?$pair@$$CBHPAVGraphicsBuffer@@@std@@PAX@1@PBV?$_Tree_val@U?$_Tree_simple_types@U?$pair@$$CBHPAVGraphicsBuffer@@@std@@@std@@@1@@Z 0043d440 f i CommonPathfindingLib:GraphicsBufferManager.obj
 0002:000194a0       ??0?$_Tree_iterator@V?$_Tree_val@U?$_Tree_simple_types@U?$pair@$$CBHPAVGraphicsBuffer@@@std@@@std@@@std@@@std@@QAE@XZ 0043d4a0 f i CommonPathfindingLib:GraphicsBufferManager.obj
 0002:00019500       ??0?$_Tree_iterator@V?$_Tree_val@U?$_Tree_simple_types@U?$pair@$$CBV?$basic_string@DU?$char_traits@D@std@@V?$allocator@D@2@@std@@H@std@@@std@@@std@@@std@@QAE@$$QAV01@@Z 0043d500 f i CommonPathfindingLib:GraphicsBufferManager.obj
 0002:00019560       ??0?$_Tree_iterator@V?$_Tree_val@U?$_Tree_simple_types@U?$pair@$$CBV?$basic_string@DU?$char_traits@D@std@@V?$allocator@D@2@@std@@H@std@@@std@@@std@@@std@@QAE@ABV01@@Z 0043d560 f i CommonPathfindingLib:GraphicsBufferManager.obj
 0002:000195c0       ??0?$_Tree_iterator@V?$_Tree_val@U?$_Tree_simple_types@U?$pair@$$CBV?$basic_string@DU?$char_traits@D@std@@V?$allocator@D@2@@std@@H@std@@@std@@@std@@@std@@QAE@PAU?$_Tree_node@U?$pair@$$CBV?$basic_string@DU?$char_traits@D@std@@V?$allocator@D@2@@std@@H@std@@PAX@1@PBV?$_Tree_val@U?$_Tree_simple_types@U?$pair@$$CBV?$basic_string@DU?$char_traits@D@std@@V?$allocator@D@2@@std@@H@std@@@std@@@1@@Z 0043d5c0 f i CommonPathfindingLib:GraphicsBufferManager.obj
 0002:00019620       ??0?$_Tree_iterator@V?$_Tree_val@U?$_Tree_simple_types@U?$pair@$$CBV?$basic_string@DU?$char_traits@D@std@@V?$allocator@D@2@@std@@H@std@@@std@@@std@@@std@@QAE@XZ 0043d620 f i CommonPathfindingLib:GraphicsBufferManager.obj
 0002:00019680       ??0?$_Tree_unchecked_const_iterator@V?$_Tree_val@U?$_Tree_simple_types@U?$pair@$$CBHPAVGraphicsBuffer@@@std@@@std@@@std@@U_Iterator_base12@2@@std@@QAE@$$QAV01@@Z 0043d680 f i CommonPathfindingLib:GraphicsBufferManager.obj
 0002:000196f0       ??0?$_Tree_unchecked_const_iterator@V?$_Tree_val@U?$_Tree_simple_types@U?$pair@$$CBHPAVGraphicsBuffer@@@std@@@std@@@std@@U_Iterator_base12@2@@std@@QAE@ABV01@@Z 0043d6f0 f i CommonPathfindingLib:GraphicsBufferManager.obj
 0002:00019760       ??0?$_Tree_unchecked_const_iterator@V?$_Tree_val@U?$_Tree_simple_types@U?$pair@$$CBHPAVGraphicsBuffer@@@std@@@std@@@std@@U_Iterator_base12@2@@std@@QAE@PAU?$_Tree_node@U?$pair@$$CBHPAVGraphicsBuffer@@@std@@PAX@1@PBV?$_Tree_val@U?$_Tree_simple_types@U?$pair@$$CBHPAVGraphicsBuffer@@@std@@@std@@@1@@Z 0043d760 f i CommonPathfindingLib:GraphicsBufferManager.obj
 0002:00019820       ??0?$_Tree_unchecked_const_iterator@V?$_Tree_val@U?$_Tree_simple_types@U?$pair@$$CBHPAVGraphicsBuffer@@@std@@@std@@@std@@U_Iterator_base12@2@@std@@QAE@XZ 0043d820 f i CommonPathfindingLib:GraphicsBufferManager.obj
 0002:00019880       ??0?$_Tree_unchecked_const_iterator@V?$_Tree_val@U?$_Tree_simple_types@U?$pair@$$CBV?$basic_string@DU?$char_traits@D@std@@V?$allocator@D@2@@std@@H@std@@@std@@@std@@U_Iterator_base12@2@@std@@QAE@$$QAV01@@Z 0043d880 f i CommonPathfindingLib:GraphicsBufferManager.obj
[...]
 0005:00000064       \177KERNEL32_NULL_THUNK_DATA 00480064     kernel32:KERNEL32.dll
 0005:000000a4       __imp_??6?$basic_ostream@DU?$char_traits@D@std@@@std@@QAEAAV01@P6AAAV01@AAV01@@Z@Z 004800a4     msvcprtd:MSVCP140D.dll
 0005:000000a8       __imp_?widen@?$basic_ios@DU?$char_traits@D@std@@@std@@QBEDD@Z 004800a8     msvcprtd:MSVCP140D.dll
 0005:000000ac       __imp_??5?$basic_istream@DU?$char_traits@D@std@@@std@@QAEAAV01@AAH@Z 004800ac     msvcprtd:MSVCP140D.dll
 0005:000000b0       __imp_??6?$basic_ostream@DU?$char_traits@D@std@@@std@@QAEAAV01@H@Z 004800b0     msvcprtd:MSVCP140D.dll
 0005:000000b4       __imp_?cout@std@@3V?$basic_ostream@DU?$char_traits@D@std@@@1@A 004800b4     msvcprtd:MSVCP140D.dll
 0005:000000b8       __imp_?id@?$codecvt@DDU_Mbstatet@@@std@@2V0locale@2@A 004800b8     msvcprtd:MSVCP140D.dll
 0005:000000bc       __imp_?_BADOFF@std@@3_JB   004800bc     msvcprtd:MSVCP140D.dll
 0005:000000c0       __imp_?xsputn@?$basic_streambuf@DU?$char_traits@D@std@@@std@@MAE_JPBD_J@Z 004800c0     msvcprtd:MSVCP140D.dll
 0005:000000c4       __imp_?xsgetn@?$basic_streambuf@DU?$char_traits@D@std@@@std@@MAE_JPAD_J@Z 004800c4     msvcprtd:MSVCP140D.dll
 0005:000000c8       __imp_?showmanyc@?$basic_streambuf@DU?$char_traits@D@std@@@std@@MAE_JXZ 004800c8     msvcprtd:MSVCP140D.dll
 0005:000000cc       __imp_?_Fiopen@std@@YAPAU_iobuf@@PBDHH@Z 004800cc     msvcprtd:MSVCP140D.dll
 0005:000000d0       __imp_??1?$basic_istream@DU?$char_traits@D@std@@@std@@UAE@XZ 004800d0     msvcprtd:MSVCP140D.dll
 0005:000000d4       __imp_??0?$basic_istream@DU?$char_traits@D@std@@@std@@QAE@PAV?$basic_streambuf@DU?$char_traits@D@std@@@1@_N@Z 004800d4     msvcprtd:MSVCP140D.dll
 0005:000000d8       __imp_?flush@?$basic_ostream@DU?$char_traits@D@std@@@std@@QAEAAV12@XZ 004800d8     msvcprtd:MSVCP140D.dll
 0005:000000dc       __imp_?_Osfx@?$basic_ostream@DU?$char_traits@D@std@@@std@@QAEXXZ 004800dc     msvcprtd:MSVCP140D.dll
 0005:000000e0       __imp_??6?$basic_ostream@DU?$char_traits@D@std@@@std@@QAEAAV01@I@Z 004800e0     msvcprtd:MSVCP140D.dll
 0005:000000e4       __imp_??6?$basic_ostream@DU?$char_traits@D@std@@@std@@QAEAAV01@PBX@Z 004800e4     msvcprtd:MSVCP140D.dll
 0005:000000e8       __imp_?put@?$basic_ostream@DU?$char_traits@D@std@@@std@@QAEAAV12@D@Z 004800e8     msvcprtd:MSVCP140D.dll
 0005:000000ec       __imp_??0_Lockit@std@@QAE@H@Z 004800ec     msvcprtd:MSVCP140D.dll
 0005:000000f0       __imp_??1_Lockit@std@@QAE@XZ 004800f0     msvcprtd:MSVCP140D.dll
 0005:000000f4       __imp_?_Xbad_alloc@std@@YAXXZ 004800f4     msvcprtd:MSVCP140D.dll
 0005:000000f8       __imp_?_Xlength_error@std@@YAXPBD@Z 004800f8     msvcprtd:MSVCP140D.dll
 0005:000000fc       __imp_?_Xout_of_range@std@@YAXPBD@Z 004800fc     msvcprtd:MSVCP140D.dll
 0005:00000100       __imp_?uncaught_exception@std@@YA_NXZ 00480100     msvcprtd:MSVCP140D.dll
 0005:00000104       __imp_?_Debug_message@std@@YAXPB_W0I@Z 00480104     msvcprtd:MSVCP140D.dll
 0005:00000108       __imp_??Bid@locale@std@@QAEIXZ 00480108     msvcprtd:MSVCP140D.dll
 0005:0000010c       __imp_?_Getgloballocale@locale@std@@CAPAV_Locimp@12@XZ 0048010c     msvcprtd:MSVCP140D.dll
 0005:00000110       __imp_?always_noconv@codecvt_base@std@@QBE_NXZ 00480110     msvcprtd:MSVCP140D.dll
 0005:00000114       __imp_?in@?$codecvt@DDU_Mbstatet@@@std@@QBEHAAU_Mbstatet@@PBD1AAPBDPAD3AAPAD@Z 00480114     msvcprtd:MSVCP140D.dll
 0005:00000118       __imp_?out@?$codecvt@DDU_Mbstatet@@@std@@QBEHAAU_Mbstatet@@PBD1AAPBDPAD3AAPAD@Z 00480118     msvcprtd:MSVCP140D.dll
 0005:0000011c       __imp_?unshift@?$codecvt@DDU_Mbstatet@@@std@@QBEHAAU_Mbstatet@@PAD1AAPAD@Z 0048011c     msvcprtd:MSVCP140D.dll
 0005:00000120       __imp_?_Getcat@?$codecvt@DDU_Mbstatet@@@std@@SAIPAPBVfacet@locale@2@PBV42@@Z 00480120     msvcprtd:MSVCP140D.dll
 0005:00000124       __imp_?good@ios_base@std@@QBE_NXZ 00480124     msvcprtd:MSVCP140D.dll
 0005:00000128       __imp_?flags@ios_base@std@@QBEHXZ 00480128     msvcprtd:MSVCP140D.dll
 0005:0000012c       __imp_?width@ios_base@std@@QBE_JXZ 0048012c     msvcprtd:MSVCP140D.dll
 0005:00000130       __imp_?width@ios_base@std@@QAE_J_J@Z 00480130     msvcprtd:MSVCP140D.dll
 0005:00000134       __imp_??0?$basic_streambuf@DU?$char_traits@D@std@@@std@@IAE@XZ 00480134     msvcprtd:MSVCP140D.dll
 0005:00000138       __imp_??1?$basic_streambuf@DU?$char_traits@D@std@@@std@@UAE@XZ 00480138     msvcprtd:MSVCP140D.dll
 0005:0000013c       __imp_?getloc@?$basic_streambuf@DU?$char_traits@D@std@@@std@@QBE?AVlocale@2@XZ 0048013c     msvcprtd:MSVCP140D.dll
 0005:00000140       __imp_?sputc@?$basic_streambuf@DU?$char_traits@D@std@@@std@@QAEHD@Z 00480140     msvcprtd:MSVCP140D.dll
 0005:00000144       __imp_?sputn@?$basic_streambuf@DU?$char_traits@D@std@@@std@@QAE_JPBD_J@Z 00480144     msvcprtd:MSVCP140D.dll
 0005:00000148       __imp_?eback@?$basic_streambuf@DU?$char_traits@D@std@@@std@@IBEPADXZ 00480148     msvcprtd:MSVCP140D.dll
 0005:0000014c       __imp_?gptr@?$basic_streambuf@DU?$char_traits@D@std@@@std@@IBEPADXZ 0048014c     msvcprtd:MSVCP140D.dll
 0005:00000150       __imp_?pptr@?$basic_streambuf@DU?$char_traits@D@std@@@std@@IBEPADXZ 00480150     msvcprtd:MSVCP140D.dll
 0005:00000154       __imp_?egptr@?$basic_streambuf@DU?$char_traits@D@std@@@std@@IBEPADXZ 00480154     msvcprtd:MSVCP140D.dll
 0005:00000158       __imp_?setg@?$basic_streambuf@DU?$char_traits@D@std@@@std@@IAEXPAD00@Z 00480158     msvcprtd:MSVCP140D.dll
 0005:0000015c       __imp_?epptr@?$basic_streambuf@DU?$char_traits@D@std@@@std@@IBEPADXZ 0048015c     msvcprtd:MSVCP140D.dll
 0005:00000160       __imp_?_Gndec@?$basic_streambuf@DU?$char_traits@D@std@@@std@@IAEPADXZ 00480160     msvcprtd:MSVCP140D.dll
 0005:00000164       __imp_?_Gninc@?$basic_streambuf@DU?$char_traits@D@std@@@std@@IAEPADXZ 00480164     msvcprtd:MSVCP140D.dll
 0005:00000168       __imp_?_Pninc@?$basic_streambuf@DU?$char_traits@D@std@@@std@@IAEPADXZ 00480168     msvcprtd:MSVCP140D.dll
 0005:0000016c       __imp_?_Init@?$basic_streambuf@DU?$char_traits@D@std@@@std@@IAEXXZ 0048016c     msvcprtd:MSVCP140D.dll
 0005:00000170       __imp_?_Init@?$basic_streambuf@DU?$char_traits@D@std@@@std@@IAEXPAPAD0PAH001@Z 00480170     msvcprtd:MSVCP140D.dll
 0005:00000174       __imp_??1?$basic_ios@DU?$char_traits@D@std@@@std@@UAE@XZ 00480174     msvcprtd:MSVCP140D.dll
 0005:00000178       __imp_?setstate@?$basic_ios@DU?$char_traits@D@std@@@std@@QAEXH_N@Z 00480178     msvcprtd:MSVCP140D.dll
 0005:0000017c       __imp_?tie@?$basic_ios@DU?$char_traits@D@std@@@std@@QBEPAV?$basic_ostream@DU?$char_traits@D@std@@@2@XZ 0048017c     msvcprtd:MSVCP140D.dll
 0005:00000180       __imp_?rdbuf@?$basic_ios@DU?$char_traits@D@std@@@std@@QBEPAV?$basic_streambuf@DU?$char_traits@D@std@@@2@XZ 00480180     msvcprtd:MSVCP140D.dll
 0005:00000184       __imp_?fill@?$basic_ios@DU?$char_traits@D@std@@@std@@QBEDXZ 00480184     msvcprtd:MSVCP140D.dll
 0005:00000188       __imp_??0?$basic_ios@DU?$char_traits@D@std@@@std@@IAE@XZ 00480188     msvcprtd:MSVCP140D.dll
 0005:0000018c       __imp_??0?$basic_ostream@DU?$char_traits@D@std@@@std@@QAE@PAV?$basic_streambuf@DU?$char_traits@D@std@@@1@_N@Z 0048018c     msvcprtd:MSVCP140D.dll
 0005:00000190       __imp_??1?$basic_ostream@DU?$char_traits@D@std@@@std@@UAE@XZ 00480190     msvcprtd:MSVCP140D.dll
 0005:00000194       \177MSVCP140D_NULL_THUNK_DATA 00480194     msvcprtd:MSVCP140D.dll
 0005:000001f0       __imp____vcrt_GetModuleHandleW 004801f0     vcruntimed:VCRUNTIME140D.dll
 0005:000001f4       __imp____vcrt_GetModuleFileNameW 004801f4     vcruntimed:VCRUNTIME140D.dll
 0005:000001f8       __imp____std_type_info_destroy_list 004801f8     vcruntimed:VCRUNTIME140D.dll
 0005:000001fc       __imp___except_handler4_common 004801fc     vcruntimed:VCRUNTIME140D.dll
 0005:00000200       __imp__memcmp              00480200     vcruntimed:VCRUNTIME140D.dll
 0005:00000204       __imp____RTDynamicCast     00480204     vcruntimed:VCRUNTIME140D.dll
 0005:00000208       __imp___CxxThrowException@8 00480208     vcruntimed:VCRUNTIME140D.dll
 0005:0000020c       __imp____std_exception_destroy 0048020c     vcruntimed:VCRUNTIME140D.dll
 0005:00000210       __imp____std_exception_copy 00480210     vcruntimed:VCRUNTIME140D.dll
 0005:00000214       __imp__memset              00480214     vcruntimed:VCRUNTIME140D.dll
 0005:00000218       __imp____CxxFrameHandler3  00480218     vcruntimed:VCRUNTIME140D.dll
 0005:0000021c       __imp__memmove             0048021c     vcruntimed:VCRUNTIME140D.dll
 0005:00000220       __imp__memcpy              00480220     vcruntimed:VCRUNTIME140D.dll
 0005:00000224       __imp____vcrt_LoadLibraryExW 00480224     vcruntimed:VCRUNTIME140D.dll
 0005:00000228       \177VCRUNTIME140D_NULL_THUNK_DATA 00480228     vcruntimed:VCRUNTIME140D.dll
 0005:0000025c       __imp__al_draw_filled_rectangle 0048025c     allegro-5.0.10-monolith-md:allegro-5.0.10-monolith-md.dll
 0005:00000260       __imp__al_create_display   00480260     allegro-5.0.10-monolith-md:allegro-5.0.10-monolith-md.dll
 0005:00000264       __imp__al_init_primitives_addon 00480264     allegro-5.0.10-monolith-md:allegro-5.0.10-monolith-md.dll
 0005:00000268       __imp__al_shutdown_ttf_addon 00480268     allegro-5.0.10-monolith-md:allegro-5.0.10-monolith-md.dll
 0005:0000026c       __imp__al_destroy_display  0048026c     allegro-5.0.10-monolith-md:allegro-5.0.10-monolith-md.dll
 0005:00000270       __imp__al_set_target_bitmap 00480270     allegro-5.0.10-monolith-md:allegro-5.0.10-monolith-md.dll
 0005:00000274       __imp__al_get_backbuffer   00480274     allegro-5.0.10-monolith-md:allegro-5.0.10-monolith-md.dll
 0005:00000278       __imp__al_get_target_bitmap 00480278     allegro-5.0.10-monolith-md:allegro-5.0.10-monolith-md.dll
 0005:0000027c       __imp__al_flip_display     0048027c     allegro-5.0.10-monolith-md:allegro-5.0.10-monolith-md.dll
 0005:00000280       __imp__al_create_sub_bitmap 00480280     allegro-5.0.10-monolith-md:allegro-5.0.10-monolith-md.dll
 0005:00000284       __imp__al_draw_bitmap      00480284     allegro-5.0.10-monolith-md:allegro-5.0.10-monolith-md.dll
 0005:00000288       __imp__al_draw_rotated_bitmap 00480288     allegro-5.0.10-monolith-md:allegro-5.0.10-monolith-md.dll
 0005:0000028c       __imp__al_create_bitmap    0048028c     allegro-5.0.10-monolith-md:allegro-5.0.10-monolith-md.dll
 0005:00000290       __imp__al_destroy_bitmap   00480290     allegro-5.0.10-monolith-md:allegro-5.0.10-monolith-md.dll
 0005:00000294       __imp__al_clone_bitmap     00480294     allegro-5.0.10-monolith-md:allegro-5.0.10-monolith-md.dll
 0005:00000298       __imp__al_load_bitmap      00480298     allegro-5.0.10-monolith-md:allegro-5.0.10-monolith-md.dll
 0005:0000029c       __imp__al_clear_to_color   0048029c     allegro-5.0.10-monolith-md:allegro-5.0.10-monolith-md.dll
 0005:000002a0       __imp__al_shutdown_primitives_addon 004802a0     allegro-5.0.10-monolith-md:allegro-5.0.10-monolith-md.dll
 0005:000002a4       __imp__al_get_bitmap_height 004802a4     allegro-5.0.10-monolith-md:allegro-5.0.10-monolith-md.dll
 0005:000002a8       __imp__al_get_mouse_state  004802a8     allegro-5.0.10-monolith-md:allegro-5.0.10-monolith-md.dll
 0005:000002ac       __imp__al_mouse_button_down 004802ac     allegro-5.0.10-monolith-md:allegro-5.0.10-monolith-md.dll
 0005:000002b0       __imp__al_get_keyboard_state 004802b0     allegro-5.0.10-monolith-md:allegro-5.0.10-monolith-md.dll
 0005:000002b4       __imp__al_key_down         004802b4     allegro-5.0.10-monolith-md:allegro-5.0.10-monolith-md.dll
 0005:000002b8       __imp__al_install_keyboard 004802b8     allegro-5.0.10-monolith-md:allegro-5.0.10-monolith-md.dll
 0005:000002bc       __imp__al_uninstall_keyboard 004802bc     allegro-5.0.10-monolith-md:allegro-5.0.10-monolith-md.dll
 0005:000002c0       __imp__al_install_mouse    004802c0     allegro-5.0.10-monolith-md:allegro-5.0.10-monolith-md.dll
 0005:000002c4       __imp__al_uninstall_mouse  004802c4     allegro-5.0.10-monolith-md:allegro-5.0.10-monolith-md.dll
 0005:000002c8       __imp__al_install_system   004802c8     allegro-5.0.10-monolith-md:allegro-5.0.10-monolith-md.dll
 0005:000002cc       __imp__al_install_audio    004802cc     allegro-5.0.10-monolith-md:allegro-5.0.10-monolith-md.dll
 0005:000002d0       __imp__al_uninstall_audio  004802d0     allegro-5.0.10-monolith-md:allegro-5.0.10-monolith-md.dll
 0005:000002d4       __imp__al_reserve_samples  004802d4     allegro-5.0.10-monolith-md:allegro-5.0.10-monolith-md.dll
 0005:000002d8       __imp__al_init_acodec_addon 004802d8     allegro-5.0.10-monolith-md:allegro-5.0.10-monolith-md.dll
 0005:000002dc       __imp__al_init_image_addon 004802dc     allegro-5.0.10-monolith-md:allegro-5.0.10-monolith-md.dll
 0005:000002e0       __imp__al_shutdown_image_addon 004802e0     allegro-5.0.10-monolith-md:allegro-5.0.10-monolith-md.dll
 0005:000002e4       __imp__al_destroy_font     004802e4     allegro-5.0.10-monolith-md:allegro-5.0.10-monolith-md.dll
 0005:000002e8       __imp__al_init_font_addon  004802e8     allegro-5.0.10-monolith-md:allegro-5.0.10-monolith-md.dll
 0005:000002ec       __imp__al_shutdown_font_addon 004802ec     allegro-5.0.10-monolith-md:allegro-5.0.10-monolith-md.dll
 0005:000002f0       __imp__al_load_ttf_font    004802f0     allegro-5.0.10-monolith-md:allegro-5.0.10-monolith-md.dll
 0005:000002f4       __imp__al_init_ttf_addon   004802f4     allegro-5.0.10-monolith-md:allegro-5.0.10-monolith-md.dll
 0005:000002f8       __imp__al_get_bitmap_width 004802f8     allegro-5.0.10-monolith-md:allegro-5.0.10-monolith-md.dll
 0005:000002fc       \177allegro-5.0.10-monolith-md_NULL_THUNK_DATA 004802fc     allegro-5.0.10-monolith-md:allegro-5.0.10-monolith-md.dll
 0005:00000348       __imp___time64             00480348     ucrtd:ucrtbased.dll
 0005:0000034c       __imp___wassert            0048034c     ucrtd:ucrtbased.dll
 0005:00000350       __imp____acrt_iob_func     00480350     ucrtd:ucrtbased.dll
 0005:00000354       __imp____stdio_common_vfprintf 00480354     ucrtd:ucrtbased.dll
 0005:00000358       __imp__free                00480358     ucrtd:ucrtbased.dll
 0005:0000035c       __imp__malloc              0048035c     ucrtd:ucrtbased.dll
 0005:00000360       __imp__rand                00480360     ucrtd:ucrtbased.dll
 0005:00000364       __imp___free_dbg           00480364     ucrtd:ucrtbased.dll
 0005:00000368       __imp___malloc_dbg         00480368     ucrtd:ucrtbased.dll
 0005:0000036c       __imp___callnewh           0048036c     ucrtd:ucrtbased.dll
 0005:00000370       __imp___CrtDbgReport       00480370     ucrtd:ucrtbased.dll
 0005:00000374       __imp___seh_filter_dll     00480374     ucrtd:ucrtbased.dll
 0005:00000378       __imp___configure_narrow_argv 00480378     ucrtd:ucrtbased.dll
 0005:0000037c       __imp___initialize_narrow_environment 0048037c     ucrtd:ucrtbased.dll
 0005:00000380       __imp___initialize_onexit_table 00480380     ucrtd:ucrtbased.dll
 0005:00000384       __imp___register_onexit_function 00480384     ucrtd:ucrtbased.dll
 0005:00000388       __imp___execute_onexit_table 00480388     ucrtd:ucrtbased.dll
 0005:0000038c       __imp___crt_atexit         0048038c     ucrtd:ucrtbased.dll
 0005:00000390       __imp___crt_at_quick_exit  00480390     ucrtd:ucrtbased.dll
 0005:00000394       __imp___cexit              00480394     ucrtd:ucrtbased.dll
 0005:00000398       __imp___seh_filter_exe     00480398     ucrtd:ucrtbased.dll
 0005:0000039c       __imp___set_app_type       0048039c     ucrtd:ucrtbased.dll
 0005:000003a0       __imp____setusermatherr    004803a0     ucrtd:ucrtbased.dll
 0005:000003a4       __imp___get_initial_narrow_environment 004803a4     ucrtd:ucrtbased.dll
 0005:000003a8       __imp___initterm           004803a8     ucrtd:ucrtbased.dll
 0005:000003ac       __imp___initterm_e         004803ac     ucrtd:ucrtbased.dll
 0005:000003b0       __imp__exit                004803b0     ucrtd:ucrtbased.dll
 0005:000003b4       __imp___exit               004803b4     ucrtd:ucrtbased.dll
 0005:000003b8       __imp___set_fmode          004803b8     ucrtd:ucrtbased.dll
 0005:000003bc       __imp____p___argc          004803bc     ucrtd:ucrtbased.dll
 0005:000003c0       __imp____p___argv          004803c0     ucrtd:ucrtbased.dll
 0005:000003c4       __imp___c_exit             004803c4     ucrtd:ucrtbased.dll
 0005:000003c8       __imp___register_thread_local_exe_atexit_callback 004803c8     ucrtd:ucrtbased.dll
 0005:000003cc       __imp___configthreadlocale 004803cc     ucrtd:ucrtbased.dll
 0005:000003d0       __imp___set_new_mode       004803d0     ucrtd:ucrtbased.dll
 0005:000003d4       __imp____p__commode        004803d4     ucrtd:ucrtbased.dll
 0005:000003d8       __imp___except1            004803d8     ucrtd:ucrtbased.dll
 0005:000003dc       __imp__strcpy_s            004803dc     ucrtd:ucrtbased.dll
 0005:000003e0       __imp__strcat_s            004803e0     ucrtd:ucrtbased.dll
 0005:000003e4       __imp____stdio_common_vsprintf_s 004803e4     ucrtd:ucrtbased.dll
 0005:000003e8       __imp__terminate           004803e8     ucrtd:ucrtbased.dll
 0005:000003ec       __imp___controlfp_s        004803ec     ucrtd:ucrtbased.dll
 0005:000003f0       __imp___wmakepath_s        004803f0     ucrtd:ucrtbased.dll
 0005:000003f4       __imp___wsplitpath_s       004803f4     ucrtd:ucrtbased.dll
 0005:000003f8       __imp__wcscpy_s            004803f8     ucrtd:ucrtbased.dll
 0005:000003fc       __imp__srand               004803fc     ucrtd:ucrtbased.dll
 0005:00000400       __imp___unlock_file        00480400     ucrtd:ucrtbased.dll
 0005:00000404       __imp___lock_file          00480404     ucrtd:ucrtbased.dll
 0005:00000408       __imp__ungetc              00480408     ucrtd:ucrtbased.dll
 0005:0000040c       __imp__setvbuf             0048040c     ucrtd:ucrtbased.dll
 0005:00000410       __imp__fwrite              00480410     ucrtd:ucrtbased.dll
 0005:00000414       __imp___fseeki64           00480414     ucrtd:ucrtbased.dll
 0005:00000418       __imp__fsetpos             00480418     ucrtd:ucrtbased.dll
 0005:0000041c       __imp__fputc               0048041c     ucrtd:ucrtbased.dll
 0005:00000420       __imp__fgetpos             00480420     ucrtd:ucrtbased.dll
 0005:00000424       __imp__fgetc               00480424     ucrtd:ucrtbased.dll
 0005:00000428       __imp__fflush              00480428     ucrtd:ucrtbased.dll
 0005:0000042c       __imp__fclose              0048042c     ucrtd:ucrtbased.dll
 0005:00000430       __imp___get_stream_buffer_pointers 00480430     ucrtd:ucrtbased.dll
 0005:00000434       __imp__system              00480434     ucrtd:ucrtbased.dll
 0005:00000438       __imp___errno              00480438     ucrtd:ucrtbased.dll
 0005:0000043c       __imp___invalid_parameter_noinfo 0048043c     ucrtd:ucrtbased.dll
 0005:00000440       __imp___CrtDbgReportW      00480440     ucrtd:ucrtbased.dll
 0005:00000444       __imp__strlen              00480444     ucrtd:ucrtbased.dll
 0005:00000448       __imp__atan                00480448     ucrtd:ucrtbased.dll
 0005:0000044c       __imp___invalid_parameter  0048044c     ucrtd:ucrtbased.dll
 0005:00000450       __imp__sqrt                00480450     ucrtd:ucrtbased.dll
 0005:00000454       \177ucrtbased_NULL_THUNK_DATA 00480454     ucrtd:ucrtbased.dll
 0005:000004b4       __IMPORT_DESCRIPTOR_allegro-5.0.10-monolith-md 004804b4     allegro-5.0.10-monolith-md:allegro-5.0.10-monolith-md.dll
 0005:000004c8       __IMPORT_DESCRIPTOR_KERNEL32 004804c8     kernel32:KERNEL32.dll
 0005:000004dc       __IMPORT_DESCRIPTOR_MSVCP140D 004804dc     msvcprtd:MSVCP140D.dll
 0005:000004f0       __IMPORT_DESCRIPTOR_VCRUNTIME140D 004804f0     vcruntimed:VCRUNTIME140D.dll
 0005:00000504       __IMPORT_DESCRIPTOR_ucrtbased 00480504     ucrtd:ucrtbased.dll
 0005:00000518       __NULL_IMPORT_DESCRIPTOR   00480518     allegro-5.0.10-monolith-md:allegro-5.0.10-monolith-md.dll
 0006:00000000       ___guard_check_icall_fptr  00483000     MSVCRTD:guard_support.obj
